 win32ipc

 Timestamp is 5b349a9e (Thu Jun 28 16:21:50 2018)

 Preferred load address is 0000000180000000

 Start         Length     Name                   Class
 0001:00000000 0000dd30H .text$mn                CODE
 0001:0000dd30 00000020H .text$mn$00             CODE
 0001:0000dd50 000003d0H .text$x                 CODE
 0002:00000000 00000260H .idata$5                DATA
 0002:00000260 00000010H .00cfg                  DATA
 0002:00000270 00000008H .CRT$XCA                DATA
 0002:00000278 00000008H .CRT$XCU                DATA
 0002:00000280 00000008H .CRT$XCZ                DATA
 0002:00000288 00000008H .CRT$XIA                DATA
 0002:00000290 00000018H .CRT$XIC                DATA
 0002:000002a8 00000008H .CRT$XIZ                DATA
 0002:000002b0 00000008H .CRT$XPA                DATA
 0002:000002b8 00000010H .CRT$XPX                DATA
 0002:000002c8 00000008H .CRT$XPXA               DATA
 0002:000002d0 00000008H .CRT$XPZ                DATA
 0002:000002d8 00000008H .CRT$XTA                DATA
 0002:000002e0 00000010H .CRT$XTZ                DATA
 0002:000002e8 00000000H .gfids$y                DATA
 0002:000002f0 00007350H .rdata                  DATA
 0002:00007640 0000016cH .rdata$r                DATA
 0002:000077ac 000003b4H .rdata$zzzdbg           DATA
 0002:00007b60 00000008H .rtc$IAA                DATA
 0002:00007b68 00000008H .rtc$IZZ                DATA
 0002:00007b70 00000008H .rtc$TAA                DATA
 0002:00007b78 00000008H .rtc$TZZ                DATA
 0002:00007b80 00000df0H .xdata                  DATA
 0002:00008970 00000084H .xdata$x                DATA
 0002:000089f4 00000020H .didat$2                DATA
 0002:00008a14 00000024H .didat$3                DATA
 0002:00008a38 00000078H .didat$4                DATA
 0002:00008ab0 000003e0H .didat$6                DATA
 0002:00008e90 00000080H .didat$7                DATA
 0002:00008f10 00000054H .edata                  DATA
 0002:00008f64 00000014H .idata$2                DATA
 0002:00008f78 00000018H .idata$3                DATA
 0002:00008f90 00000260H .idata$4                DATA
 0002:000091f0 00000584H .idata$6                DATA
 0003:00000000 00000910H .data                   DATA
 0003:00000910 00000070H .data$r                 DATA
 0003:00000980 00000080H .didat$5                DATA
 0003:00000a00 000011f0H .bss                    DATA
 0004:00000000 00001020H .pdata                  DATA
 0005:00000000 00000060H .rsrc$01                DATA
 0005:00000060 00000180H .rsrc$02                DATA

  Address         Publics by Value              Rva+Base               Lib:Object

 0000:00000000       __guard_iat_count          0000000000000000     <absolute>
 0000:00000000       __dynamic_value_reloc_table 0000000000000000     <absolute>
 0000:00000000       __hybrid_code_map          0000000000000000     <absolute>
 0000:00000000       __hybrid_code_map_count    0000000000000000     <absolute>
 0000:00000000       __guard_iat_table          0000000000000000     <absolute>
 0000:00000000       __hybrid_auxiliary_iat     0000000000000000     <absolute>
 0000:00000000       __guard_longjmp_table      0000000000000000     <absolute>
 0000:00000000       __guard_longjmp_count      0000000000000000     <absolute>
 0000:00000000       __guard_fids_count         0000000000000000     <absolute>
 0000:00000000       __enclave_config           0000000000000000     <absolute>
 0000:00000000       ___safe_se_handler_table   0000000000000000     <absolute>
 0000:00000000       ___safe_se_handler_count   0000000000000000     <absolute>
 0000:00000000       __guard_fids_table         0000000000000000     <absolute>
 0000:00000100       __guard_flags              0000000000000100     <absolute>
 0000:00000000       __ImageBase                0000000180000000     <linker-defined>
 0001:00000000       ?CreatePipe@@YAXAEBV?$FunctionCallbackInfo@VValue@v8@@@v8@@@Z 0000000180001000 f   module.obj
 0001:00000430       ?Init@@YAXV?$Local@VObject@v8@@@v8@@@Z 0000000180001430 f   module.obj
 0001:0000051c       __imp_load_?ThrowException@Isolate@v8@@QEAA?AV?$Local@VValue@v8@@@2@V32@@Z 000000018000151c f   node:node.exe
 0001:00000528       __tailMerge_node_exe       0000000180001528     node:node.exe
 0001:000005a1       __imp_load_?GetCurrent@Isolate@v8@@SAPEAV12@XZ 00000001800015a1 f   node:node.exe
 0001:000005ad       __imp_load_?Error@Exception@v8@@SA?AV?$Local@VValue@v8@@@2@V?$Local@VString@v8@@@2@@Z 00000001800015ad f   node:node.exe
 0001:000005b9       __imp_load_?TypeError@Exception@v8@@SA?AV?$Local@VValue@v8@@@2@V?$Local@VString@v8@@@2@@Z 00000001800015b9 f   node:node.exe
 0001:000005c5       __imp_load_?GetFunction@FunctionTemplate@v8@@QEAA?AV?$Local@VFunction@v8@@@2@XZ 00000001800015c5 f   node:node.exe
 0001:000005d1       __imp_load_?New@FunctionTemplate@v8@@SA?AV?$Local@VFunctionTemplate@v8@@@2@PEAVIsolate@2@P6AXAEBV?$FunctionCallbackInfo@VValue@v8@@@2@@ZV?$Local@VValue@v8@@@2@V?$Local@VSignature@v8@@@2@HW4ConstructorBehavior@2@@Z 00000001800015d1 f   node:node.exe
 0001:000005dd       __imp_load_??1Utf8Value@String@v8@@QEAA@XZ 00000001800015dd f   node:node.exe
 0001:000005e9       __imp_load_??0Utf8Value@String@v8@@QEAA@V?$Local@VValue@v8@@@2@@Z 00000001800015e9 f   node:node.exe
 0001:000005f5       __imp_load_?NewFromUtf8@String@v8@@SA?AV?$Local@VString@v8@@@2@PEAVIsolate@2@PEBDW4NewStringType@12@H@Z 00000001800015f5 f   node:node.exe
 0001:00000601       __imp_load_?New@Number@v8@@SA?AV?$Local@VNumber@v8@@@2@PEAVIsolate@2@N@Z 0000000180001601 f   node:node.exe
 0001:0000060d       __imp_load_?New@Object@v8@@SA?AV?$Local@VObject@v8@@@2@PEAVIsolate@2@@Z 000000018000160d f   node:node.exe
 0001:00000619       __imp_load_?Set@Object@v8@@QEAA_NV?$Local@VValue@v8@@@2@0@Z 0000000180001619 f   node:node.exe
 0001:00000625       __imp_load_node_module_register 0000000180001625 f   node:node.exe
 0001:00000631       __imp_load_?ToString@Value@v8@@QEBA?AV?$Local@VString@v8@@@2@XZ 0000000180001631 f   node:node.exe
 0001:00000650       __security_check_cookie    0000000180001650 f   LIBCMT:_amdsecgs_.obj
 0001:00000994       _DllMainCRTStartup         0000000180001994 f   LIBCMT:dll_dllmain.obj
 0001:000009d4       __raise_securityfailure    00000001800019d4 f   LIBCMT:gs_report.obj
 0001:00000a08       __report_gsfailure         0000000180001a08 f   LIBCMT:gs_report.obj
 0001:00000adc       __report_rangecheckfailure 0000000180001adc f   LIBCMT:gs_report.obj
 0001:00000af0       __report_securityfailure   0000000180001af0 f   LIBCMT:gs_report.obj
 0001:00000c70       __security_init_cookie     0000000180001c70 f   LIBCMT:gs_support.obj
 0001:00000d20       DllMain                    0000000180001d20 f   LIBCMT:dll_dllmain_stub.obj
 0001:00000d20       _get_startup_argv_mode     0000000180001d20 f   LIBCMT:argv_mode.obj
 0001:00000d28       ?__scrt_initialize_type_info@@YAXXZ 0000000180001d28 f   LIBCMT:tncleanup.obj
 0001:00000d38       ?__scrt_uninitialize_type_info@@YAXXZ 0000000180001d38 f   LIBCMT:tncleanup.obj
 0001:00000d44       __local_stdio_printf_options 0000000180001d44 f i LIBCMT:default_local_stdio_options.obj
 0001:00000d4c       __local_stdio_scanf_options 0000000180001d4c f i LIBCMT:default_local_stdio_options.obj
 0001:00000d54       __scrt_initialize_default_local_stdio_options 0000000180001d54 f   LIBCMT:default_local_stdio_options.obj
 0001:00000d70       __scrt_acquire_startup_lock 0000000180001d70 f   LIBCMT:utility.obj
 0001:00000dac       __scrt_dllmain_after_initialize_c 0000000180001dac f   LIBCMT:utility.obj
 0001:00000de0       __scrt_dllmain_before_initialize_c 0000000180001de0 f   LIBCMT:utility.obj
 0001:00000df8       __scrt_dllmain_crt_thread_attach 0000000180001df8 f   LIBCMT:utility.obj
 0001:00000e20       __scrt_dllmain_crt_thread_detach 0000000180001e20 f   LIBCMT:utility.obj
 0001:00000e38       __scrt_dllmain_exception_filter 0000000180001e38 f   LIBCMT:utility.obj
 0001:00000e98       __scrt_dllmain_uninitialize_c 0000000180001e98 f   LIBCMT:utility.obj
 0001:00000ec8       __scrt_dllmain_uninitialize_critical 0000000180001ec8 f   LIBCMT:utility.obj
 0001:00000edc       __scrt_initialize_crt      0000000180001edc f   LIBCMT:utility.obj
 0001:00000f28       __scrt_initialize_onexit_tables 0000000180001f28 f   LIBCMT:utility.obj
 0001:00001004       __scrt_is_nonwritable_in_current_image 0000000180002004 f   LIBCMT:utility.obj
 0001:000010a0       __scrt_release_startup_lock 00000001800020a0 f   LIBCMT:utility.obj
 0001:000010c4       __scrt_uninitialize_crt    00000001800020c4 f   LIBCMT:utility.obj
 0001:000010f0       __scrt_get_dyn_tls_init_callback 00000001800020f0 f   LIBCMT:dyn_tls_init.obj
 0001:000010f8       __crt_debugger_hook        00000001800020f8 f   LIBCMT:utility_desktop.obj
 0001:00001100       __scrt_fastfail            0000000180002100 f   LIBCMT:utility_desktop.obj
 0001:0000124c       _RTC_Initialize            000000018000224c f   LIBCMT:_initsect_.obj
 0001:00001288       _RTC_Terminate             0000000180002288 f   LIBCMT:_initsect_.obj
 0001:000012c4       _guard_check_icall_nop     00000001800022c4 f i LIBCMT:guard_support.obj
 0001:000012c8       __isa_available_init       00000001800022c8 f   LIBCMT:_cpu_disp_.obj
 0001:00001484       __scrt_is_ucrt_dll_in_use  0000000180002484 f   LIBCMT:ucrt_detection.obj
 0001:00001490       __C_specific_handler       0000000180002490 f   libvcruntime:_riscchandler_.obj
 0001:0000169c       __std_type_info_compare    000000018000269c f   libvcruntime:std_type_info.obj
 0001:000016c4       __std_type_info_destroy_list 00000001800026c4 f   libvcruntime:std_type_info.obj
 0001:000016f0       __vcrt_initialize          00000001800026f0 f   libvcruntime:initialization.obj
 0001:00001724       __vcrt_thread_attach       0000000180002724 f   libvcruntime:initialization.obj
 0001:00001738       __vcrt_thread_detach       0000000180002738 f   libvcruntime:initialization.obj
 0001:0000174c       __vcrt_uninitialize        000000018000274c f   libvcruntime:initialization.obj
 0001:0000176c       __vcrt_uninitialize_critical 000000018000276c f   libvcruntime:initialization.obj
 0001:00001790       memset                     0000000180002790 f   libvcruntime:memset.obj
 0001:00001950       _local_unwind              0000000180002950 f   libvcruntime:_jmpuwind_.obj
 0001:00001980       _NLG_Notify                0000000180002980 f   libvcruntime:_jmpuwind_.obj
 0001:000019a0       __NLG_Dispatch2            00000001800029a0 f   libvcruntime:_jmpuwind_.obj
 0001:000019b0       __NLG_Return2              00000001800029b0 f   libvcruntime:_jmpuwind_.obj
 0001:000019b4       __except_validate_context_record 00000001800029b4 f   libvcruntime:jbcxrval.obj
 0001:000019ec       __vcrt_freefls             00000001800029ec f   libvcruntime:per_thread_data.obj
 0001:00001a0c       __vcrt_freeptd             0000000180002a0c f   libvcruntime:per_thread_data.obj
 0001:00001a5c       __vcrt_getptd              0000000180002a5c f   libvcruntime:per_thread_data.obj
 0001:00001a78       __vcrt_getptd_noexit       0000000180002a78 f   libvcruntime:per_thread_data.obj
 0001:00001b30       __vcrt_initialize_ptd      0000000180002b30 f   libvcruntime:per_thread_data.obj
 0001:00001b80       __vcrt_uninitialize_ptd    0000000180002b80 f   libvcruntime:per_thread_data.obj
 0001:00001ba4       __vcrt_initialize_locks    0000000180002ba4 f   libvcruntime:locks.obj
 0001:00001bec       __vcrt_uninitialize_locks  0000000180002bec f   libvcruntime:locks.obj
 0001:00001dfc       __vcrt_FlsAlloc            0000000180002dfc f   libvcruntime:winapi_downlevel.obj
 0001:00001e44       __vcrt_FlsFree             0000000180002e44 f   libvcruntime:winapi_downlevel.obj
 0001:00001e8c       __vcrt_FlsGetValue         0000000180002e8c f   libvcruntime:winapi_downlevel.obj
 0001:00001ed4       __vcrt_FlsSetValue         0000000180002ed4 f   libvcruntime:winapi_downlevel.obj
 0001:00001f28       __vcrt_InitializeCriticalSectionEx 0000000180002f28 f   libvcruntime:winapi_downlevel.obj
 0001:00001f8c       __vcrt_initialize_winapi_thunks 0000000180002f8c f   libvcruntime:winapi_downlevel.obj
 0001:00001fbc       __vcrt_uninitialize_winapi_thunks 0000000180002fbc f   libvcruntime:winapi_downlevel.obj
 0001:00001ffc       __vcrt_initialize_pure_virtual_call_handler 0000000180002ffc f   libvcruntime:purevirt_data.obj
 0001:0000200c       ?_ExecutionInCatch@@YAHPEAU_xDISPATCHER_CONTEXT@@PEBU_s_FuncInfo@@@Z 000000018000300c f   libvcruntime:risctrnsctrl.obj
 0001:00002080       ?_GetEstablisherFrame@@YAPEA_KPEA_KPEAU_xDISPATCHER_CONTEXT@@PEBU_s_FuncInfo@@0@Z 0000000180003080 f   libvcruntime:risctrnsctrl.obj
 0001:0000214c       ?_GetRangeOfTrysToCheck@@YAPEBU_s_TryBlockMapEntry@@PEA_KPEBU_s_FuncInfo@@HHPEAI2PEAU_xDISPATCHER_CONTEXT@@@Z 000000018000314c f   libvcruntime:risctrnsctrl.obj
 0001:00002278       ?__FrameUnwindToEmptyState@@YAXPEA_KPEAU_xDISPATCHER_CONTEXT@@PEBU_s_FuncInfo@@@Z 0000000180003278 f   libvcruntime:risctrnsctrl.obj
 0001:0000230c       _CallSETranslator          000000018000330c f   libvcruntime:risctrnsctrl.obj
 0001:00002360       _CreateFrameInfo           0000000180003360 f   libvcruntime:risctrnsctrl.obj
 0001:0000239c       _FindAndUnlinkFrame        000000018000339c f   libvcruntime:risctrnsctrl.obj
 0001:000023f0       _GetImageBase              00000001800033f0 f   libvcruntime:risctrnsctrl.obj
 0001:00002404       _GetThrowImageBase         0000000180003404 f   libvcruntime:risctrnsctrl.obj
 0001:00002418       _SetImageBase              0000000180003418 f   libvcruntime:risctrnsctrl.obj
 0001:00002430       _SetThrowImageBase         0000000180003430 f   libvcruntime:risctrnsctrl.obj
 0001:00002448       _UnwindNestedFrames        0000000180003448 f   libvcruntime:risctrnsctrl.obj
 0001:0000256c       __CxxFrameHandler3         000000018000356c f   libvcruntime:risctrnsctrl.obj
 0001:00002600       memmove                    0000000180003600 f   libvcruntime:memcpy.obj
 0001:00002600       memcpy                     0000000180003600 f   libvcruntime:memcpy.obj
 0001:00002a48       ?__GetCurrentState@@YAHPEA_KPEAU_xDISPATCHER_CONTEXT@@PEBU_s_FuncInfo@@@Z 0000000180003a48 f   libvcruntime:riscehstate.obj
 0001:00002a70       ?__GetUnwindTryBlock@@YAHPEA_KPEAU_xDISPATCHER_CONTEXT@@PEBU_s_FuncInfo@@@Z 0000000180003a70 f   libvcruntime:riscehstate.obj
 0001:00002a9c       ?__SetState@@YAXPEA_KPEAU_xDISPATCHER_CONTEXT@@PEBU_s_FuncInfo@@H@Z 0000000180003a9c f   libvcruntime:riscehstate.obj
 0001:00002aa8       ?__SetUnwindTryBlock@@YAXPEA_KPEAU_xDISPATCHER_CONTEXT@@PEBU_s_FuncInfo@@H@Z 0000000180003aa8 f   libvcruntime:riscehstate.obj
 0001:00002ae4       ?__StateFromControlPc@@YAHPEBU_s_FuncInfo@@PEAU_xDISPATCHER_CONTEXT@@@Z 0000000180003ae4 f   libvcruntime:riscehstate.obj
 0001:00002aec       ?__StateFromIp@@YAHPEBU_s_FuncInfo@@PEAU_xDISPATCHER_CONTEXT@@_K@Z 0000000180003aec f   libvcruntime:riscehstate.obj
 0001:00002b54       ??0bad_exception@std@@QEAA@AEBV01@@Z 0000000180003b54 f i libvcruntime:frame.obj
 0001:00002b94       ??0bad_exception@std@@QEAA@XZ 0000000180003b94 f i libvcruntime:frame.obj
 0001:00002bb4       ??0exception@std@@QEAA@AEBV01@@Z 0000000180003bb4 f i libvcruntime:frame.obj
 0001:00002bec       ??1bad_exception@std@@UEAA@XZ 0000000180003bec f i libvcruntime:frame.obj
 0001:00002c00       ??_Gbad_exception@std@@UEAAPEAXI@Z 0000000180003c00 f i libvcruntime:frame.obj
 0001:00002c00       ??_Ebad_exception@std@@UEAAPEAXI@Z 0000000180003c00 f i libvcruntime:frame.obj
 0001:00002c00       ??_Gexception@std@@UEAAPEAXI@Z 0000000180003c00 f i libvcruntime:frame.obj
 0001:00002c00       ??_Eexception@std@@UEAAPEAXI@Z 0000000180003c00 f i libvcruntime:frame.obj
 0001:0000356c       ?_CallMemberFunction1@@YAXQEAX00@Z 000000018000456c f i libvcruntime:frame.obj
 0001:00003578       ?_CallMemberFunction2@@YAXQEAX00H@Z 0000000180004578 f i libvcruntime:frame.obj
 0001:00003588       ?what@exception@std@@UEBAPEBDXZ 0000000180004588 f i libvcruntime:frame.obj
 0001:0000359c       __BuildCatchObject         000000018000459c f   libvcruntime:frame.obj
 0001:0000365c       __BuildCatchObjectHelper   000000018000465c f   libvcruntime:frame.obj
 0001:0000385c       __CxxCallCatchBlock        000000018000485c f   libvcruntime:frame.obj
 0001:00003a48       __FrameUnwindToState       0000000180004a48 f   libvcruntime:frame.obj
 0001:00003bdc       __InternalCxxFrameHandler  0000000180004bdc f   libvcruntime:frame.obj
 0001:00003e20       __TypeMatch                0000000180004e20 f   libvcruntime:frame.obj
 0001:00003f80       _CallSettingFrame          0000000180004f80 f   libvcruntime:handlers.obj
 0001:00003fc0       __DestructExceptionObject  0000000180004fc0 f   libvcruntime:ehhelpers.obj
 0001:00004034       ?_CallMemberFunction0@@YAXQEAX0@Z 0000000180005034 f i libvcruntime:ehhelpers.obj
 0001:00004038       _IsExceptionObjectToBeDestroyed 0000000180005038 f   libvcruntime:ehhelpers.obj
 0001:00004068       __AdjustPointer            0000000180005068 f   libvcruntime:ehhelpers.obj
 0001:0000408c       __FrameUnwindFilter        000000018000508c f   libvcruntime:ehhelpers.obj
 0001:000040d8       __std_exception_copy       00000001800050d8 f   libvcruntime:std_exception.obj
 0001:00004168       __std_exception_destroy    0000000180005168 f   libvcruntime:std_exception.obj
 0001:00004190       _CxxThrowException         0000000180005190 f   libvcruntime:throw.obj
 0001:00004250       ??0_LocaleUpdate@@QEAA@QEAU__crt_locale_pointers@@@Z 0000000180005250 f i libucrt:stricmp.obj
 0001:000042ec       ??1_LocaleUpdate@@QEAA@XZ  00000001800052ec f i libucrt:stricmp.obj
 0001:00004300       __ascii_stricmp            0000000180005300 f   libucrt:stricmp.obj
 0001:00004340       _stricmp                   0000000180005340 f   libucrt:stricmp.obj
 0001:00004388       _stricmp_l                 0000000180005388 f   libucrt:stricmp.obj
 0001:0000443c       _initterm                  000000018000543c f   libucrt:initterm.obj
 0001:000044a0       _initterm_e                00000001800054a0 f   libucrt:initterm.obj
 0001:000044e0       _seh_filter_dll            00000001800054e0 f   libucrt:exception_filter.obj
 0001:000044f4       _seh_filter_exe            00000001800054f4 f   libucrt:exception_filter.obj
 0001:000048ec       __acrt_initialize_thread_local_exit_callback 00000001800058ec f   libucrt:exit.obj
 0001:000048f4       _cexit                     00000001800058f4 f   libucrt:exit.obj
 0001:00004904       _exit                      0000000180005904 f   libucrt:exit.obj
 0001:00004910       _is_c_termination_complete 0000000180005910 f   libucrt:exit.obj
 0001:00004adc       __acrt_allocate_buffer_for_argv 0000000180005adc f   libucrt:argv_parsing.obj
 0001:00004b3c       _configure_narrow_argv     0000000180005b3c f   libucrt:argv_parsing.obj
 0001:00004eb4       __dcrt_uninitialize_environments_nolock 0000000180005eb4 f   libucrt:environment_initialization.obj
 0001:00004eec       _initialize_narrow_environment 0000000180005eec f   libucrt:environment_initialization.obj
 0001:0000507c       _execute_onexit_table      000000018000607c f   libucrt:onexit.obj
 0001:000050b8       _initialize_onexit_table   00000001800060b8 f   libucrt:onexit.obj
 0001:00005130       __acrt_uninitialize_command_line 0000000180006130 f   libucrt:argv_data.obj
 0001:0000523c       __acrt_initialize          000000018000623c f   libucrt:initialization.obj
 0001:00005250       __acrt_thread_attach       0000000180006250 f   libucrt:initialization.obj
 0001:00005264       __acrt_thread_detach       0000000180006264 f   libucrt:initialization.obj
 0001:00005274       __acrt_uninitialize        0000000180006274 f   libucrt:initialization.obj
 0001:000052ac       __acrt_uninitialize_critical 00000001800062ac f   libucrt:initialization.obj
 0001:000052bc       terminate                  00000001800062bc f   libucrt:terminate.obj
 0001:000052dc       free                       00000001800062dc f   libucrt:free.obj
 0001:000052f0       malloc                     00000001800062f0 f   libucrt:malloc.obj
 0001:000052f8       strcpy_s                   00000001800062f8 f   libucrt:strcpy_s.obj
 0001:00005380       strncmp                    0000000180006380 f   libucrt:strncmp.obj
 0001:00005400       abort                      0000000180006400 f   libucrt:abort.obj
 0001:00005458       calloc                     0000000180006458 f   libucrt:calloc.obj
 0001:00005460       wcsncmp                    0000000180006460 f   libucrt:wcsncmp.obj
 0001:0000548c       __acrt_call_reportfault    000000018000648c f   libucrt:invalid_parameter.obj
 0001:000055e8       __acrt_initialize_invalid_parameter_handler 00000001800065e8 f   libucrt:invalid_parameter.obj
 0001:000055f0       _invalid_parameter         00000001800065f0 f   libucrt:invalid_parameter.obj
 0001:000056a0       _invalid_parameter_noinfo  00000001800066a0 f   libucrt:invalid_parameter.obj
 0001:000056c0       _invoke_watson             00000001800066c0 f   libucrt:invalid_parameter.obj
 0001:00005708       __acrt_errno_from_os_error 0000000180006708 f   libucrt:errno.obj
 0001:00005750       __acrt_errno_map_os_error  0000000180006750 f   libucrt:errno.obj
 0001:000057a0       __doserrno                 00000001800067a0 f   libucrt:errno.obj
 0001:000057c0       _errno                     00000001800067c0 f   libucrt:errno.obj
 0001:00005830       _tolower_l                 0000000180006830 f   libucrt:tolower_toupper.obj
 0001:00005ce8       __acrt_freeptd             0000000180006ce8 f   libucrt:per_thread_data.obj
 0001:00005d2c       __acrt_getptd              0000000180006d2c f   libucrt:per_thread_data.obj
 0001:00005df0       __acrt_getptd_head         0000000180006df0 f   libucrt:per_thread_data.obj
 0001:00005e98       __acrt_getptd_noexit       0000000180006e98 f   libucrt:per_thread_data.obj
 0001:00005f50       __acrt_initialize_ptd      0000000180006f50 f   libucrt:per_thread_data.obj
 0001:00005f8c       __acrt_uninitialize_ptd    0000000180006f8c f   libucrt:per_thread_data.obj
 0001:00005fb0       __acrt_update_locale_info  0000000180006fb0 f   libucrt:locale_update.obj
 0001:00005fe4       __acrt_update_multibyte_info 0000000180006fe4 f   libucrt:locale_update.obj
 0001:00006088       __acrt_set_locale_changed  0000000180007088 f   libucrt:wsetlocale.obj
 0001:00006094       __acrt_uninitialize_locale 0000000180007094 f   libucrt:wsetlocale.obj
 0001:000060c4       __acrt_initialize_locks    00000001800070c4 f   libucrt:locks.obj
 0001:0000610c       __acrt_lock                000000018000710c f   libucrt:locks.obj
 0001:00006128       __acrt_uninitialize_locks  0000000180007128 f   libucrt:locks.obj
 0001:00006160       __acrt_unlock              0000000180007160 f   libucrt:locks.obj
 0001:0000617c       __acrt_get_process_end_policy 000000018000717c f   libucrt:win_policies.obj
 0001:000061b8       _calloc_base               00000001800071b8 f   libucrt:calloc_base.obj
 0001:00006230       _free_base                 0000000180007230 f   libucrt:free_base.obj
 0001:000067d8       __acrt_expand_narrow_argv_wildcards 00000001800077d8 f   libucrt:argv_wildcards.obj
 0001:000067e0       __acrt_GetModuleFileNameA  00000001800077e0 f   libucrt:getmodulefilenamea.obj
 0001:00006f88       __acrt_initialize_multibyte 0000000180007f88 f   libucrt:mbctype.obj
 0001:00006fe8       __acrt_update_thread_multibyte_data 0000000180007fe8 f   libucrt:mbctype.obj
 0001:00007004       _setmbcp_nolock            0000000180008004 f   libucrt:mbctype.obj
 0001:00007334       _ismbblead                 0000000180008334 f   libucrt:ismbbyte.obj
 0001:00007348       __acrt_initialize_command_line 0000000180008348 f   libucrt:argv_data.obj
 0001:00007370       __acrt_MultiByteToWideChar 0000000180008370 f   libucrt:multibytetowidechar.obj
 0001:000073cc       __acrt_WideCharToMultiByte 00000001800083cc f   libucrt:widechartomultibyte.obj
 0001:00007464       __dcrt_get_narrow_environment_from_os 0000000180008464 f   libucrt:get_environment_from_os.obj
 0001:00007568       _recalloc                  0000000180008568 f   libucrt:recalloc.obj
 0001:00007570       _recalloc_base             0000000180008570 f   libucrt:recalloc.obj
 0001:000077e0       __acrt_AppPolicyGetProcessTerminationMethodInternal 00000001800087e0 f   libucrt:winapi_thunks.obj
 0001:00007830       __acrt_FlsAlloc            0000000180008830 f   libucrt:winapi_thunks.obj
 0001:00007878       __acrt_FlsFree             0000000180008878 f   libucrt:winapi_thunks.obj
 0001:000078c0       __acrt_FlsGetValue         00000001800088c0 f   libucrt:winapi_thunks.obj
 0001:00007908       __acrt_FlsSetValue         0000000180008908 f   libucrt:winapi_thunks.obj
 0001:0000795c       __acrt_InitializeCriticalSectionEx 000000018000895c f   libucrt:winapi_thunks.obj
 0001:000079c0       __acrt_LCMapStringEx       00000001800089c0 f   libucrt:winapi_thunks.obj
 0001:00007a9c       __acrt_LocaleNameToLCID    0000000180008a9c f   libucrt:winapi_thunks.obj
 0001:00007aec       __acrt_initialize_winapi_thunks 0000000180008aec f   libucrt:winapi_thunks.obj
 0001:00007b34       __acrt_uninitialize_winapi_thunks 0000000180008b34 f   libucrt:winapi_thunks.obj
 0001:00007b78       __acrt_initialize_heap     0000000180008b78 f   libucrt:heap_handle.obj
 0001:00007b94       __acrt_uninitialize_heap   0000000180008b94 f   libucrt:heap_handle.obj
 0001:00007d88       __acrt_initialize_lowio    0000000180008d88 f   libucrt:ioinit.obj
 0001:00007dc4       __acrt_uninitialize_lowio  0000000180008dc4 f   libucrt:ioinit.obj
 0001:00007e04       __acrt_execute_initializers 0000000180008e04 f   libucrt:shared_initialization.obj
 0001:00007e84       __acrt_execute_uninitializers 0000000180008e84 f   libucrt:shared_initialization.obj
 0001:00007ec0       __acrt_initialize_new_handler 0000000180008ec0 f   libucrt:new_handler.obj
 0001:00007ec8       _callnewh                  0000000180008ec8 f   libucrt:new_handler.obj
 0001:00007ef8       _query_new_handler         0000000180008ef8 f   libucrt:new_handler.obj
 0001:00007f74       __acrt_get_sigabrt_handler 0000000180008f74 f   libucrt:signal.obj
 0001:00007fa4       __acrt_initialize_signal_handlers 0000000180008fa4 f   libucrt:signal.obj
 0001:00007fc4       raise                      0000000180008fc4 f   libucrt:signal.obj
 0001:00008244       __acrt_has_user_matherr    0000000180009244 f   libucrt:matherr.obj
 0001:00008264       __acrt_initialize_user_matherr 0000000180009264 f   libucrt:matherr.obj
 0001:0000826c       __acrt_invoke_user_matherr 000000018000926c f   libucrt:matherr.obj
 0001:00008478       __acrt_stdio_flush_nolock  0000000180009478 f   libucrt:fflush.obj
 0001:000084f4       _fflush_nolock             00000001800094f4 f   libucrt:fflush.obj
 0001:00008540       _flushall                  0000000180009540 f   libucrt:fflush.obj
 0001:00008548       __acrt_initialize_stdio    0000000180009548 f   libucrt:_file.obj
 0001:00008668       __acrt_uninitialize_stdio  0000000180009668 f   libucrt:_file.obj
 0001:000086c4       _lock_file                 00000001800096c4 f   libucrt:_file.obj
 0001:000086d0       _unlock_file               00000001800096d0 f   libucrt:_file.obj
 0001:000086dc       _malloc_base               00000001800096dc f   libucrt:malloc_base.obj
 0001:0000873c       _mbtowc_l                  000000018000973c f   libucrt:mbtowc.obj
 0001:000088b8       mbtowc                     00000001800098b8 f   libucrt:mbtowc.obj
 0001:000088c0       _fileno                    00000001800098c0 f   libucrt:fileno.obj
 0001:000088e8       __pctype_func              00000001800098e8 f   libucrt:ctype.obj
 0001:00008918       _isctype_l                 0000000180009918 f   libucrt:isctype.obj
 0001:00008a2c       _isleadbyte_l              0000000180009a2c f i libucrt:_wctype.obj
 0001:00008d84       __acrt_LCMapStringA        0000000180009d84 f   libucrt:lcmapstringa.obj
 0001:00008e1c       __acrt_add_locale_ref      0000000180009e1c f   libucrt:locale_refcounting.obj
 0001:00008ea8       __acrt_free_locale         0000000180009ea8 f   libucrt:locale_refcounting.obj
 0001:00009020       __acrt_locale_add_lc_time_reference 000000018000a020 f   libucrt:locale_refcounting.obj
 0001:00009048       __acrt_locale_free_lc_time_if_unreferenced 000000018000a048 f   libucrt:locale_refcounting.obj
 0001:00009080       __acrt_locale_release_lc_time_reference 000000018000a080 f   libucrt:locale_refcounting.obj
 0001:000090a8       __acrt_release_locale_ref  000000018000a0a8 f   libucrt:locale_refcounting.obj
 0001:00009150       __acrt_update_thread_locale_data 000000018000a150 f   libucrt:locale_refcounting.obj
 0001:000091c0       _updatetlocinfoEx_nolock   000000018000a1c0 f   libucrt:locale_refcounting.obj
 0001:00009228       __acrt_locale_free_monetary 000000018000a228 f   libucrt:initmon.obj
 0001:00009334       __acrt_locale_free_numeric 000000018000a334 f   libucrt:initnum.obj
 0001:000093f4       __acrt_locale_free_time    000000018000a3f4 f   libucrt:inittime.obj
 0001:000094fc       __acrt_GetStringTypeA      000000018000a4fc f   libucrt:getstringtypea.obj
 0001:0000968c       _query_new_mode            000000018000a68c f   libucrt:new_mode.obj
 0001:000096a0       qsort                      000000018000a6a0 f   libucrt:qsort.obj
 0001:00009a50       strncpy_s                  000000018000aa50 f   libucrt:strncpy_s.obj
 0001:00009be0       strpbrk                    000000018000abe0 f   libucrt:strpbrk.obj
 0001:00009fc0       ??$__acrt_convert_wcs_mbs@D_W$$A6A_KPEA_WPEBD_KPEAU__crt_locale_pointers@@@ZU__crt_win32_buffer_internal_dynamic_resizing@@@@YAHQEBDAEAV?$__crt_win32_buffer@_WU__crt_win32_buffer_internal_dynamic_resizing@@@@A6A_KPEA_WPEBD_KPEAU__crt_locale_pointers@@@Z5@Z 000000018000afc0 f i libucrt:findfirstfileexa.obj
 0001:0000a0c8       __acrt_FindFirstFileExA    000000018000b0c8 f   libucrt:findfirstfileexa.obj
 0001:0000a16c       ??$__acrt_convert_wcs_mbs@_WD$$A6A_KPEADPEB_W_KPEAU__crt_locale_pointers@@@ZU__crt_win32_buffer_no_resizing@@@@YAHQEB_WAEAV?$__crt_win32_buffer@DU__crt_win32_buffer_no_resizing@@@@A6A_KPEADPEB_W_KPEAU__crt_locale_pointers@@@Z5@Z 000000018000b16c f i libucrt:findnextfilea.obj
 0001:0000a238       __acrt_FindNextFileA       000000018000b238 f   libucrt:findnextfilea.obj
 0001:0000a36c       _mbsdec                    000000018000b36c f   libucrt:mbsdec.obj
 0001:0000a374       _mbsdec_l                  000000018000b374 f   libucrt:mbsdec.obj
 0001:0000a60c       _mbstowcs_l                000000018000b60c f   libucrt:mbstowcs.obj
 0001:0000a614       mbstowcs                   000000018000b614 f   libucrt:mbstowcs.obj
 0001:0000a648       _msize                     000000018000b648 f   libucrt:msize.obj
 0001:0000a650       _msize_base                000000018000b650 f   libucrt:msize.obj
 0001:0000a68c       _realloc_base              000000018000b68c f   libucrt:realloc_base.obj
 0001:0000a7f0       __acrt_DownlevelLocaleNameToLCID 000000018000b7f0 f   libucrt:lcidtoname_downlevel.obj
 0001:0000a824       __acrt_lowio_create_handle_array 000000018000b824 f   libucrt:osfinfo.obj
 0001:0000a8bc       __acrt_lowio_destroy_handle_array 000000018000b8bc f   libucrt:osfinfo.obj
 0001:0000a90c       __acrt_lowio_ensure_fh_exists 000000018000b90c f   libucrt:osfinfo.obj
 0001:0000a9b4       __acrt_lowio_lock_fh       000000018000b9b4 f   libucrt:osfinfo.obj
 0001:0000a9d8       __acrt_lowio_unlock_fh     000000018000b9d8 f   libucrt:osfinfo.obj
 0001:0000a9fc       _free_osfhnd               000000018000b9fc f   libucrt:osfinfo.obj
 0001:0000aab8       _get_osfhandle             000000018000bab8 f   libucrt:osfinfo.obj
 0001:0000abbc       _commit                    000000018000bbbc f   libucrt:commit.obj
 0001:0000b1f8       _write                     000000018000c1f8 f   libucrt:write.obj
 0001:0000b2e4       _write_nolock              000000018000c2e4 f   libucrt:write.obj
 0001:0000b5c4       _fcloseall                 000000018000c5c4 f   libucrt:closeall.obj
 0001:0000b678       __acrt_stdio_free_buffer_nolock 000000018000c678 f   libucrt:_freebuf.obj
 0001:0000b6b8       _isatty                    000000018000c6b8 f   libucrt:isatty.obj
 0001:0000b718       ?__mbrtowc_utf8@__crt_mbstring@@YA_KPEA_WPEBD_KPEAU_Mbstatet@@@Z 000000018000c718 f   libucrt:mbrtowc.obj
 0001:0000b754       ?__mbsrtowcs_utf8@__crt_mbstring@@YA_KPEA_WPEAPEBD_KPEAU_Mbstatet@@@Z 000000018000c754 f   libucrt:mbrtowc.obj
 0001:0000b8cc       __strncnt                  000000018000c8cc f   libucrt:strncnt.obj
 0001:0000bc4c       _wcstombs_l                000000018000cc4c f   libucrt:wcstombs.obj
 0001:0000bc54       _query_app_type            000000018000cc54 f   libucrt:report_runtime_error.obj
 0001:0000bcf8       _lseeki64_nolock           000000018000ccf8 f   libucrt:lseek.obj
 0001:0000bd00       _putwch_nolock             000000018000cd00 f   libucrt:putwch.obj
 0001:0000bd3c       _fclose_nolock             000000018000cd3c f   libucrt:fclose.obj
 0001:0000bdc0       fclose                     000000018000cdc0 f   libucrt:fclose.obj
 0001:0000be24       ?__mbrtoc32_utf8@__crt_mbstring@@YA_KPEA_UPEBD_KPEAU_Mbstatet@@@Z 000000018000ce24 f   libucrt:mbrtoc32.obj
 0001:0000c000       log10                      000000018000d000 f   libucrt:log10.obj
 0001:0000c5ac       ?__wcsrtombs_utf8@__crt_mbstring@@YA_KPEADPEAPEB_W_KPEAU_Mbstatet@@@Z 000000018000d5ac f   libucrt:wcrtomb.obj
 0001:0000c6c8       __dcrt_lowio_ensure_console_output_initialized 000000018000d6c8 f   libucrt:initcon.obj
 0001:0000c71c       __dcrt_terminate_console_output 000000018000d71c f   libucrt:initcon.obj
 0001:0000c738       __dcrt_write_console       000000018000d738 f   libucrt:initcon.obj
 0001:0000c86c       _close                     000000018000d86c f   libucrt:close.obj
 0001:0000c910       _close_nolock              000000018000d910 f   libucrt:close.obj
 0001:0000c9cc       ?__acrt_stdio_free_stream@@YAXV__crt_stdio_stream@@@Z 000000018000d9cc f   libucrt:stream.obj
 0001:0000cb0c       _handle_error              000000018000db0c f   libucrt:libm_error.obj
 0001:0000cc40       __acrt_initialize_fma3     000000018000dc40 f   libucrt:fma3_available.obj
 0001:0000ccb0       _log10_special             000000018000dcb0 f   libucrt:log_special.obj
 0001:0000cd68       ?__c16rtomb_utf8@__crt_mbstring@@YA_KPEAD_SPEAU_Mbstatet@@@Z 000000018000dd68 f   libucrt:c16rtomb.obj
 0001:0000ce20       _get_fpsr                  000000018000de20 f   libucrt:fpsr.obj
 0001:0000ce30       _set_fpsr                  000000018000de30 f   libucrt:fpsr.obj
 0001:0000ce3a       _fclrf                     000000018000de3a f   libucrt:fpsr.obj
 0001:0000ce4e       _frnd                      000000018000de4e f   libucrt:fpsr.obj
 0001:0000ce70       _raise_exc                 000000018000de70 f   libucrt:fpexcept.obj
 0001:0000ce98       _raise_exc_ex              000000018000de98 f   libucrt:fpexcept.obj
 0001:0000d1a8       _set_errno_from_matherr    000000018000e1a8 f   libucrt:fpexcept.obj
 0001:0000d1d8       _clrfp                     000000018000e1d8 f   libucrt:fpctrl.obj
 0001:0000d1f8       _ctrlfp                    000000018000e1f8 f   libucrt:fpctrl.obj
 0001:0000d274       _set_statfp                000000018000e274 f   libucrt:fpctrl.obj
 0001:0000d294       _statfp                    000000018000e294 f   libucrt:fpctrl.obj
 0001:0000d2a8       ?__c32rtomb_utf8@__crt_mbstring@@YA_KPEAD_UPEAU_Mbstatet@@@Z 000000018000e2a8 f   libucrt:c32rtomb.obj
 0001:0000d360       c32rtomb                   000000018000e360 f   libucrt:c32rtomb.obj
 0001:0000d365       IsProcessorFeaturePresent  000000018000e365 f   kernel32:KERNEL32.dll
 0001:0000d36b       RtlUnwindEx                000000018000e36b f   kernel32:KERNEL32.dll
 0001:0000d374       ?DloadAcquireSectionWriteAccess@@YAXXZ 000000018000e374 f i DelayImp:delayhlp.obj
 0001:0000d420       ?DloadGetSRWLockFunctionPointers@@YAEXZ 000000018000e420 f i DelayImp:delayhlp.obj
 0001:0000d4bc       ?DloadMakePermanentImageCommit@@YAXPEAX_K@Z 000000018000e4bc f i DelayImp:delayhlp.obj
 0001:0000d554       ?DloadObtainSection@@YAPEAXPEAK0@Z 000000018000e554 f i DelayImp:delayhlp.obj
 0001:0000d5f0       ?DloadProtectSection@@YAXKPEAK@Z 000000018000e5f0 f i DelayImp:delayhlp.obj
 0001:0000d680       ?DloadReleaseSectionWriteAccess@@YAXXZ 000000018000e680 f i DelayImp:delayhlp.obj
 0001:0000d714       __delayLoadHelper2         000000018000e714 f   DelayImp:delayhlp.obj
 0001:0000d9e0       _FindPESection             000000018000e9e0 f   LIBCMT:pesect.obj
 0001:0000da30       _IsNonwritableInCurrentImage 000000018000ea30 f   LIBCMT:pesect.obj
 0001:0000da80       _ValidateImageBase         000000018000ea80 f   LIBCMT:pesect.obj
 0001:0000dab0       __GSHandlerCheck           000000018000eab0 f   LIBCMT:_gshandler_.obj
 0001:0000dad0       __GSHandlerCheckCommon     000000018000ead0 f   LIBCMT:_gshandler_.obj
 0001:0000db2c       ??_Etype_info@@UEAAPEAXI@Z 000000018000eb2c f i LIBCMT:std_type_info_static.obj
 0001:0000db2c       ??_Gtype_info@@UEAAPEAXI@Z 000000018000eb2c f i LIBCMT:std_type_info_static.obj
 0001:0000db58       ??3@YAXPEAX_K@Z            000000018000eb58 f   LIBCMT:delete_scalar_size.obj
 0001:0000db70       _alloca_probe              000000018000eb70 f   LIBCMT:_chkstk_.obj
 0001:0000db70       __chkstk                   000000018000eb70 f   LIBCMT:_chkstk_.obj
 0001:0000dbc4       __GSHandlerCheck_EH        000000018000ebc4 f   LIBCMT:gshandlereh.obj
 0001:0000dc44       ??3@YAXPEAX@Z              000000018000ec44 f   LIBCMT:delete_scalar.obj
 0001:0000dc60       memcmp                     000000018000ec60 f   libvcruntime:memcmp.obj
 0001:0000dd40       _guard_dispatch_icall_nop  000000018000ed40 f   LIBCMT:_guard_dispatch_.obj
 0002:00000000       __imp_SetHandleInformation 0000000180010000     kernel32:KERNEL32.dll
 0002:00000008       __imp_CreatePipe           0000000180010008     kernel32:KERNEL32.dll
 0002:00000010       __imp_CloseHandle          0000000180010010     kernel32:KERNEL32.dll
 0002:00000018       __imp_GetModuleHandleA     0000000180010018     kernel32:KERNEL32.dll
 0002:00000020       __imp_VirtualQuery         0000000180010020     kernel32:KERNEL32.dll
 0002:00000028       __imp_RtlCaptureContext    0000000180010028     kernel32:KERNEL32.dll
 0002:00000030       __imp_RtlLookupFunctionEntry 0000000180010030     kernel32:KERNEL32.dll
 0002:00000038       __imp_RtlVirtualUnwind     0000000180010038     kernel32:KERNEL32.dll
 0002:00000040       __imp_UnhandledExceptionFilter 0000000180010040     kernel32:KERNEL32.dll
 0002:00000048       __imp_SetUnhandledExceptionFilter 0000000180010048     kernel32:KERNEL32.dll
 0002:00000050       __imp_GetCurrentProcess    0000000180010050     kernel32:KERNEL32.dll
 0002:00000058       __imp_TerminateProcess     0000000180010058     kernel32:KERNEL32.dll
 0002:00000060       __imp_IsProcessorFeaturePresent 0000000180010060     kernel32:KERNEL32.dll
 0002:00000068       __imp_QueryPerformanceCounter 0000000180010068     kernel32:KERNEL32.dll
 0002:00000070       __imp_GetCurrentProcessId  0000000180010070     kernel32:KERNEL32.dll
 0002:00000078       __imp_GetCurrentThreadId   0000000180010078     kernel32:KERNEL32.dll
 0002:00000080       __imp_GetSystemTimeAsFileTime 0000000180010080     kernel32:KERNEL32.dll
 0002:00000088       __imp_InitializeSListHead  0000000180010088     kernel32:KERNEL32.dll
 0002:00000090       __imp_IsDebuggerPresent    0000000180010090     kernel32:KERNEL32.dll
 0002:00000098       __imp_GetStartupInfoW      0000000180010098     kernel32:KERNEL32.dll
 0002:000000a0       __imp_GetModuleHandleW     00000001800100a0     kernel32:KERNEL32.dll
 0002:000000a8       __imp_RtlUnwindEx          00000001800100a8     kernel32:KERNEL32.dll
 0002:000000b0       __imp_InterlockedFlushSList 00000001800100b0     kernel32:KERNEL32.dll
 0002:000000b8       __imp_GetLastError         00000001800100b8     kernel32:KERNEL32.dll
 0002:000000c0       __imp_SetLastError         00000001800100c0     kernel32:KERNEL32.dll
 0002:000000c8       __imp_EnterCriticalSection 00000001800100c8     kernel32:KERNEL32.dll
 0002:000000d0       __imp_LeaveCriticalSection 00000001800100d0     kernel32:KERNEL32.dll
 0002:000000d8       __imp_DeleteCriticalSection 00000001800100d8     kernel32:KERNEL32.dll
 0002:000000e0       __imp_InitializeCriticalSectionAndSpinCount 00000001800100e0     kernel32:KERNEL32.dll
 0002:000000e8       __imp_TlsAlloc             00000001800100e8     kernel32:KERNEL32.dll
 0002:000000f0       __imp_TlsGetValue          00000001800100f0     kernel32:KERNEL32.dll
 0002:000000f8       __imp_TlsSetValue          00000001800100f8     kernel32:KERNEL32.dll
 0002:00000100       __imp_TlsFree              0000000180010100     kernel32:KERNEL32.dll
 0002:00000108       __imp_FreeLibrary          0000000180010108     kernel32:KERNEL32.dll
 0002:00000110       __imp_GetProcAddress       0000000180010110     kernel32:KERNEL32.dll
 0002:00000118       __imp_LoadLibraryExW       0000000180010118     kernel32:KERNEL32.dll
 0002:00000120       __imp_EncodePointer        0000000180010120     kernel32:KERNEL32.dll
 0002:00000128       __imp_RaiseException       0000000180010128     kernel32:KERNEL32.dll
 0002:00000130       __imp_RtlPcToFileHeader    0000000180010130     kernel32:KERNEL32.dll
 0002:00000138       __imp_ExitProcess          0000000180010138     kernel32:KERNEL32.dll
 0002:00000140       __imp_GetModuleHandleExW   0000000180010140     kernel32:KERNEL32.dll
 0002:00000148       __imp_GetModuleFileNameW   0000000180010148     kernel32:KERNEL32.dll
 0002:00000150       __imp_HeapAlloc            0000000180010150     kernel32:KERNEL32.dll
 0002:00000158       __imp_HeapFree             0000000180010158     kernel32:KERNEL32.dll
 0002:00000160       __imp_FindClose            0000000180010160     kernel32:KERNEL32.dll
 0002:00000168       __imp_FindFirstFileExW     0000000180010168     kernel32:KERNEL32.dll
 0002:00000170       __imp_FindNextFileW        0000000180010170     kernel32:KERNEL32.dll
 0002:00000178       __imp_IsValidCodePage      0000000180010178     kernel32:KERNEL32.dll
 0002:00000180       __imp_GetACP               0000000180010180     kernel32:KERNEL32.dll
 0002:00000188       __imp_GetOEMCP             0000000180010188     kernel32:KERNEL32.dll
 0002:00000190       __imp_GetCPInfo            0000000180010190     kernel32:KERNEL32.dll
 0002:00000198       __imp_GetCommandLineA      0000000180010198     kernel32:KERNEL32.dll
 0002:000001a0       __imp_GetCommandLineW      00000001800101a0     kernel32:KERNEL32.dll
 0002:000001a8       __imp_MultiByteToWideChar  00000001800101a8     kernel32:KERNEL32.dll
 0002:000001b0       __imp_WideCharToMultiByte  00000001800101b0     kernel32:KERNEL32.dll
 0002:000001b8       __imp_GetEnvironmentStringsW 00000001800101b8     kernel32:KERNEL32.dll
 0002:000001c0       __imp_FreeEnvironmentStringsW 00000001800101c0     kernel32:KERNEL32.dll
 0002:000001c8       __imp_LCMapStringW         00000001800101c8     kernel32:KERNEL32.dll
 0002:000001d0       __imp_GetProcessHeap       00000001800101d0     kernel32:KERNEL32.dll
 0002:000001d8       __imp_GetStdHandle         00000001800101d8     kernel32:KERNEL32.dll
 0002:000001e0       __imp_GetFileType          00000001800101e0     kernel32:KERNEL32.dll
 0002:000001e8       __imp_GetStringTypeW       00000001800101e8     kernel32:KERNEL32.dll
 0002:000001f0       __imp_HeapSize             00000001800101f0     kernel32:KERNEL32.dll
 0002:000001f8       __imp_HeapReAlloc          00000001800101f8     kernel32:KERNEL32.dll
 0002:00000200       __imp_SetStdHandle         0000000180010200     kernel32:KERNEL32.dll
 0002:00000208       __imp_FlushFileBuffers     0000000180010208     kernel32:KERNEL32.dll
 0002:00000210       __imp_WriteFile            0000000180010210     kernel32:KERNEL32.dll
 0002:00000218       __imp_GetConsoleCP         0000000180010218     kernel32:KERNEL32.dll
 0002:00000220       __imp_GetConsoleMode       0000000180010220     kernel32:KERNEL32.dll
 0002:00000228       __imp_SetFilePointerEx     0000000180010228     kernel32:KERNEL32.dll
 0002:00000230       __imp_CreateFileW          0000000180010230     kernel32:KERNEL32.dll
 0002:00000238       __imp_WriteConsoleW        0000000180010238     kernel32:KERNEL32.dll
 0002:00000240       __imp_GetSystemInfo        0000000180010240     kernel32:KERNEL32.dll
 0002:00000248       __imp_VirtualProtect       0000000180010248     kernel32:KERNEL32.dll
 0002:00000250       __imp_LoadLibraryExA       0000000180010250     kernel32:KERNEL32.dll
 0002:00000258       \177KERNEL32_NULL_THUNK_DATA 0000000180010258     kernel32:KERNEL32.dll
 0002:00000260       __guard_check_icall_fptr   0000000180010260     LIBCMT:guard_support.obj
 0002:00000268       __guard_dispatch_icall_fptr 0000000180010268     LIBCMT:guard_support.obj
 0002:00000270       __xc_a                     0000000180010270     LIBCMT:initializers.obj
 0002:00000278       _register_win32ipc_        0000000180010278     module.obj
 0002:00000280       __xc_z                     0000000180010280     LIBCMT:initializers.obj
 0002:00000288       __xi_a                     0000000180010288     LIBCMT:initializers.obj
 0002:00000290       __acrt_multibyte_initializer 0000000180010290     libucrt:multibyte_initializer.obj
 0002:00000298       __acrt_stdio_initializer   0000000180010298     libucrt:stdio_initializer.obj
 0002:000002a0       __acrt_tran_fma3_initializer 00000001800102a0     libucrt:fma3_initializer.obj
 0002:000002a8       __xi_z                     00000001800102a8     LIBCMT:initializers.obj
 0002:000002b0       __xp_a                     00000001800102b0     LIBCMT:initializers.obj
 0002:000002b8       __acrt_locale_terminator   00000001800102b8     libucrt:locale_initializer.obj
 0002:000002c0       __dcrt_console_output_terminator 00000001800102c0     libucrt:console_output_initializer.obj
 0002:000002c8       __acrt_stdio_terminator    00000001800102c8     libucrt:stdio_initializer.obj
 0002:000002d0       __xp_z                     00000001800102d0     LIBCMT:initializers.obj
 0002:000002d8       __xt_a                     00000001800102d8     LIBCMT:initializers.obj
 0002:000002e0       __xt_z                     00000001800102e0     LIBCMT:initializers.obj
 0002:000002f0       __sz_node_exe              00000001800102f0     node:node.exe
 0002:00000300       _pRawDllMain               0000000180010300     LIBCMT:dll_dllmain.obj
 0002:00000300       _pDefaultRawDllMain        0000000180010300     LIBCMT:dll_dllmain.obj
 0002:00000650       ??_C@_08EHJDFFNH@__based?$CI?$AA@ 0000000180010650     libvcruntime:undname.obj
 0002:00000660       ??_C@_07KOLFKCDI@__cdecl?$AA@ 0000000180010660     libvcruntime:undname.obj
 0002:00000668       ??_C@_08GHMPAG@__pascal?$AA@ 0000000180010668     libvcruntime:undname.obj
 0002:00000678       ??_C@_09IFJBGAPI@__stdcall?$AA@ 0000000180010678     libvcruntime:undname.obj
 0002:00000688       ??_C@_0L@NPHFGOKO@__thiscall?$AA@ 0000000180010688     libvcruntime:undname.obj
 0002:00000698       ??_C@_0L@JMKHOMEK@__fastcall?$AA@ 0000000180010698     libvcruntime:undname.obj
 0002:000006a8       ??_C@_0N@BCKKPABJ@__vectorcall?$AA@ 00000001800106a8     libvcruntime:undname.obj
 0002:000006b8       ??_C@_09HIJEGCPM@__clrcall?$AA@ 00000001800106b8     libvcruntime:undname.obj
 0002:000006c4       ??_C@_06GHPCKEAG@__eabi?$AA@ 00000001800106c4     libvcruntime:undname.obj
 0002:000006d0       ??_C@_07EECFKIPL@__swift?$AA@ 00000001800106d0     libvcruntime:undname.obj
 0002:000006d8       ??_C@_07JOMMBBKO@__ptr64?$AA@ 00000001800106d8     libvcruntime:undname.obj
 0002:000006e0       ??_C@_0L@PILCLIHE@__restrict?$AA@ 00000001800106e0     libvcruntime:undname.obj
 0002:000006f0       ??_C@_0M@GFIIJFMG@__unaligned?$AA@ 00000001800106f0     libvcruntime:undname.obj
 0002:00000700       ??_C@_09DHDLOLLB@restrict?$CI?$AA@ 0000000180010700     libvcruntime:undname.obj
 0002:0000070a       ??_C@_00CNPNBAHC@?$AA@     000000018001070a     libvcruntime:undname.obj
 0002:0000070c       ??_C@_04NIHEBCM@?5new?$AA@ 000000018001070c     libvcruntime:undname.obj
 0002:00000718       ??_C@_07FPCDHGMM@?5delete?$AA@ 0000000180010718     libvcruntime:undname.obj
 0002:00000720       ??_C@_01NEMOKFLO@?$DN?$AA@ 0000000180010720     libvcruntime:undname.obj
 0002:00000724       ??_C@_02GPIOPFAK@?$DO?$DO?$AA@ 0000000180010724     libvcruntime:undname.obj
 0002:00000728       ??_C@_02FODMEDOG@?$DM?$DM?$AA@ 0000000180010728     libvcruntime:undname.obj
 0002:0000072c       ??_C@_01DCLJPIOD@?$CB?$AA@ 000000018001072c     libvcruntime:undname.obj
 0002:00000730       ??_C@_02EGOFBIJA@?$DN?$DN?$AA@ 0000000180010730     libvcruntime:undname.obj
 0002:00000734       ??_C@_02FDNJECIE@?$CB?$DN?$AA@ 0000000180010734     libvcruntime:undname.obj
 0002:00000738       ??_C@_02GPECMEKF@?$FL?$FN?$AA@ 0000000180010738     libvcruntime:undname.obj
 0002:00000740       ??_C@_08LHJFAFGD@operator?$AA@ 0000000180010740     libvcruntime:undname.obj
 0002:0000074c       ??_C@_02HBOOOICD@?9?$DO?$AA@ 000000018001074c     libvcruntime:undname.obj
 0002:00000750       ??_C@_01NBENCBCI@?$CK?$AA@ 0000000180010750     libvcruntime:undname.obj
 0002:00000754       ??_C@_02ECNGHCIF@?$CL?$CL?$AA@ 0000000180010754     libvcruntime:undname.obj
 0002:00000758       ??_C@_02BAABKJLB@?9?9?$AA@ 0000000180010758     libvcruntime:undname.obj
 0002:0000075c       ??_C@_01JOAMLHOP@?9?$AA@   000000018001075c     libvcruntime:undname.obj
 0002:00000760       ??_C@_01MIFGBAGJ@?$CL?$AA@ 0000000180010760     libvcruntime:undname.obj
 0002:00000764       ??_C@_01HNPIGOCE@?$CG?$AA@ 0000000180010764     libvcruntime:undname.obj
 0002:00000768       ??_C@_03MNHNFDLC@?9?$DO?$CK?$AA@ 0000000180010768     libvcruntime:undname.obj
 0002:0000076c       ??_C@_01KMDKNFGN@?1?$AA@   000000018001076c     libvcruntime:undname.obj
 0002:00000770       ??_C@_01FGNFDNOH@?$CF?$AA@ 0000000180010770     libvcruntime:undname.obj
 0002:00000774       ??_C@_01MNNFJEPP@?$DM?$AA@ 0000000180010774     libvcruntime:undname.obj
 0002:00000778       ??_C@_02EHCHHCKH@?$DM?$DN?$AA@ 0000000180010778     libvcruntime:undname.obj
 0002:0000077c       ??_C@_01PPODPGHN@?$DO?$AA@ 000000018001077c     libvcruntime:undname.obj
 0002:00000780       ??_C@_02EEKDKGMJ@?$DO?$DN?$AA@ 0000000180010780     libvcruntime:undname.obj
 0002:00000784       ??_C@_01IHBHIGKO@?0?$AA@   0000000180010784     libvcruntime:undname.obj
 0002:00000788       ??_C@_02HCKGKOFO@?$CI?$CJ?$AA@ 0000000180010788     libvcruntime:undname.obj
 0002:0000078c       ??_C@_01PJKLJHI@?$HO?$AA@  000000018001078c     libvcruntime:undname.obj
 0002:00000790       ??_C@_01JKBOJNNK@?$FO?$AA@ 0000000180010790     libvcruntime:undname.obj
 0002:00000794       ??_C@_01DNKMNLPK@?$HM?$AA@ 0000000180010794     libvcruntime:undname.obj
 0002:00000798       ??_C@_02PPKAJPJL@?$CG?$CG?$AA@ 0000000180010798     libvcruntime:undname.obj
 0002:0000079c       ??_C@_02NONPIBCD@?$HM?$HM?$AA@ 000000018001079c     libvcruntime:undname.obj
 0002:000007a0       ??_C@_02FPIMKNGF@?$CK?$DN?$AA@ 00000001800107a0     libvcruntime:undname.obj
 0002:000007a4       ??_C@_02FOEOMHFC@?$CL?$DN?$AA@ 00000001800107a4     libvcruntime:undname.obj
 0002:000007a8       ??_C@_02FKMDLLOA@?9?$DN?$AA@ 00000001800107a8     libvcruntime:undname.obj
 0002:000007ac       ??_C@_02FJEHGPIO@?1?$DN?$AA@ 00000001800107ac     libvcruntime:undname.obj
 0002:000007b0       ??_C@_02FENAOKFI@?$CF?$DN?$AA@ 00000001800107b0     libvcruntime:undname.obj
 0002:000007b4       ??_C@_03IKFCCPFF@?$DO?$DO?$DN?$AA@ 00000001800107b4     libvcruntime:undname.obj
 0002:000007b8       ??_C@_03CDNPDDLA@?$DM?$DM?$DN?$AA@ 00000001800107b8     libvcruntime:undname.obj
 0002:000007bc       ??_C@_02FGJGFEAB@?$CG?$DN?$AA@ 00000001800107bc     libvcruntime:undname.obj
 0002:000007c0       ??_C@_02DHLNPPGH@?$HM?$DN?$AA@ 00000001800107c0     libvcruntime:undname.obj
 0002:000007c4       ??_C@_02MHEGNOJ@?$FO?$DN?$AA@ 00000001800107c4     libvcruntime:undname.obj
 0002:000007c8       ??_C@_09IFPLHPGF@?$GAvftable?8?$AA@ 00000001800107c8     libvcruntime:undname.obj
 0002:000007d8       ??_C@_09BLBHBJP@?$GAvbtable?8?$AA@ 00000001800107d8     libvcruntime:undname.obj
 0002:000007e8       ??_C@_07FEEIOKP@?$GAvcall?8?$AA@ 00000001800107e8     libvcruntime:undname.obj
 0002:000007f0       ??_C@_08LLFFHHDJ@?$GAtypeof?8?$AA@ 00000001800107f0     libvcruntime:undname.obj
 0002:00000800       ??_C@_0BF@KDPPACIK@?$GAlocal?5static?5guard?8?$AA@ 0000000180010800     libvcruntime:undname.obj
 0002:00000818       ??_C@_08OBABFOLI@?$GAstring?8?$AA@ 0000000180010818     libvcruntime:undname.obj
 0002:00000828       ??_C@_0BD@JDLKDPAB@?$GAvbase?5destructor?8?$AA@ 0000000180010828     libvcruntime:undname.obj
 0002:00000840       ??_C@_0BN@DEGPLNFK@?$GAvector?5deleting?5destructor?8?$AA@ 0000000180010840     libvcruntime:undname.obj
 0002:00000860       ??_C@_0BO@OBMKPJIG@?$GAdefault?5constructor?5closure?8?$AA@ 0000000180010860     libvcruntime:undname.obj
 0002:00000880       ??_C@_0BN@IMDCHIKM@?$GAscalar?5deleting?5destructor?8?$AA@ 0000000180010880     libvcruntime:undname.obj
 0002:000008a0       ??_C@_0BO@PFGOCPJJ@?$GAvector?5constructor?5iterator?8?$AA@ 00000001800108a0     libvcruntime:undname.obj
 0002:000008c0       ??_C@_0BN@LFPFMEDL@?$GAvector?5destructor?5iterator?8?$AA@ 00000001800108c0     libvcruntime:undname.obj
 0002:000008e0       ??_C@_0CE@IKBNEHA@?$GAvector?5vbase?5constructor?5iterat@ 00000001800108e0     libvcruntime:undname.obj
 0002:00000908       ??_C@_0BL@NILFHHPC@?$GAvirtual?5displacement?5map?8?$AA@ 0000000180010908     libvcruntime:undname.obj
 0002:00000928       ??_C@_0CB@JONCMFFK@?$GAeh?5vector?5constructor?5iterator?8@ 0000000180010928     libvcruntime:undname.obj
 0002:00000950       ??_C@_0CA@GCEOPDGL@?$GAeh?5vector?5destructor?5iterator?8?$AA@ 0000000180010950     libvcruntime:undname.obj
 0002:00000970       ??_C@_0CH@OOJPLCPH@?$GAeh?5vector?5vbase?5constructor?5ite@ 0000000180010970     libvcruntime:undname.obj
 0002:00000998       ??_C@_0BL@LLKPOHJI@?$GAcopy?5constructor?5closure?8?$AA@ 0000000180010998     libvcruntime:undname.obj
 0002:000009b8       ??_C@_0BA@KBCDOMBN@?$GAudt?5returning?8?$AA@ 00000001800109b8     libvcruntime:undname.obj
 0002:000009c8       ??_C@_03KLGMFNMG@?$GAEH?$AA@ 00000001800109c8     libvcruntime:undname.obj
 0002:000009cc       ??_C@_05KHLCHHI@?$GARTTI?$AA@ 00000001800109cc     libvcruntime:undname.obj
 0002:000009d8       ??_C@_0BA@KKLDJDLB@?$GAlocal?5vftable?8?$AA@ 00000001800109d8     libvcruntime:undname.obj
 0002:000009e8       ??_C@_0CE@IIHCMGGL@?$GAlocal?5vftable?5constructor?5closu@ 00000001800109e8     libvcruntime:undname.obj
 0002:00000a0c       ??_C@_06FHBGPFGH@?5new?$FL?$FN?$AA@ 0000000180010a0c     libvcruntime:undname.obj
 0002:00000a18       ??_C@_09LBNFPBCA@?5delete?$FL?$FN?$AA@ 0000000180010a18     libvcruntime:undname.obj
 0002:00000a28       ??_C@_0P@HJKNJFNN@?$GAomni?5callsig?8?$AA@ 0000000180010a28     libvcruntime:undname.obj
 0002:00000a38       ??_C@_0BL@CNOONJFP@?$GAplacement?5delete?5closure?8?$AA@ 0000000180010a38     libvcruntime:undname.obj
 0002:00000a58       ??_C@_0BN@CKNJLHMB@?$GAplacement?5delete?$FL?$FN?5closure?8?$AA@ 0000000180010a58     libvcruntime:undname.obj
 0002:00000a78       ??_C@_0CG@CFDHKGGD@?$GAmanaged?5vector?5constructor?5iter@ 0000000180010a78     libvcruntime:undname.obj
 0002:00000aa0       ??_C@_0CF@IMGKMJNO@?$GAmanaged?5vector?5destructor?5itera@ 0000000180010aa0     libvcruntime:undname.obj
 0002:00000ac8       ??_C@_0CG@HLDDJMAG@?$GAeh?5vector?5copy?5constructor?5iter@ 0000000180010ac8     libvcruntime:undname.obj
 0002:00000af0       ??_C@_0CM@FCBBDIGB@?$GAeh?5vector?5vbase?5copy?5constructo@ 0000000180010af0     libvcruntime:undname.obj
 0002:00000b20       ??_C@_0BL@CLIPGLGB@?$GAdynamic?5initializer?5for?5?8?$AA@ 0000000180010b20     libvcruntime:undname.obj
 0002:00000b40       ??_C@_0CB@PDBIFEP@?$GAdynamic?5atexit?5destructor?5for?5?8@ 0000000180010b40     libvcruntime:undname.obj
 0002:00000b68       ??_C@_0CD@CGAJBKEJ@?$GAvector?5copy?5constructor?5iterato@ 0000000180010b68     libvcruntime:undname.obj
 0002:00000b90       ??_C@_0CJ@GJELGAMM@?$GAvector?5vbase?5copy?5constructor?5i@ 0000000180010b90     libvcruntime:undname.obj
 0002:00000bc0       ??_C@_0CL@FGIJHLCE@?$GAmanaged?5vector?5copy?5constructor@ 0000000180010bc0     libvcruntime:undname.obj
 0002:00000bf0       ??_C@_0BM@PMGGMLDN@?$GAlocal?5static?5thread?5guard?8?$AA@ 0000000180010bf0     libvcruntime:undname.obj
 0002:00000c10       ??_C@_0N@BDNMDMOL@operator?5?$CC?$CC?5?$AA@ 0000000180010c10     libvcruntime:undname.obj
 0002:00000c20       ??_C@_0BC@GGEBGALA@operator?5co_await?$AA@ 0000000180010c20     libvcruntime:undname.obj
 0002:00000c38       ??_C@_0BC@DAFEJGAK@?5Type?5Descriptor?8?$AA@ 0000000180010c38     libvcruntime:undname.obj
 0002:00000c50       ??_C@_0BM@LDKODKLH@?5Base?5Class?5Descriptor?5at?5?$CI?$AA@ 0000000180010c50     libvcruntime:undname.obj
 0002:00000c70       ??_C@_0BD@LGICGFMM@?5Base?5Class?5Array?8?$AA@ 0000000180010c70     libvcruntime:undname.obj
 0002:00000c88       ??_C@_0BN@MECKDCOJ@?5Class?5Hierarchy?5Descriptor?8?$AA@ 0000000180010c88     libvcruntime:undname.obj
 0002:00000ca8       ??_C@_0BK@CFCOFLF@?5Complete?5Object?5Locator?8?$AA@ 0000000180010ca8     libvcruntime:undname.obj
 0002:00000ce0       ??_C@_1DM@KHCHBNEB@?$AAa?$AAp?$AAi?$AA?9?$AAm?$AAs?$AA?9?$AAw?$AAi?$AAn?$AA?9?$AAc?$AAo?$AAr?$AAe?$AA?9?$AAf?$AAi?$AAb?$AAe?$AAr?$AAs?$AA?9?$AAl?$AA1?$AA?9?$AA1?$AA?9?$AA1?$AA?$AA@ 0000000180010ce0     libvcruntime:winapi_downlevel.obj
 0002:00000d20       ??_C@_1DK@LPPGFMPP@?$AAa?$AAp?$AAi?$AA?9?$AAm?$AAs?$AA?9?$AAw?$AAi?$AAn?$AA?9?$AAc?$AAo?$AAr?$AAe?$AA?9?$AAs?$AAy?$AAn?$AAc?$AAh?$AA?9?$AAl?$AA1?$AA?9?$AA2?$AA?9?$AA0?$AA?$AA@ 0000000180010d20     libvcruntime:winapi_downlevel.obj
 0002:00000d60       ??_C@_1BC@GDMECMAK@?$AAk?$AAe?$AAr?$AAn?$AAe?$AAl?$AA3?$AA2?$AA?$AA@ 0000000180010d60     libvcruntime:winapi_downlevel.obj
 0002:00000d78       ??_C@_1BA@PFFKHIOG@?$AAa?$AAp?$AAi?$AA?9?$AAm?$AAs?$AA?9?$AA?$AA@ 0000000180010d78     libvcruntime:winapi_downlevel.obj
 0002:00000d88       ??_C@_1BA@IAIFMGEF@?$AAe?$AAx?$AAt?$AA?9?$AAm?$AAs?$AA?9?$AA?$AA@ 0000000180010d88     libvcruntime:winapi_downlevel.obj
 0002:00000da0       ??_C@_08KNHFBNJ@FlsAlloc?$AA@ 0000000180010da0     libvcruntime:winapi_downlevel.obj
 0002:00000db8       ??_C@_07PEJMOBNF@FlsFree?$AA@ 0000000180010db8     libvcruntime:winapi_downlevel.obj
 0002:00000dc8       ??_C@_0M@GDNOONDI@FlsGetValue?$AA@ 0000000180010dc8     libvcruntime:winapi_downlevel.obj
 0002:00000de0       ??_C@_0M@JCPCPOEF@FlsSetValue?$AA@ 0000000180010de0     libvcruntime:winapi_downlevel.obj
 0002:00000df8       ??_C@_0BM@HCFOFFN@InitializeCriticalSectionEx?$AA@ 0000000180010df8     libvcruntime:winapi_downlevel.obj
 0002:00000ec0       ??_7exception@std@@6B@     0000000180010ec0     libvcruntime:frame.obj
 0002:00000ed0       ??_C@_0BC@EOODALEL@Unknown?5exception?$AA@ 0000000180010ed0     libvcruntime:frame.obj
 0002:00000ef0       ??_7bad_exception@std@@6B@ 0000000180010ef0     libvcruntime:frame.obj
 0002:00000f00       ??_C@_0O@DPKOEFFH@bad?5exception?$AA@ 0000000180010f00     libvcruntime:frame.obj
 0002:00000f10       _pDestructExceptionObject  0000000180010f10     libvcruntime:ehhelpers.obj
 0002:00000f60       __acrt_exception_action_table 0000000180010f60     libucrt:exception_filter.obj
 0002:00001020       __acrt_signal_action_table_count 0000000180011020     libucrt:exception_filter.obj
 0002:00001028       __acrt_signal_action_first_fpe_index 0000000180011028     libucrt:exception_filter.obj
 0002:00001030       __acrt_signal_action_fpe_count 0000000180011030     libucrt:exception_filter.obj
 0002:00001038       ??_C@_1BI@BGOHAHKC@?$AAm?$AAs?$AAc?$AAo?$AAr?$AAe?$AAe?$AA?4?$AAd?$AAl?$AAl?$AA?$AA@ 0000000180011038     libucrt:exit.obj
 0002:00001050       ??_C@_0P@MIGLKIOC@CorExitProcess?$AA@ 0000000180011050     libucrt:exit.obj
 0002:000012c0       __lc_time_c                00000001800112c0     libucrt:nlsdata.obj
 0002:00001580       ??_C@_03KOEHGMDN@Sun?$AA@  0000000180011580     libucrt:nlsdata.obj
 0002:00001584       ??_C@_03PDAGKDH@Mon?$AA@   0000000180011584     libucrt:nlsdata.obj
 0002:00001588       ??_C@_03NAGEINEP@Tue?$AA@  0000000180011588     libucrt:nlsdata.obj
 0002:0000158c       ??_C@_03MHOMLAJA@Wed?$AA@  000000018001158c     libucrt:nlsdata.obj
 0002:00001590       ??_C@_03IOFIKPDN@Thu?$AA@  0000000180011590     libucrt:nlsdata.obj
 0002:00001594       ??_C@_03IDIOELNC@Fri?$AA@  0000000180011594     libucrt:nlsdata.obj
 0002:00001598       ??_C@_03FEFJNEK@Sat?$AA@   0000000180011598     libucrt:nlsdata.obj
 0002:0000159c       ??_C@_06OOPIFAJ@Sunday?$AA@ 000000018001159c     libucrt:nlsdata.obj
 0002:000015a4       ??_C@_06JLEDEDGH@Monday?$AA@ 00000001800115a4     libucrt:nlsdata.obj
 0002:000015b0       ??_C@_07BAAGCFCM@Tuesday?$AA@ 00000001800115b0     libucrt:nlsdata.obj
 0002:000015b8       ??_C@_09DLIGFAKA@Wednesday?$AA@ 00000001800115b8     libucrt:nlsdata.obj
 0002:000015c8       ??_C@_08HACCIKIA@Thursday?$AA@ 00000001800115c8     libucrt:nlsdata.obj
 0002:000015d4       ??_C@_06JECMNKMI@Friday?$AA@ 00000001800115d4     libucrt:nlsdata.obj
 0002:000015e0       ??_C@_08INBOOONO@Saturday?$AA@ 00000001800115e0     libucrt:nlsdata.obj
 0002:000015ec       ??_C@_03JIHJHPIE@Jan?$AA@  00000001800115ec     libucrt:nlsdata.obj
 0002:000015f0       ??_C@_03HJBDCHOM@Feb?$AA@  00000001800115f0     libucrt:nlsdata.obj
 0002:000015f4       ??_C@_03ODNJBKGA@Mar?$AA@  00000001800115f4     libucrt:nlsdata.obj
 0002:000015f8       ??_C@_03LEOLGMJP@Apr?$AA@  00000001800115f8     libucrt:nlsdata.obj
 0002:000015fc       ??_C@_03CNMDKL@May?$AA@    00000001800115fc     libucrt:nlsdata.obj
 0002:00001600       ??_C@_03IDFGHECI@Jun?$AA@  0000000180011600     libucrt:nlsdata.obj
 0002:00001604       ??_C@_03LBGABGKK@Jul?$AA@  0000000180011604     libucrt:nlsdata.obj
 0002:00001608       ??_C@_03IFJFEIGA@Aug?$AA@  0000000180011608     libucrt:nlsdata.obj
 0002:0000160c       ??_C@_03GGCAPAJC@Sep?$AA@  000000018001160c     libucrt:nlsdata.obj
 0002:00001610       ??_C@_03BMAOKBAD@Oct?$AA@  0000000180011610     libucrt:nlsdata.obj
 0002:00001614       ??_C@_03JPJOFNIA@Nov?$AA@  0000000180011614     libucrt:nlsdata.obj
 0002:00001618       ??_C@_03MKABNOCG@Dec?$AA@  0000000180011618     libucrt:nlsdata.obj
 0002:00001620       ??_C@_07CGJPFGJA@January?$AA@ 0000000180011620     libucrt:nlsdata.obj
 0002:00001628       ??_C@_08GNJGEPFN@February?$AA@ 0000000180011628     libucrt:nlsdata.obj
 0002:00001634       ??_C@_05HPCKOFNC@March?$AA@ 0000000180011634     libucrt:nlsdata.obj
 0002:0000163c       ??_C@_05DMJDNLEJ@April?$AA@ 000000018001163c     libucrt:nlsdata.obj
 0002:00001644       ??_C@_04CNLMGBGM@June?$AA@ 0000000180011644     libucrt:nlsdata.obj
 0002:0000164c       ??_C@_04MIEPOIFP@July?$AA@ 000000018001164c     libucrt:nlsdata.obj
 0002:00001654       ??_C@_06LBBHFDDG@August?$AA@ 0000000180011654     libucrt:nlsdata.obj
 0002:00001660       ??_C@_09BHHEALKD@September?$AA@ 0000000180011660     libucrt:nlsdata.obj
 0002:00001670       ??_C@_07JJNFCEND@October?$AA@ 0000000180011670     libucrt:nlsdata.obj
 0002:00001678       ??_C@_08HCHEGEOA@November?$AA@ 0000000180011678     libucrt:nlsdata.obj
 0002:00001688       ??_C@_08EDHMEBNP@December?$AA@ 0000000180011688     libucrt:nlsdata.obj
 0002:00001694       ??_C@_02DEDBPAFC@AM?$AA@   0000000180011694     libucrt:nlsdata.obj
 0002:00001698       ??_C@_02CJNFDJBF@PM?$AA@   0000000180011698     libucrt:nlsdata.obj
 0002:000016a0       ??_C@_08BPBNCDIB@MM?1dd?1yy?$AA@ 00000001800116a0     libucrt:nlsdata.obj
 0002:000016b0       ??_C@_0BE@CKGJFCPC@dddd?0?5MMMM?5dd?0?5yyyy?$AA@ 00000001800116b0     libucrt:nlsdata.obj
 0002:000016c8       ??_C@_08JCCMCCIL@HH?3mm?3ss?$AA@ 00000001800116c8     libucrt:nlsdata.obj
 0002:000016d8       ??_C@_17MBGCMIPB@?$AAS?$AAu?$AAn?$AA?$AA@ 00000001800116d8     libucrt:nlsdata.obj
 0002:000016e0       ??_C@_17KBOMKBF@?$AAM?$AAo?$AAn?$AA?$AA@ 00000001800116e0     libucrt:nlsdata.obj
 0002:000016e8       ??_C@_17BMKGEGOJ@?$AAT?$AAu?$AAe?$AA?$AA@ 00000001800116e8     libucrt:nlsdata.obj
 0002:000016f0       ??_C@_17CJEDCEPE@?$AAW?$AAe?$AAd?$AA?$AA@ 00000001800116f0     libucrt:nlsdata.obj
 0002:000016f8       ??_C@_17PDPHAADD@?$AAT?$AAh?$AAu?$AA?$AA@ 00000001800116f8     libucrt:nlsdata.obj
 0002:00001700       ??_C@_17HFOLPPLP@?$AAF?$AAr?$AAi?$AA?$AA@ 0000000180011700     libucrt:nlsdata.obj
 0002:00001708       ??_C@_17GGIBDPIH@?$AAS?$AAa?$AAt?$AA?$AA@ 0000000180011708     libucrt:nlsdata.obj
 0002:00001710       ??_C@_1O@IHNHDHPB@?$AAS?$AAu?$AAn?$AAd?$AAa?$AAy?$AA?$AA@ 0000000180011710     libucrt:nlsdata.obj
 0002:00001720       ??_C@_1O@MMNBFLIA@?$AAM?$AAo?$AAn?$AAd?$AAa?$AAy?$AA?$AA@ 0000000180011720     libucrt:nlsdata.obj
 0002:00001730       ??_C@_1BA@ENFBFFEK@?$AAT?$AAu?$AAe?$AAs?$AAd?$AAa?$AAy?$AA?$AA@ 0000000180011730     libucrt:nlsdata.obj
 0002:00001740       ??_C@_1BE@EBOGMDOH@?$AAW?$AAe?$AAd?$AAn?$AAe?$AAs?$AAd?$AAa?$AAy?$AA?$AA@ 0000000180011740     libucrt:nlsdata.obj
 0002:00001758       ??_C@_1BC@HHMNLIHE@?$AAT?$AAh?$AAu?$AAr?$AAs?$AAd?$AAa?$AAy?$AA?$AA@ 0000000180011758     libucrt:nlsdata.obj
 0002:00001770       ??_C@_1O@PDICJHAG@?$AAF?$AAr?$AAi?$AAd?$AAa?$AAy?$AA?$AA@ 0000000180011770     libucrt:nlsdata.obj
 0002:00001780       ??_C@_1BC@ENMNNPAJ@?$AAS?$AAa?$AAt?$AAu?$AAr?$AAd?$AAa?$AAy?$AA?$AA@ 0000000180011780     libucrt:nlsdata.obj
 0002:00001798       ??_C@_17DKNBKCHM@?$AAJ?$AAa?$AAn?$AA?$AA@ 0000000180011798     libucrt:nlsdata.obj
 0002:000017a0       ??_C@_17LMDJEKJN@?$AAF?$AAe?$AAb?$AA?$AA@ 00000001800117a0     libucrt:nlsdata.obj
 0002:000017a8       ??_C@_17CKNLEDEC@?$AAM?$AAa?$AAr?$AA?$AA@ 00000001800117a8     libucrt:nlsdata.obj
 0002:000017b0       ??_C@_17LFPOIHDD@?$AAA?$AAp?$AAr?$AA?$AA@ 00000001800117b0     libucrt:nlsdata.obj
 0002:000017b8       ??_C@_17PNNKMEED@?$AAM?$AAa?$AAy?$AA?$AA@ 00000001800117b8     libucrt:nlsdata.obj
 0002:000017c0       ??_C@_17KCJGOCPB@?$AAJ?$AAu?$AAn?$AA?$AA@ 00000001800117c0     libucrt:nlsdata.obj
 0002:000017c8       ??_C@_17IJPCKHK@?$AAJ?$AAu?$AAl?$AA?$AA@ 00000001800117c8     libucrt:nlsdata.obj
 0002:000017d0       ??_C@_17ICPELBCN@?$AAA?$AAu?$AAg?$AA?$AA@ 00000001800117d0     libucrt:nlsdata.obj
 0002:000017d8       ??_C@_17HCHCOKMG@?$AAS?$AAe?$AAp?$AA?$AA@ 00000001800117d8     libucrt:nlsdata.obj
 0002:000017e0       ??_C@_17FNLKOI@?$AAO?$AAc?$AAt?$AA?$AA@ 00000001800117e0     libucrt:nlsdata.obj
 0002:000017e8       ??_C@_17BBDMLCIG@?$AAN?$AAo?$AAv?$AA?$AA@ 00000001800117e8     libucrt:nlsdata.obj
 0002:000017f0       ??_C@_17EGKACKIF@?$AAD?$AAe?$AAc?$AA?$AA@ 00000001800117f0     libucrt:nlsdata.obj
 0002:000017f8       ??_C@_1BA@EFMEIEBA@?$AAJ?$AAa?$AAn?$AAu?$AAa?$AAr?$AAy?$AA?$AA@ 00000001800117f8     libucrt:nlsdata.obj
 0002:00001808       ??_C@_1BC@JGDDFFAM@?$AAF?$AAe?$AAb?$AAr?$AAu?$AAa?$AAr?$AAy?$AA?$AA@ 0000000180011808     libucrt:nlsdata.obj
 0002:00001820       ??_C@_1M@IKEENEDF@?$AAM?$AAa?$AAr?$AAc?$AAh?$AA?$AA@ 0000000180011820     libucrt:nlsdata.obj
 0002:00001830       ??_C@_1M@GJNLMHFD@?$AAA?$AAp?$AAr?$AAi?$AAl?$AA?$AA@ 0000000180011830     libucrt:nlsdata.obj
 0002:00001840       ??_C@_19EPFLPGAP@?$AAJ?$AAu?$AAn?$AAe?$AA?$AA@ 0000000180011840     libucrt:nlsdata.obj
 0002:00001850       ??_C@_19BIFMLPCD@?$AAJ?$AAu?$AAl?$AAy?$AA?$AA@ 0000000180011850     libucrt:nlsdata.obj
 0002:00001860       ??_C@_1O@PAHLKOAC@?$AAA?$AAu?$AAg?$AAu?$AAs?$AAt?$AA?$AA@ 0000000180011860     libucrt:nlsdata.obj
 0002:00001870       ??_C@_1BE@DKAAMBJL@?$AAS?$AAe?$AAp?$AAt?$AAe?$AAm?$AAb?$AAe?$AAr?$AA?$AA@ 0000000180011870     libucrt:nlsdata.obj
 0002:00001888       ??_C@_1BA@EPANDLNG@?$AAO?$AAc?$AAt?$AAo?$AAb?$AAe?$AAr?$AA?$AA@ 0000000180011888     libucrt:nlsdata.obj
 0002:00001898       ??_C@_1BC@BGLIFPF@?$AAN?$AAo?$AAv?$AAe?$AAm?$AAb?$AAe?$AAr?$AA?$AA@ 0000000180011898     libucrt:nlsdata.obj
 0002:000018b0       ??_C@_1BC@FEMKIFH@?$AAD?$AAe?$AAc?$AAe?$AAm?$AAb?$AAe?$AAr?$AA?$AA@ 00000001800118b0     libucrt:nlsdata.obj
 0002:000018c4       ??_C@_15ODEHAHHF@?$AAA?$AAM?$AA?$AA@ 00000001800118c4     libucrt:nlsdata.obj
 0002:000018cc       ??_C@_15CLMNNGEL@?$AAP?$AAM?$AA?$AA@ 00000001800118cc     libucrt:nlsdata.obj
 0002:000018d8       ??_C@_1BC@IEBCMHCM@?$AAM?$AAM?$AA?1?$AAd?$AAd?$AA?1?$AAy?$AAy?$AA?$AA@ 00000001800118d8     libucrt:nlsdata.obj
 0002:000018f0       ??_C@_1CI@KNAKOEBC@?$AAd?$AAd?$AAd?$AAd?$AA?0?$AA?5?$AAM?$AAM?$AAM?$AAM?$AA?5?$AAd?$AAd?$AA?0?$AA?5?$AAy?$AAy?$AAy?$AAy?$AA?$AA@ 00000001800118f0     libucrt:nlsdata.obj
 0002:00001918       ??_C@_1BC@GDGBMEMK@?$AAH?$AAH?$AA?3?$AAm?$AAm?$AA?3?$AAs?$AAs?$AA?$AA@ 0000000180011918     libucrt:nlsdata.obj
 0002:00001930       ??_C@_1M@BMHNFIME@?$AAe?$AAn?$AA?9?$AAU?$AAS?$AA?$AA@ 0000000180011930     libucrt:nlsdata.obj
 0002:00001960       ??_C@_1M@HPNHIDJI@?$AAj?$AAa?$AA?9?$AAJ?$AAP?$AA?$AA@ 0000000180011960     libucrt:mbctype.obj
 0002:00001970       ??_C@_1M@BIBDDEMK@?$AAz?$AAh?$AA?9?$AAC?$AAN?$AA?$AA@ 0000000180011970     libucrt:mbctype.obj
 0002:00001980       ??_C@_1M@JLOOOEGK@?$AAk?$AAo?$AA?9?$AAK?$AAR?$AA?$AA@ 0000000180011980     libucrt:mbctype.obj
 0002:00001990       ??_C@_1M@CLNBBOPM@?$AAz?$AAh?$AA?9?$AAT?$AAW?$AA?$AA@ 0000000180011990     libucrt:mbctype.obj
 0002:00001a40       ??_C@_1EA@JGEFHKEI@?$AAa?$AAp?$AAi?$AA?9?$AAm?$AAs?$AA?9?$AAw?$AAi?$AAn?$AA?9?$AAc?$AAo?$AAr?$AAe?$AA?9?$AAd?$AAa?$AAt?$AAe?$AAt?$AAi?$AAm?$AAe?$AA?9?$AAl?$AA1?$AA?9?$AA1?$AA?9?$AA1?$AA?$AA@ 0000000180011a40     libucrt:winapi_thunks.obj
 0002:00001a80       ??_C@_1DI@IJCEHOCB@?$AAa?$AAp?$AAi?$AA?9?$AAm?$AAs?$AA?9?$AAw?$AAi?$AAn?$AA?9?$AAc?$AAo?$AAr?$AAe?$AA?9?$AAf?$AAi?$AAl?$AAe?$AA?9?$AAl?$AA1?$AA?9?$AA2?$AA?9?$AA2?$AA?$AA@ 0000000180011a80     libucrt:winapi_thunks.obj
 0002:00001ac0       ??_C@_1EI@MPIAOHOC@?$AAa?$AAp?$AAi?$AA?9?$AAm?$AAs?$AA?9?$AAw?$AAi?$AAn?$AA?9?$AAc?$AAo?$AAr?$AAe?$AA?9?$AAl?$AAo?$AAc?$AAa?$AAl?$AAi?$AAz?$AAa?$AAt?$AAi?$AAo?$AAn?$AA?9?$AAl?$AA1?$AA?9@ 0000000180011ac0     libucrt:winapi_thunks.obj
 0002:00001b10       ??_C@_1FK@FPHCKFIE@?$AAa?$AAp?$AAi?$AA?9?$AAm?$AAs?$AA?9?$AAw?$AAi?$AAn?$AA?9?$AAc?$AAo?$AAr?$AAe?$AA?9?$AAl?$AAo?$AAc?$AAa?$AAl?$AAi?$AAz?$AAa?$AAt?$AAi?$AAo?$AAn?$AA?9?$AAo?$AAb?$AAs@ 0000000180011b10     libucrt:winapi_thunks.obj
 0002:00001b70       ??_C@_1EM@DILCGIIO@?$AAa?$AAp?$AAi?$AA?9?$AAm?$AAs?$AA?9?$AAw?$AAi?$AAn?$AA?9?$AAc?$AAo?$AAr?$AAe?$AA?9?$AAp?$AAr?$AAo?$AAc?$AAe?$AAs?$AAs?$AAt?$AAh?$AAr?$AAe?$AAa?$AAd?$AAs?$AA?9?$AAl@ 0000000180011b70     libucrt:winapi_thunks.obj
 0002:00001bc0       ??_C@_1DM@LNCGDDPN@?$AAa?$AAp?$AAi?$AA?9?$AAm?$AAs?$AA?9?$AAw?$AAi?$AAn?$AA?9?$AAc?$AAo?$AAr?$AAe?$AA?9?$AAs?$AAt?$AAr?$AAi?$AAn?$AAg?$AA?9?$AAl?$AA1?$AA?9?$AA1?$AA?9?$AA0?$AA?$AA@ 0000000180011bc0     libucrt:winapi_thunks.obj
 0002:00001c00       ??_C@_1DO@FPAPJEMD@?$AAa?$AAp?$AAi?$AA?9?$AAm?$AAs?$AA?9?$AAw?$AAi?$AAn?$AA?9?$AAc?$AAo?$AAr?$AAe?$AA?9?$AAs?$AAy?$AAs?$AAi?$AAn?$AAf?$AAo?$AA?9?$AAl?$AA1?$AA?9?$AA2?$AA?9?$AA1?$AA?$AA@ 0000000180011c00     libucrt:winapi_thunks.obj
 0002:00001c40       ??_C@_1DK@NDHNAHIO@?$AAa?$AAp?$AAi?$AA?9?$AAm?$AAs?$AA?9?$AAw?$AAi?$AAn?$AA?9?$AAc?$AAo?$AAr?$AAe?$AA?9?$AAw?$AAi?$AAn?$AAr?$AAt?$AA?9?$AAl?$AA1?$AA?9?$AA1?$AA?9?$AA0?$AA?$AA@ 0000000180011c40     libucrt:winapi_thunks.obj
 0002:00001c80       ??_C@_1DM@KGHDGBCM@?$AAa?$AAp?$AAi?$AA?9?$AAm?$AAs?$AA?9?$AAw?$AAi?$AAn?$AA?9?$AAc?$AAo?$AAr?$AAe?$AA?9?$AAx?$AAs?$AAt?$AAa?$AAt?$AAe?$AA?9?$AAl?$AA2?$AA?9?$AA1?$AA?9?$AA0?$AA?$AA@ 0000000180011c80     libucrt:winapi_thunks.obj
 0002:00001cc0       ??_C@_1EO@IJIOEFOH@?$AAa?$AAp?$AAi?$AA?9?$AAm?$AAs?$AA?9?$AAw?$AAi?$AAn?$AA?9?$AAr?$AAt?$AAc?$AAo?$AAr?$AAe?$AA?9?$AAn?$AAt?$AAu?$AAs?$AAe?$AAr?$AA?9?$AAw?$AAi?$AAn?$AAd?$AAo?$AAw?$AA?9@ 0000000180011cc0     libucrt:winapi_thunks.obj
 0002:00001d10       ??_C@_1FG@HHGEKANL@?$AAa?$AAp?$AAi?$AA?9?$AAm?$AAs?$AA?9?$AAw?$AAi?$AAn?$AA?9?$AAs?$AAe?$AAc?$AAu?$AAr?$AAi?$AAt?$AAy?$AA?9?$AAs?$AAy?$AAs?$AAt?$AAe?$AAm?$AAf?$AAu?$AAn?$AAc?$AAt?$AAi@ 0000000180011d10     libucrt:winapi_thunks.obj
 0002:00001d70       ??_C@_1EG@DBIOJECG@?$AAe?$AAx?$AAt?$AA?9?$AAm?$AAs?$AA?9?$AAw?$AAi?$AAn?$AA?9?$AAn?$AAt?$AAu?$AAs?$AAe?$AAr?$AA?9?$AAd?$AAi?$AAa?$AAl?$AAo?$AAg?$AAb?$AAo?$AAx?$AA?9?$AAl?$AA1?$AA?9?$AA1@ 0000000180011d70     libucrt:winapi_thunks.obj
 0002:00001dc0       ??_C@_1EO@FIHMJCLF@?$AAe?$AAx?$AAt?$AA?9?$AAm?$AAs?$AA?9?$AAw?$AAi?$AAn?$AA?9?$AAn?$AAt?$AAu?$AAs?$AAe?$AAr?$AA?9?$AAw?$AAi?$AAn?$AAd?$AAo?$AAw?$AAs?$AAt?$AAa?$AAt?$AAi?$AAo?$AAn?$AA?9@ 0000000180011dc0     libucrt:winapi_thunks.obj
 0002:00001e10       ??_C@_1BC@DNHGCMLG@?$AAa?$AAd?$AAv?$AAa?$AAp?$AAi?$AA3?$AA2?$AA?$AA@ 0000000180011e10     libucrt:winapi_thunks.obj
 0002:00001e28       ??_C@_1M@OAIMIKLP@?$AAn?$AAt?$AAd?$AAl?$AAl?$AA?$AA@ 0000000180011e28     libucrt:winapi_thunks.obj
 0002:00001e40       ??_C@_1EG@DPGNFKGC@?$AAa?$AAp?$AAi?$AA?9?$AAm?$AAs?$AA?9?$AAw?$AAi?$AAn?$AA?9?$AAa?$AAp?$AAp?$AAm?$AAo?$AAd?$AAe?$AAl?$AA?9?$AAr?$AAu?$AAn?$AAt?$AAi?$AAm?$AAe?$AA?9?$AAl?$AA1?$AA?9?$AA1@ 0000000180011e40     libucrt:winapi_thunks.obj
 0002:00001e88       ??_C@_1O@BCCLBEOE@?$AAu?$AAs?$AAe?$AAr?$AA3?$AA2?$AA?$AA@ 0000000180011e88     libucrt:winapi_thunks.obj
 0002:00001ec8       ??_C@_0O@KKBNKAPF@LCMapStringEx?$AA@ 0000000180011ec8     libucrt:winapi_thunks.obj
 0002:00001ee0       ??_C@_0BB@HBDEELFH@LocaleNameToLCID?$AA@ 0000000180011ee0     libucrt:winapi_thunks.obj
 0002:00001ef8       ??_C@_0CF@OJOFEIGO@AppPolicyGetProcessTerminationMe@ 0000000180011ef8     libucrt:winapi_thunks.obj
 0002:00001f20       __newctype                 0000000180011f20     libucrt:ctype.obj
 0002:00002220       __newclmap                 0000000180012220     libucrt:ctype.obj
 0002:000023a0       __newcumap                 00000001800123a0     libucrt:ctype.obj
 0002:00002520       ??_C@_15PJPFLCCM@?$AAu?$AAk?$AA?$AA@ 0000000180012520     libucrt:get_qualified_locale.obj
 0002:00003370       ??_C@_15EMKDOKLE@?$AAa?$AAr?$AA?$AA@ 0000000180013370     libucrt:lcidtoname_downlevel.obj
 0002:00003378       ??_C@_15KNPADPLH@?$AAb?$AAg?$AA?$AA@ 0000000180013378     libucrt:lcidtoname_downlevel.obj
 0002:00003380       ??_C@_15EDMHLDMO@?$AAc?$AAa?$AA?$AA@ 0000000180013380     libucrt:lcidtoname_downlevel.obj
 0002:00003388       ??_C@_1O@BPEAJADD@?$AAz?$AAh?$AA?9?$AAC?$AAH?$AAS?$AA?$AA@ 0000000180013388     libucrt:lcidtoname_downlevel.obj
 0002:00003398       ??_C@_15LJNHCMNK@?$AAc?$AAs?$AA?$AA@ 0000000180013398     libucrt:lcidtoname_downlevel.obj
 0002:000033a0       ??_C@_15FOMCIDHG@?$AAd?$AAa?$AA?$AA@ 00000001800133a0     libucrt:lcidtoname_downlevel.obj
 0002:000033a8       ??_C@_15NBKABECB@?$AAd?$AAe?$AA?$AA@ 00000001800133a8     libucrt:lcidtoname_downlevel.obj
 0002:000033b0       ??_C@_15GHPEIIAO@?$AAe?$AAl?$AA?$AA@ 00000001800133b0     libucrt:lcidtoname_downlevel.obj
 0002:000033b8       ??_C@_15MNPNEAIF@?$AAe?$AAn?$AA?$AA@ 00000001800133b8     libucrt:lcidtoname_downlevel.obj
 0002:000033c0       ??_C@_15GPIOMPMH@?$AAe?$AAs?$AA?$AA@ 00000001800133c0     libucrt:lcidtoname_downlevel.obj
 0002:000033c8       ??_C@_15NGLOAKJC@?$AAf?$AAi?$AA?$AA@ 00000001800133c8     libucrt:lcidtoname_downlevel.obj
 0002:000033d0       ??_C@_15FBKGNKAM@?$AAf?$AAr?$AA?$AA@ 00000001800133d0     libucrt:lcidtoname_downlevel.obj
 0002:000033d8       ??_C@_15KGGCNEFK@?$AAh?$AAe?$AA?$AA@ 00000001800133d8     libucrt:lcidtoname_downlevel.obj
 0002:000033e0       ??_C@_15PGHLIDMF@?$AAh?$AAu?$AA?$AA@ 00000001800133e0     libucrt:lcidtoname_downlevel.obj
 0002:000033e8       ??_C@_15BIEMAPLM@?$AAi?$AAs?$AA?$AA@ 00000001800133e8     libucrt:lcidtoname_downlevel.obj
 0002:000033f0       ??_C@_15IFJLDHAF@?$AAi?$AAt?$AA?$AA@ 00000001800133f0     libucrt:lcidtoname_downlevel.obj
 0002:000033f8       ??_C@_15GEMIOCAG@?$AAj?$AAa?$AA?$AA@ 00000001800133f8     libucrt:lcidtoname_downlevel.obj
 0002:00003400       ??_C@_15EPELEGJA@?$AAk?$AAo?$AA?$AA@ 0000000180013400     libucrt:lcidtoname_downlevel.obj
 0002:00003408       ??_C@_15NDDHIMN@?$AAn?$AAl?$AA?$AA@ 0000000180013408     libucrt:lcidtoname_downlevel.obj
 0002:00003410       ??_C@_15BPIGNHCD@?$AAn?$AAo?$AA?$AA@ 0000000180013410     libucrt:lcidtoname_downlevel.obj
 0002:00003418       ??_C@_15DEOPBLCG@?$AAp?$AAl?$AA?$AA@ 0000000180013418     libucrt:lcidtoname_downlevel.obj
 0002:00003420       ??_C@_15KBECGEFG@?$AAp?$AAt?$AA?$AA@ 0000000180013420     libucrt:lcidtoname_downlevel.obj
 0002:00003428       ??_C@_15GLJCBFMD@?$AAr?$AAo?$AA?$AA@ 0000000180013428     libucrt:lcidtoname_downlevel.obj
 0002:00003430       ??_C@_15FEDGKCDI@?$AAr?$AAu?$AA?$AA@ 0000000180013430     libucrt:lcidtoname_downlevel.obj
 0002:00003438       ??_C@_15GLKMLLHM@?$AAh?$AAr?$AA?$AA@ 0000000180013438     libucrt:lcidtoname_downlevel.obj
 0002:00003440       ??_C@_15CPKMFBDB@?$AAs?$AAk?$AA?$AA@ 0000000180013440     libucrt:lcidtoname_downlevel.obj
 0002:00003448       ??_C@_15BAAIOGMK@?$AAs?$AAq?$AA?$AA@ 0000000180013448     libucrt:lcidtoname_downlevel.obj
 0002:00003450       ??_C@_15INNPNOHD@?$AAs?$AAv?$AA?$AA@ 0000000180013450     libucrt:lcidtoname_downlevel.obj
 0002:00003458       ??_C@_15CABMMOGH@?$AAt?$AAh?$AA?$AA@ 0000000180013458     libucrt:lcidtoname_downlevel.obj
 0002:00003460       ??_C@_15BPLIHJJM@?$AAt?$AAr?$AA?$AA@ 0000000180013460     libucrt:lcidtoname_downlevel.obj
 0002:00003468       ??_C@_15NEOEKKDJ@?$AAu?$AAr?$AA?$AA@ 0000000180013468     libucrt:lcidtoname_downlevel.obj
 0002:00003470       ??_C@_15NFICGAJK@?$AAi?$AAd?$AA?$AA@ 0000000180013470     libucrt:lcidtoname_downlevel.obj
 0002:00003478       ??_C@_15HPJPHDM@?$AAb?$AAe?$AA?$AA@ 0000000180013478     libucrt:lcidtoname_downlevel.obj
 0002:00003480       ??_C@_15LCHLGJII@?$AAs?$AAl?$AA?$AA@ 0000000180013480     libucrt:lcidtoname_downlevel.obj
 0002:00003488       ??_C@_15PCFJPHHO@?$AAe?$AAt?$AA?$AA@ 0000000180013488     libucrt:lcidtoname_downlevel.obj
 0002:00003490       ??_C@_15HPFPGODN@?$AAl?$AAv?$AA?$AA@ 0000000180013490     libucrt:lcidtoname_downlevel.obj
 0002:00003498       ??_C@_15NFFGKGLG@?$AAl?$AAt?$AA?$AA@ 0000000180013498     libucrt:lcidtoname_downlevel.obj
 0002:000034a0       ??_C@_15BDAKCCHN@?$AAf?$AAa?$AA?$AA@ 00000001800134a0     libucrt:lcidtoname_downlevel.obj
 0002:000034a8       ??_C@_15NFGIAIAJ@?$AAv?$AAi?$AA?$AA@ 00000001800134a8     libucrt:lcidtoname_downlevel.obj
 0002:000034b0       ??_C@_15LMKNDMHN@?$AAh?$AAy?$AA?$AA@ 00000001800134b0     libucrt:lcidtoname_downlevel.obj
 0002:000034b8       ??_C@_15IJBHMCFL@?$AAa?$AAz?$AA?$AA@ 00000001800134b8     libucrt:lcidtoname_downlevel.obj
 0002:000034c0       ??_C@_15EKOFJABL@?$AAe?$AAu?$AA?$AA@ 00000001800134c0     libucrt:lcidtoname_downlevel.obj
 0002:000034c8       ??_C@_15BGHADCNK@?$AAm?$AAk?$AA?$AA@ 00000001800134c8     libucrt:lcidtoname_downlevel.obj
 0002:000034d0       ??_C@_15JDNICKHM@?$AAa?$AAf?$AA?$AA@ 00000001800134d0     libucrt:lcidtoname_downlevel.obj
 0002:000034d8       ??_C@_15KPJEDBKD@?$AAk?$AAa?$AA?$AA@ 00000001800134d8     libucrt:lcidtoname_downlevel.obj
[...]
 0004:000009e4       $pdata$__acrt_get_sigabrt_handler 000000018001c9e4     libucrt:signal.obj
 0004:000009f0       $pdata$raise               000000018001c9f0     libucrt:signal.obj
 0004:000009fc       $pdata$??$?RV<lambda_842d9ff0dc9ef11c61343bbaebe7f885>@@AEAV<lambda_c5860995281e5c4ce005b3de8f5874ee>@@V<lambda_d90129c13df834fdcbf8d2b88dafcf2d>@@@?$__crt_seh_guarded_call@X@@QEAAX$$QEAV<lambda_842d9ff0dc9ef11c61343bbaebe7f885>@@AEAV<lambda_c5860995281e5c4ce005b3de8f5874ee>@@$$QEAV<lambda_d90129c13df834fdcbf8d2b88dafcf2d>@@@Z 000000018001c9fc     libucrt:fflush.obj
 0004:00000a08       $pdata$??$?RV<lambda_886d6c58226a84441f68b9f2b8217b83>@@AEAV<lambda_ab61a845afdef5b7c387490eaf3616ee>@@V<lambda_f7f22ab5edc0698d5f6905b0d3f44752>@@@?$__crt_seh_guarded_call@X@@QEAAX$$QEAV<lambda_886d6c58226a84441f68b9f2b8217b83>@@AEAV<lambda_ab61a845afdef5b7c387490eaf3616ee>@@$$QEAV<lambda_f7f22ab5edc0698d5f6905b0d3f44752>@@@Z 000000018001ca08     libucrt:fflush.obj
 0004:00000a14       $pdata$?common_flush_all@@YAH_N@Z 000000018001ca14     libucrt:fflush.obj
 0004:00000a20       $pdata$__acrt_stdio_flush_nolock 000000018001ca20     libucrt:fflush.obj
 0004:00000a2c       $pdata$_fflush_nolock      000000018001ca2c     libucrt:fflush.obj
 0004:00000a38       $pdata$__acrt_initialize_stdio 000000018001ca38     libucrt:_file.obj
 0004:00000a44       $pdata$__acrt_uninitialize_stdio 000000018001ca44     libucrt:_file.obj
 0004:00000a50       $pdata$_malloc_base        000000018001ca50     libucrt:malloc_base.obj
 0004:00000a5c       $pdata$_mbtowc_l           000000018001ca5c     libucrt:mbtowc.obj
 0004:00000a68       $pdata$_fileno             000000018001ca68     libucrt:fileno.obj
 0004:00000a74       $pdata$__pctype_func       000000018001ca74     libucrt:ctype.obj
 0004:00000a80       $pdata$_isctype_l          000000018001ca80     libucrt:isctype.obj
 0004:00000a8c       $pdata$_isleadbyte_l       000000018001ca8c     libucrt:_wctype.obj
 0004:00000a98       $pdata$?__acrt_LCMapStringA_stat@@YAHPEAU__crt_locale_pointers@@PEB_WKPEBDHPEADHHH@Z 000000018001ca98     libucrt:lcmapstringa.obj
 0004:00000aa4       $pdata$__acrt_LCMapStringA 000000018001caa4     libucrt:lcmapstringa.obj
 0004:00000ab0       $pdata$__acrt_free_locale  000000018001cab0     libucrt:locale_refcounting.obj
 0004:00000abc       $pdata$__acrt_locale_free_lc_time_if_unreferenced 000000018001cabc     libucrt:locale_refcounting.obj
 0004:00000ac8       $pdata$__acrt_release_locale_ref 000000018001cac8     libucrt:locale_refcounting.obj
 0004:00000ad4       $pdata$__acrt_update_thread_locale_data 000000018001cad4     libucrt:locale_refcounting.obj
 0004:00000ae0       $pdata$_updatetlocinfoEx_nolock 000000018001cae0     libucrt:locale_refcounting.obj
 0004:00000aec       $pdata$__acrt_locale_free_monetary 000000018001caec     libucrt:initmon.obj
 0004:00000af8       $pdata$__acrt_locale_free_numeric 000000018001caf8     libucrt:initnum.obj
 0004:00000b04       $pdata$?free_crt_array_internal@@YAXQEAPEBX_K@Z 000000018001cb04     libucrt:inittime.obj
 0004:00000b10       $pdata$__acrt_locale_free_time 000000018001cb10     libucrt:inittime.obj
 0004:00000b1c       $pdata$__acrt_GetStringTypeA 000000018001cb1c     libucrt:getstringtypea.obj
 0004:00000b28       $pdata$qsort               000000018001cb28     libucrt:qsort.obj
 0004:00000b34       $pdata$4$qsort             000000018001cb34     libucrt:qsort.obj
 0004:00000b40       $pdata$5$qsort             000000018001cb40     libucrt:qsort.obj
 0004:00000b4c       $pdata$strncpy_s           000000018001cb4c     libucrt:strncpy_s.obj
 0004:00000b58       $pdata$fallbackMethod      000000018001cb58     libucrt:strpbrk.obj
 0004:00000b64       $pdata$strpbrk             000000018001cb64     libucrt:strpbrk.obj
 0004:00000b70       $pdata$??$__acrt_convert_wcs_mbs@D_W$$A6A_KPEA_WPEBD_KPEAU__crt_locale_pointers@@@ZU__crt_win32_buffer_internal_dynamic_resizing@@@@YAHQEBDAEAV?$__crt_win32_buffer@_WU__crt_win32_buffer_internal_dynamic_resizing@@@@A6A_KPEA_WPEBD_KPEAU__crt_locale_pointers@@@Z5@Z 000000018001cb70     libucrt:findfirstfileexa.obj
 0004:00000b7c       $pdata$__acrt_FindFirstFileExA 000000018001cb7c     libucrt:findfirstfileexa.obj
 0004:00000b88       $pdata$??$__acrt_convert_wcs_mbs@_WD$$A6A_KPEADPEB_W_KPEAU__crt_locale_pointers@@@ZU__crt_win32_buffer_no_resizing@@@@YAHQEB_WAEAV?$__crt_win32_buffer@DU__crt_win32_buffer_no_resizing@@@@A6A_KPEADPEB_W_KPEAU__crt_locale_pointers@@@Z5@Z 000000018001cb88     libucrt:findnextfilea.obj
 0004:00000b94       $pdata$__acrt_FindNextFileA 000000018001cb94     libucrt:findnextfilea.obj
 0004:00000ba0       $pdata$_mbsdec_l           000000018001cba0     libucrt:mbsdec.obj
 0004:00000bac       $pdata$?_mbstowcs_l_helper@@YA_KPEA_WPEBD_KPEAU__crt_locale_pointers@@@Z 000000018001cbac     libucrt:mbstowcs.obj
 0004:00000bb8       $pdata$?initialize_multibyte@@YAHXZ 000000018001cbb8     libucrt:multibyte_initializer.obj
 0004:00000bc4       $pdata$_msize_base         000000018001cbc4     libucrt:msize.obj
 0004:00000bd0       $pdata$_realloc_base       000000018001cbd0     libucrt:realloc_base.obj
 0004:00000bdc       $pdata$?GetTableIndexFromLocaleName@@YAHPEB_W@Z 000000018001cbdc     libucrt:lcidtoname_downlevel.obj
 0004:00000be8       $pdata$__acrt_DownlevelLocaleNameToLCID 000000018001cbe8     libucrt:lcidtoname_downlevel.obj
 0004:00000bf4       $pdata$__acrt_lowio_create_handle_array 000000018001cbf4     libucrt:osfinfo.obj
 0004:00000c00       $pdata$__acrt_lowio_destroy_handle_array 000000018001cc00     libucrt:osfinfo.obj
 0004:00000c0c       $pdata$__acrt_lowio_ensure_fh_exists 000000018001cc0c     libucrt:osfinfo.obj
 0004:00000c18       $pdata$_free_osfhnd        000000018001cc18     libucrt:osfinfo.obj
 0004:00000c24       $pdata$_get_osfhandle      000000018001cc24     libucrt:osfinfo.obj
 0004:00000c30       $pdata$??$?RV<lambda_a37b2b86f63e897a80ea819b0eb08c01>@@AEAV<lambda_38ce7e780aa69e748d6df282ebc68efe>@@V<lambda_99fb1378e971ab6e7edea83e3a7a83a2>@@@?$__crt_seh_guarded_call@H@@QEAAH$$QEAV<lambda_a37b2b86f63e897a80ea819b0eb08c01>@@AEAV<lambda_38ce7e780aa69e748d6df282ebc68efe>@@$$QEAV<lambda_99fb1378e971ab6e7edea83e3a7a83a2>@@@Z 000000018001cc30     libucrt:commit.obj
 0004:00000c3c       $pdata$_commit             000000018001cc3c     libucrt:commit.obj
 0004:00000c48       $pdata$?write_double_translated_ansi_nolock@@YA?AUwrite_result@?A0x17268360@@HQEBDI@Z 000000018001cc48     libucrt:write.obj
 0004:00000c54       $pdata$?write_text_ansi_nolock@@YA?AUwrite_result@?A0x17268360@@HQEBDI@Z 000000018001cc54     libucrt:write.obj
 0004:00000c60       $pdata$?write_text_utf16le_nolock@@YA?AUwrite_result@?A0x17268360@@HQEBDI@Z 000000018001cc60     libucrt:write.obj
 0004:00000c6c       $pdata$?write_text_utf8_nolock@@YA?AUwrite_result@?A0x17268360@@HQEBDI@Z 000000018001cc6c     libucrt:write.obj
 0004:00000c78       $pdata$_write              000000018001cc78     libucrt:write.obj
 0004:00000c84       $pdata$_write_nolock       000000018001cc84     libucrt:write.obj
 0004:00000c90       $pdata$_fcloseall          000000018001cc90     libucrt:closeall.obj
 0004:00000c9c       $pdata$__acrt_stdio_free_buffer_nolock 000000018001cc9c     libucrt:_freebuf.obj
 0004:00000ca8       $pdata$_isatty             000000018001cca8     libucrt:isatty.obj
 0004:00000cb4       $pdata$?__mbrtowc_utf8@__crt_mbstring@@YA_KPEA_WPEBD_KPEAU_Mbstatet@@@Z 000000018001ccb4     libucrt:mbrtowc.obj
 0004:00000cc0       $pdata$?__mbsrtowcs_utf8@__crt_mbstring@@YA_KPEA_WPEAPEBD_KPEAU_Mbstatet@@@Z 000000018001ccc0     libucrt:mbrtowc.obj
 0004:00000ccc       $pdata$?_wcstombs_l_helper@@YA_KPEADPEB_W_KPEAU__crt_locale_pointers@@@Z 000000018001cccc     libucrt:wcstombs.obj
 0004:00000cd8       $pdata$??$common_lseek_nolock@_J@@YA_JH_JH@Z 000000018001ccd8     libucrt:lseek.obj
 0004:00000ce4       $pdata$_putwch_nolock      000000018001cce4     libucrt:putwch.obj
 0004:00000cf0       $pdata$_fclose_nolock      000000018001ccf0     libucrt:fclose.obj
 0004:00000cfc       $pdata$fclose              000000018001ccfc     libucrt:fclose.obj
 0004:00000d08       $pdata$?__mbrtoc32_utf8@__crt_mbstring@@YA_KPEA_UPEBD_KPEAU_Mbstatet@@@Z 000000018001cd08     libucrt:mbrtoc32.obj
 0004:00000d20       $pdata$?__wcsrtombs_utf8@__crt_mbstring@@YA_KPEADPEAPEB_W_KPEAU_Mbstatet@@@Z 000000018001cd20     libucrt:wcrtomb.obj
 0004:00000d2c       $pdata$__dcrt_lowio_ensure_console_output_initialized 000000018001cd2c     libucrt:initcon.obj
 0004:00000d38       $pdata$__dcrt_terminate_console_output 000000018001cd38     libucrt:initcon.obj
 0004:00000d44       $pdata$__dcrt_write_console 000000018001cd44     libucrt:initcon.obj
 0004:00000d50       $pdata$??$?RV<lambda_751a882b2c74d4b022dec766aa51a29a>@@AEAV<lambda_628dfdc04ba53c8bfc02c9951375f3f5>@@V<lambda_f6c7be5f7998530c34de24c7437d6b54>@@@?$__crt_seh_guarded_call@H@@QEAAH$$QEAV<lambda_751a882b2c74d4b022dec766aa51a29a>@@AEAV<lambda_628dfdc04ba53c8bfc02c9951375f3f5>@@$$QEAV<lambda_f6c7be5f7998530c34de24c7437d6b54>@@@Z 000000018001cd50     libucrt:close.obj
 0004:00000d5c       $pdata$_close              000000018001cd5c     libucrt:close.obj
 0004:00000d68       $pdata$_close_nolock       000000018001cd68     libucrt:close.obj
 0004:00000d74       $pdata$_call_matherr       000000018001cd74     libucrt:libm_error.obj
 0004:00000d80       $pdata$_exception_enabled  000000018001cd80     libucrt:libm_error.obj
 0004:00000d8c       $pdata$_handle_error       000000018001cd8c     libucrt:libm_error.obj
 0004:00000d98       $pdata$__acrt_initialize_fma3 000000018001cd98     libucrt:fma3_available.obj
 0004:00000da4       $pdata$_log10_special      000000018001cda4     libucrt:log_special.obj
 0004:00000db0       $pdata$_log_special_common 000000018001cdb0     libucrt:log_special.obj
 0004:00000dbc       $pdata$?__c16rtomb_utf8@__crt_mbstring@@YA_KPEAD_SPEAU_Mbstatet@@@Z 000000018001cdbc     libucrt:c16rtomb.obj
 0004:00000dd4       $pdata$_raise_exc          000000018001cdd4     libucrt:fpexcept.obj
 0004:00000de0       $pdata$_raise_exc_ex       000000018001cde0     libucrt:fpexcept.obj
 0004:00000dec       $pdata$_set_errno_from_matherr 000000018001cdec     libucrt:fpexcept.obj
 0004:00000df8       $pdata$_clrfp              000000018001cdf8     libucrt:fpctrl.obj
 0004:00000e04       $pdata$_ctrlfp             000000018001ce04     libucrt:fpctrl.obj
 0004:00000e10       $pdata$_set_statfp         000000018001ce10     libucrt:fpctrl.obj
 0004:00000e1c       $pdata$_statfp             000000018001ce1c     libucrt:fpctrl.obj
 0004:00000e28       $pdata$?__c32rtomb_utf8@__crt_mbstring@@YA_KPEAD_UPEAU_Mbstatet@@@Z 000000018001ce28     libucrt:c32rtomb.obj
 0004:00000e34       $pdata$?DloadAcquireSectionWriteAccess@@YAXXZ 000000018001ce34     DelayImp:delayhlp.obj
 0004:00000e40       $pdata$?DloadGetSRWLockFunctionPointers@@YAEXZ 000000018001ce40     DelayImp:delayhlp.obj
 0004:00000e4c       $pdata$?DloadMakePermanentImageCommit@@YAXPEAX_K@Z 000000018001ce4c     DelayImp:delayhlp.obj
 0004:00000e58       $pdata$?DloadObtainSection@@YAPEAXPEAK0@Z 000000018001ce58     DelayImp:delayhlp.obj
 0004:00000e64       $pdata$?DloadProtectSection@@YAXKPEAK@Z 000000018001ce64     DelayImp:delayhlp.obj
 0004:00000e70       $pdata$?DloadReleaseSectionWriteAccess@@YAXXZ 000000018001ce70     DelayImp:delayhlp.obj
 0004:00000e7c       $pdata$__delayLoadHelper2  000000018001ce7c     DelayImp:delayhlp.obj
 0004:00000e88       $pdata$_IsNonwritableInCurrentImage 000000018001ce88     LIBCMT:pesect.obj
 0004:00000e94       $pdata$__GSHandlerCheck    000000018001ce94     LIBCMT:_gshandler_.obj
 0004:00000ea0       $pdata$__GSHandlerCheckCommon 000000018001cea0     LIBCMT:_gshandler_.obj
 0004:00000eac       $pdata$??_Gtype_info@@UEAAPEAXI@Z 000000018001ceac     LIBCMT:std_type_info_static.obj
 0004:00000ec4       $pdata$__GSHandlerCheck_EH 000000018001cec4     LIBCMT:gshandlereh.obj
 0004:00000ee8       $pdata$?fin$0@?0??dllmain_crt_process_attach@@YAHQEAUHINSTANCE__@@QEAX@Z@4HA 000000018001cee8     LIBCMT:dll_dllmain.obj
 0004:00000ef4       $pdata$?fin$0@?0??dllmain_crt_process_detach@@YAH_N@Z@4HA 000000018001cef4     LIBCMT:dll_dllmain.obj
 0004:00000f00       $pdata$?filt$0@?0??dllmain_dispatch@@YAHQEAUHINSTANCE__@@KQEAX@Z@4HA 000000018001cf00     LIBCMT:dll_dllmain.obj
 0004:00000f0c       $pdata$__scrt_is_nonwritable_in_current_image$filt$0 000000018001cf0c     LIBCMT:utility.obj
 0004:00000f18       $pdata$_CallSETranslator$filt$0 000000018001cf18     libvcruntime:risctrnsctrl.obj
 0004:00000f24       $pdata$__CxxCallCatchBlock$filt$0 000000018001cf24     libvcruntime:frame.obj
 0004:00000f30       $pdata$__CxxCallCatchBlock$fin$1 000000018001cf30     libvcruntime:frame.obj
 0004:00000f3c       $pdata$__FrameUnwindToState$filt$0 000000018001cf3c     libvcruntime:frame.obj
 0004:00000f48       $pdata$__FrameUnwindToState$fin$1 000000018001cf48     libvcruntime:frame.obj
 0004:00000f54       $pdata$__DestructExceptionObject$filt$0 000000018001cf54     libvcruntime:ehhelpers.obj
 0004:00000f60       $pdata$?fin$0@?0???$?RV<lambda_7777bce6b2f8c936911f934f8298dc43>@@AEAV<lambda_f03950bc5685219e0bcd2087efbe011e>@@V<lambda_3883c3dff614d5e0c5f61bb1ac94921c>@@@?$__crt_seh_guarded_call@H@@QEAAH$$QEAV<lambda_7777bce6b2f8c936911f934f8298dc43>@@AEAV<lambda_f03950bc5685219e0bcd2087efbe011e>@@$$QEAV<lambda_3883c3dff614d5e0c5f61bb1ac94921c>@@@Z@4HA 000000018001cf60     libucrt:onexit.obj
 0004:00000f60       $pdata$?fin$0@?0???$?RV<lambda_f2e299630e499de9f9a165e60fcd3db5>@@AEAV<lambda_2ae9d31cdba2644fcbeaf08da7c24588>@@V<lambda_40d01ff24d0e7b3814fdbdcee8eab3c7>@@@?$__crt_seh_guarded_call@X@@QEAAX$$QEAV<lambda_f2e299630e499de9f9a165e60fcd3db5>@@AEAV<lambda_2ae9d31cdba2644fcbeaf08da7c24588>@@$$QEAV<lambda_40d01ff24d0e7b3814fdbdcee8eab3c7>@@@Z@4HA 000000018001cf60     libucrt:per_thread_data.obj
 0004:00000f60       $pdata$?fin$0@?0???$?RV<lambda_2d41944a1d46af3157314b8a01080d33>@@AEAV<lambda_8f455de75cd7d7f24b4096f044d8b9e6>@@V<lambda_aa500f224e6afead328df44964fe2772>@@@?$__crt_seh_guarded_call@X@@QEAAX$$QEAV<lambda_2d41944a1d46af3157314b8a01080d33>@@AEAV<lambda_8f455de75cd7d7f24b4096f044d8b9e6>@@$$QEAV<lambda_aa500f224e6afead328df44964fe2772>@@@Z@4HA 000000018001cf60     libucrt:per_thread_data.obj
 0004:00000f60       $pdata$?fin$0@?0???$?RV<lambda_450d765d439847d4c735a33c368b5fc0>@@AEAV<lambda_44731a7d0e6d81c3e6aa82d741081786>@@V<lambda_601a2a7da3b7a96e9554ac7215c4b07c>@@@?$__crt_seh_guarded_call@P6AXH@Z@@QEAAP6AXH@Z$$QEAV<lambda_450d765d439847d4c735a33c368b5fc0>@@AEAV<lambda_44731a7d0e6d81c3e6aa82d741081786>@@$$QEAV<lambda_601a2a7da3b7a96e9554ac7215c4b07c>@@@Z@4HA 000000018001cf60     libucrt:signal.obj
 0004:00000f60       $pdata$?fin$0@?0???$?RV<lambda_aa87e3671a710a21b5dc78c0bdf72e11>@@AEAV<lambda_92619d2358a28f41a33ba319515a20b9>@@V<lambda_6992ecaafeb10aed2b74cb1fae11a551>@@@?$__crt_seh_guarded_call@X@@QEAAX$$QEAV<lambda_aa87e3671a710a21b5dc78c0bdf72e11>@@AEAV<lambda_92619d2358a28f41a33ba319515a20b9>@@$$QEAV<lambda_6992ecaafeb10aed2b74cb1fae11a551>@@@Z@4HA 000000018001cf60     libucrt:per_thread_data.obj
 0004:00000f60       $pdata$?fin$0@?0???$?RV<lambda_d80eeec6fff315bfe5c115232f3240e3>@@AEAV<lambda_6e4b09c48022b2350581041d5f6b0c4c>@@V<lambda_2358e3775559c9db80273638284d5e45>@@@?$__crt_seh_guarded_call@X@@QEAAX$$QEAV<lambda_d80eeec6fff315bfe5c115232f3240e3>@@AEAV<lambda_6e4b09c48022b2350581041d5f6b0c4c>@@$$QEAV<lambda_2358e3775559c9db80273638284d5e45>@@@Z@4HA 000000018001cf60     libucrt:exit.obj
 0004:00000f60       $pdata$?fin$0@?0???$?RV<lambda_efdfa57d1f175319df784efa44bb7b81>@@AEAV<lambda_5f0a4c1567f8adc6734073e5d1e1b35c>@@V<lambda_2e8a7d3640ea6ccb4c2413664c2db6fd>@@@?$__crt_seh_guarded_call@X@@QEAAX$$QEAV<lambda_efdfa57d1f175319df784efa44bb7b81>@@AEAV<lambda_5f0a4c1567f8adc6734073e5d1e1b35c>@@$$QEAV<lambda_2e8a7d3640ea6ccb4c2413664c2db6fd>@@@Z@4HA 000000018001cf60     libucrt:mbctype.obj
 0004:00000f60       $pdata$?fin$0@?0???$?RV<lambda_0ae27a3a962d80f24befdcbee591983d>@@AEAV<lambda_8d0ee55de4b1038c4002e0adecdf1839>@@V<lambda_dc504788e8f1664fe9b84e20bfb512f2>@@@?$__crt_seh_guarded_call@X@@QEAAX$$QEAV<lambda_0ae27a3a962d80f24befdcbee591983d>@@AEAV<lambda_8d0ee55de4b1038c4002e0adecdf1839>@@$$QEAV<lambda_dc504788e8f1664fe9b84e20bfb512f2>@@@Z@4HA 000000018001cf60     libucrt:per_thread_data.obj
 0004:00000f6c       $pdata$?filt$0@?0???R<lambda_6e4b09c48022b2350581041d5f6b0c4c>@@QEBA@XZ@4HA 000000018001cf6c     libucrt:exit.obj
 0004:00000f78       $pdata$?fin$0@?0???$?RV<lambda_410d79af7f07d98d83a3f525b3859a53>@@AEAV<lambda_3e16ef9562a7dcce91392c22ab16ea36>@@V<lambda_38119f0e861e05405d8a144b9b982f0a>@@@?$__crt_seh_guarded_call@X@@QEAAX$$QEAV<lambda_410d79af7f07d98d83a3f525b3859a53>@@AEAV<lambda_3e16ef9562a7dcce91392c22ab16ea36>@@$$QEAV<lambda_38119f0e861e05405d8a144b9b982f0a>@@@Z@4HA 000000018001cf78     libucrt:wsetlocale.obj
 0004:00000f84       $pdata$?fin$0@?0??update_thread_multibyte_data_internal@@YAPEAU__crt_multibyte_data@@QEAU__acrt_ptd@@QEAPEAU1@@Z@4HA 000000018001cf84     libucrt:mbctype.obj
 0004:00000f90       $pdata$__acrt_lowio_ensure_fh_exists$fin$0 000000018001cf90     libucrt:osfinfo.obj
 0004:00000f90       $pdata$__acrt_initialize_lowio$fin$0 000000018001cf90     libucrt:ioinit.obj
 0004:00000f9c       $pdata$_query_new_handler$fin$0 000000018001cf9c     libucrt:new_handler.obj
 0004:00000fa8       $pdata$raise$fin$0         000000018001cfa8     libucrt:signal.obj
 0004:00000fb4       $pdata$?fin$0@?0???$?RV<lambda_842d9ff0dc9ef11c61343bbaebe7f885>@@AEAV<lambda_c5860995281e5c4ce005b3de8f5874ee>@@V<lambda_d90129c13df834fdcbf8d2b88dafcf2d>@@@?$__crt_seh_guarded_call@X@@QEAAX$$QEAV<lambda_842d9ff0dc9ef11c61343bbaebe7f885>@@AEAV<lambda_c5860995281e5c4ce005b3de8f5874ee>@@$$QEAV<lambda_d90129c13df834fdcbf8d2b88dafcf2d>@@@Z@4HA 000000018001cfb4     libucrt:fflush.obj
 0004:00000fc0       $pdata$?fin$0@?0???$?RV<lambda_886d6c58226a84441f68b9f2b8217b83>@@AEAV<lambda_ab61a845afdef5b7c387490eaf3616ee>@@V<lambda_f7f22ab5edc0698d5f6905b0d3f44752>@@@?$__crt_seh_guarded_call@X@@QEAAX$$QEAV<lambda_886d6c58226a84441f68b9f2b8217b83>@@AEAV<lambda_ab61a845afdef5b7c387490eaf3616ee>@@$$QEAV<lambda_f7f22ab5edc0698d5f6905b0d3f44752>@@@Z@4HA 000000018001cfc0     libucrt:fflush.obj
 0004:00000fcc       $pdata$__acrt_update_thread_locale_data$fin$0 000000018001cfcc     libucrt:locale_refcounting.obj
 0004:00000fd8       $pdata$?fin$0@?0???$?RV<lambda_a37b2b86f63e897a80ea819b0eb08c01>@@AEAV<lambda_38ce7e780aa69e748d6df282ebc68efe>@@V<lambda_99fb1378e971ab6e7edea83e3a7a83a2>@@@?$__crt_seh_guarded_call@H@@QEAAH$$QEAV<lambda_a37b2b86f63e897a80ea819b0eb08c01>@@AEAV<lambda_38ce7e780aa69e748d6df282ebc68efe>@@$$QEAV<lambda_99fb1378e971ab6e7edea83e3a7a83a2>@@@Z@4HA 000000018001cfd8     libucrt:commit.obj
 0004:00000fd8       $pdata$?fin$0@?0???$?RV<lambda_751a882b2c74d4b022dec766aa51a29a>@@AEAV<lambda_628dfdc04ba53c8bfc02c9951375f3f5>@@V<lambda_f6c7be5f7998530c34de24c7437d6b54>@@@?$__crt_seh_guarded_call@H@@QEAAH$$QEAV<lambda_751a882b2c74d4b022dec766aa51a29a>@@AEAV<lambda_628dfdc04ba53c8bfc02c9951375f3f5>@@$$QEAV<lambda_f6c7be5f7998530c34de24c7437d6b54>@@@Z@4HA 000000018001cfd8     libucrt:close.obj
 0004:00000fe4       $pdata$_write$fin$0        000000018001cfe4     libucrt:write.obj
 0004:00000ff0       $pdata$_fcloseall$fin$0    000000018001cff0     libucrt:closeall.obj
 0004:00000ffc       $pdata$fclose$fin$0        000000018001cffc     libucrt:fclose.obj
 0004:00001008       $pdata$_ctrlfp$filt$0      000000018001d008     libucrt:fpctrl.obj
 0004:00001014       $pdata$_IsNonwritableInCurrentImage$filt$0 000000018001d014     LIBCMT:pesect.obj
 0005:00000060       $R000000                   000000018001e060     * linker generated manifest res *

 Exports

  ordinal    name

        1    _register_win32ipc_
