 win32ipc

 Timestamp is 5bf5169d (Wed Nov 21 16:26:05 2018)

 Preferred load address is 0000000180000000

 Start         Length     Name                   Class
 0001:00000000 0000aae0H .text$mn                CODE
 0001:0000aae0 00000020H .text$mn$00             CODE
 0001:0000ab00 00000260H .text$x                 CODE
 0002:00000000 00000250H .idata$5                DATA
 0002:00000250 00000010H .00cfg                  DATA
 0002:00000260 00000008H .CRT$XCA                DATA
 0002:00000268 00000008H .CRT$XCU                DATA
 0002:00000270 00000008H .CRT$XCZ                DATA
 0002:00000278 00000008H .CRT$XIA                DATA
 0002:00000280 00000018H .CRT$XIC                DATA
 0002:00000298 00000008H .CRT$XIZ                DATA
 0002:000002a0 00000008H .CRT$XPA                DATA
 0002:000002a8 00000010H .CRT$XPX                DATA
 0002:000002b8 00000008H .CRT$XPXA               DATA
 0002:000002c0 00000008H .CRT$XPZ                DATA
 0002:000002c8 00000008H .CRT$XTA                DATA
 0002:000002d0 00000010H .CRT$XTZ                DATA
 0002:000002e0 00007158H .rdata                  DATA
 0002:00007438 00000000H .rdata$r                DATA
 0002:00007438 000003a8H .rdata$zzzdbg           DATA
 0002:000077e0 00000008H .rtc$IAA                DATA
 0002:000077e8 00000008H .rtc$IZZ                DATA
 0002:000077f0 00000008H .rtc$TAA                DATA
 0002:000077f8 00000008H .rtc$TZZ                DATA
 0002:00007800 00000b1cH .xdata                  DATA
 0002:0000831c 00000020H .didat$2                DATA
 0002:0000833c 00000024H .didat$3                DATA
 0002:00008360 00000078H .didat$4                DATA
 0002:000083d8 000003e0H .didat$6                DATA
 0002:000087b8 00000078H .didat$7                DATA
 0002:00008830 00000054H .edata                  DATA
 0002:00008884 00000014H .idata$2                DATA
 0002:00008898 00000018H .idata$3                DATA
 0002:000088b0 00000250H .idata$4                DATA
 0002:00008b00 00000560H .idata$6                DATA
 0003:00000000 00000920H .data                   DATA
 0003:00000920 00000000H .data$r                 DATA
 0003:00000920 00000080H .didat$5                DATA
 0003:000009a0 000011e8H .bss                    DATA
 0004:00000000 00000d74H .pdata                  DATA
 0005:00000000 00000080H .gfids$x                DATA
 0005:00000080 00000014H .gfids$y                DATA
 0006:00000000 00000060H .rsrc$01                DATA
 0006:00000060 00000180H .rsrc$02                DATA

  Address         Publics by Value              Rva+Base               Lib:Object

 0000:00000000       __guard_iat_count          0000000000000000     <absolute>
 0000:00000000       __dynamic_value_reloc_table 0000000000000000     <absolute>
 0000:00000000       __guard_iat_table          0000000000000000     <absolute>
 0000:00000000       __guard_longjmp_table      0000000000000000     <absolute>
 0000:00000000       __guard_longjmp_count      0000000000000000     <absolute>
 0000:00000000       __guard_fids_count         0000000000000000     <absolute>
 0000:00000000       ___safe_se_handler_table   0000000000000000     <absolute>
 0000:00000000       ___safe_se_handler_count   0000000000000000     <absolute>
 0000:00000000       __guard_fids_table         0000000000000000     <absolute>
 0000:00000100       __guard_flags              0000000000000100     <absolute>
 0000:00000000       __ImageBase                0000000180000000     <linker-defined>
 0001:00000000       ?CreatePipe@@YAXAEBV?$FunctionCallbackInfo@VValue@v8@@@v8@@@Z 0000000180001000 f   module.obj
 0001:00000380       ?Init@@YAXV?$Local@VObject@v8@@@v8@@@Z 0000000180001380 f   module.obj
 0001:00000420       ?create_pipe@pipe_wrapper@@YA?AU?$result@Upipe@pipe_wrapper@@@1@W4pipe_direction@1@@Z 0000000180001420 f   pipe_wrapper.obj
 0001:0000058c       __imp_load_?ThrowException@Isolate@v8@@QEAA?AV?$Local@VValue@v8@@@2@V32@@Z 000000018000158c f   node:node.exe
 0001:00000598       __tailMerge_node_exe       0000000180001598 f i node:node.exe
 0001:00000611       __imp_load_?GetCurrent@Isolate@v8@@SAPEAV12@XZ 0000000180001611 f   node:node.exe
 0001:0000061d       __imp_load_?Error@Exception@v8@@SA?AV?$Local@VValue@v8@@@2@V?$Local@VString@v8@@@2@@Z 000000018000161d f   node:node.exe
 0001:00000629       __imp_load_?TypeError@Exception@v8@@SA?AV?$Local@VValue@v8@@@2@V?$Local@VString@v8@@@2@@Z 0000000180001629 f   node:node.exe
 0001:00000635       __imp_load_?GetFunction@FunctionTemplate@v8@@QEAA?AV?$Local@VFunction@v8@@@2@XZ 0000000180001635 f   node:node.exe
 0001:00000641       __imp_load_?New@FunctionTemplate@v8@@SA?AV?$Local@VFunctionTemplate@v8@@@2@PEAVIsolate@2@P6AXAEBV?$FunctionCallbackInfo@VValue@v8@@@2@@ZV?$Local@VValue@v8@@@2@V?$Local@VSignature@v8@@@2@HW4ConstructorBehavior@2@@Z 0000000180001641 f   node:node.exe
 0001:0000064d       __imp_load_??1Utf8Value@String@v8@@QEAA@XZ 000000018000164d f   node:node.exe
 0001:00000659       __imp_load_??0Utf8Value@String@v8@@QEAA@V?$Local@VValue@v8@@@2@@Z 0000000180001659 f   node:node.exe
 0001:00000665       __imp_load_?NewFromUtf8@String@v8@@SA?AV?$Local@VString@v8@@@2@PEAVIsolate@2@PEBDW4NewStringType@12@H@Z 0000000180001665 f   node:node.exe
 0001:00000671       __imp_load_?New@Number@v8@@SA?AV?$Local@VNumber@v8@@@2@PEAVIsolate@2@N@Z 0000000180001671 f   node:node.exe
 0001:0000067d       __imp_load_?New@Object@v8@@SA?AV?$Local@VObject@v8@@@2@PEAVIsolate@2@@Z 000000018000167d f   node:node.exe
 0001:00000689       __imp_load_?Set@Object@v8@@QEAA_NV?$Local@VValue@v8@@@2@0@Z 0000000180001689 f   node:node.exe
 0001:00000695       __imp_load_node_module_register 0000000180001695 f   node:node.exe
 0001:000006a1       __imp_load_?ToString@Value@v8@@QEBA?AV?$Local@VString@v8@@@2@XZ 00000001800016a1 f   node:node.exe
 0001:000006c0       __security_check_cookie    00000001800016c0 f   LIBCMT:_amdsecgs_.obj
 0001:00000a30       _DllMainCRTStartup         0000000180001a30 f   LIBCMT:dll_dllmain.obj
 0001:00000a70       __raise_securityfailure    0000000180001a70 f   LIBCMT:gs_report.obj
 0001:00000aa4       __report_gsfailure         0000000180001aa4 f   LIBCMT:gs_report.obj
 0001:00000b78       __report_rangecheckfailure 0000000180001b78 f   LIBCMT:gs_report.obj
 0001:00000b8c       __report_securityfailure   0000000180001b8c f   LIBCMT:gs_report.obj
 0001:00000d0c       __scrt_acquire_startup_lock 0000000180001d0c f   LIBCMT:utility.obj
 0001:00000d48       __scrt_dllmain_after_initialize_c 0000000180001d48 f   LIBCMT:utility.obj
 0001:00000d7c       __scrt_dllmain_before_initialize_c 0000000180001d7c f   LIBCMT:utility.obj
 0001:00000d94       __scrt_dllmain_crt_thread_attach 0000000180001d94 f   LIBCMT:utility.obj
 0001:00000dbc       __scrt_dllmain_crt_thread_detach 0000000180001dbc f   LIBCMT:utility.obj
 0001:00000dd4       __scrt_dllmain_exception_filter 0000000180001dd4 f   LIBCMT:utility.obj
 0001:00000e38       __scrt_dllmain_uninitialize_c 0000000180001e38 f   LIBCMT:utility.obj
 0001:00000e68       __scrt_dllmain_uninitialize_critical 0000000180001e68 f   LIBCMT:utility.obj
 0001:00000e7c       __scrt_initialize_crt      0000000180001e7c f   LIBCMT:utility.obj
 0001:00000ec8       __scrt_initialize_onexit_tables 0000000180001ec8 f   LIBCMT:utility.obj
 0001:00000f94       __scrt_is_nonwritable_in_current_image 0000000180001f94 f   LIBCMT:utility.obj
 0001:00001030       __scrt_release_startup_lock 0000000180002030 f   LIBCMT:utility.obj
 0001:00001054       __scrt_uninitialize_crt    0000000180002054 f   LIBCMT:utility.obj
 0001:00001080       _onexit                    0000000180002080 f   LIBCMT:utility.obj
 0001:000010d0       atexit                     00000001800020d0 f   LIBCMT:utility.obj
 0001:000010e8       __security_init_cookie     00000001800020e8 f   LIBCMT:gs_support.obj
 0001:00001194       _get_startup_argv_mode     0000000180002194 f   LIBCMT:argv_mode.obj
 0001:00001194       DllMain                    0000000180002194 f   LIBCMT:dll_dllmain_stub.obj
 0001:0000119c       ?__scrt_initialize_type_info@@YAXXZ 000000018000219c f   LIBCMT:tncleanup.obj
 0001:000011ac       ?__scrt_uninitialize_type_info@@YAXXZ 00000001800021ac f   LIBCMT:tncleanup.obj
 0001:000011b8       __local_stdio_printf_options 00000001800021b8 f i LIBCMT:default_local_stdio_options.obj
 0001:000011c0       __local_stdio_scanf_options 00000001800021c0 f i LIBCMT:default_local_stdio_options.obj
 0001:000011c8       __scrt_initialize_default_local_stdio_options 00000001800021c8 f   LIBCMT:default_local_stdio_options.obj
 0001:000011e4       __scrt_get_dyn_tls_init_callback 00000001800021e4 f   LIBCMT:dyn_tls_init.obj
 0001:000011ec       __crt_debugger_hook        00000001800021ec f   LIBCMT:utility_desktop.obj
 0001:000011f4       __scrt_fastfail            00000001800021f4 f   LIBCMT:utility_desktop.obj
 0001:0000133c       _RTC_Initialize            000000018000233c f   LIBCMT:_initsect_.obj
 0001:00001388       _RTC_Terminate             0000000180002388 f   LIBCMT:_initsect_.obj
 0001:000013d4       _guard_check_icall         00000001800023d4 f i LIBCMT:checkcfg.obj
 0001:000013dc       __isa_available_init       00000001800023dc f   LIBCMT:_cpu_disp_.obj
 0001:000015a4       __scrt_is_ucrt_dll_in_use  00000001800025a4 f   LIBCMT:ucrt_detection.obj
 0001:000015b0       __except_validate_context_record 00000001800025b0 f i libvcruntime:jbcxrval.obj
 0001:000015b0       _guard_check_icall_nop     00000001800025b0 f i LIBCMT:guard_support.obj
 0001:000015c0       __C_specific_handler       00000001800025c0 f   libvcruntime:_chandler_.obj
 0001:000017bc       __vcrt_initialize          00000001800027bc f   libvcruntime:initialization.obj
 0001:000017f0       __vcrt_thread_attach       00000001800027f0 f   libvcruntime:initialization.obj
 0001:00001804       __vcrt_thread_detach       0000000180002804 f   libvcruntime:initialization.obj
 0001:00001818       __vcrt_uninitialize        0000000180002818 f   libvcruntime:initialization.obj
 0001:00001838       __vcrt_uninitialize_critical 0000000180002838 f   libvcruntime:initialization.obj
 0001:00001848       __std_type_info_destroy_list 0000000180002848 f   libvcruntime:std_type_info.obj
 0001:00001890       memset                     0000000180002890 f   libvcruntime:memset.obj
 0001:00001a40       _local_unwind              0000000180002a40 f   libvcruntime:_jmpuwind_.obj
 0001:00001a70       _NLG_Notify                0000000180002a70 f   libvcruntime:_jmpuwind_.obj
 0001:00001a90       __NLG_Dispatch2            0000000180002a90 f   libvcruntime:_jmpuwind_.obj
 0001:00001aa0       __NLG_Return2              0000000180002aa0 f   libvcruntime:_jmpuwind_.obj
 0001:00001aa4       __vcrt_freefls             0000000180002aa4 f   libvcruntime:per_thread_data.obj
 0001:00001ac4       __vcrt_freeptd             0000000180002ac4 f   libvcruntime:per_thread_data.obj
 0001:00001b14       __vcrt_getptd_noexit       0000000180002b14 f   libvcruntime:per_thread_data.obj
 0001:00001bcc       __vcrt_initialize_ptd      0000000180002bcc f   libvcruntime:per_thread_data.obj
 0001:00001c0c       __vcrt_uninitialize_ptd    0000000180002c0c f   libvcruntime:per_thread_data.obj
 0001:00001c30       __vcrt_initialize_locks    0000000180002c30 f   libvcruntime:locks.obj
 0001:00001c78       __vcrt_uninitialize_locks  0000000180002c78 f   libvcruntime:locks.obj
 0001:00001e78       __vcrt_FlsAlloc            0000000180002e78 f   libvcruntime:winapi_downlevel.obj
 0001:00001ecc       __vcrt_FlsFree             0000000180002ecc f   libvcruntime:winapi_downlevel.obj
 0001:00001f20       __vcrt_FlsGetValue         0000000180002f20 f   libvcruntime:winapi_downlevel.obj
 0001:00001f74       __vcrt_FlsSetValue         0000000180002f74 f   libvcruntime:winapi_downlevel.obj
 0001:00001fdc       __vcrt_InitializeCriticalSectionEx 0000000180002fdc f   libvcruntime:winapi_downlevel.obj
 0001:00002054       __vcrt_initialize_winapi_thunks 0000000180003054 f   libvcruntime:winapi_downlevel.obj
 0001:000020a0       __vcrt_uninitialize_winapi_thunks 00000001800030a0 f   libvcruntime:winapi_downlevel.obj
 0001:000020e0       __vcrt_initialize_pure_virtual_call_handler 00000001800030e0 f   libvcruntime:purevirt_data.obj
 0001:00002104       ??0_LocaleUpdate@@QEAA@QEAU__crt_locale_pointers@@@Z 0000000180003104 f i libucrt:stricmp.obj
 0001:00002194       __ascii_stricmp            0000000180003194 f   libucrt:stricmp.obj
 0001:000021d0       _stricmp                   00000001800031d0 f   libucrt:stricmp.obj
 0001:00002218       _stricmp_l                 0000000180003218 f   libucrt:stricmp.obj
 0001:000022cc       _initterm                  00000001800032cc f   libucrt:initterm.obj
 0001:00002344       _initterm_e                0000000180003344 f   libucrt:initterm.obj
 0001:00002390       _seh_filter_dll            0000000180003390 f   libucrt:exception_filter.obj
 0001:000023a4       _seh_filter_exe            00000001800033a4 f   libucrt:exception_filter.obj
 0001:00002764       __acrt_initialize_thread_local_exit_callback 0000000180003764 f   libucrt:exit.obj
 0001:0000276c       _cexit                     000000018000376c f   libucrt:exit.obj
 0001:0000277c       _exit                      000000018000377c f   libucrt:exit.obj
 0001:00002788       _is_c_termination_complete 0000000180003788 f   libucrt:exit.obj
 0001:0000294c       __acrt_allocate_buffer_for_argv 000000018000394c f   libucrt:argv_parsing.obj
 0001:000029b0       _configure_narrow_argv     00000001800039b0 f   libucrt:argv_parsing.obj
 0001:00002d0c       __dcrt_uninitialize_environments_nolock 0000000180003d0c f   libucrt:environment_initialization.obj
 0001:00002d44       _initialize_narrow_environment 0000000180003d44 f   libucrt:environment_initialization.obj
 0001:00002d4c       ??$?RV<lambda_b8c45f8f788dd370798f47cfe8ac3a86>@@AEAV<lambda_4e60a939b0d047cfe11ddc22648dfba9>@@V<lambda_332c3edc96d0294ec56c57d38c1cdfd5>@@@?$__crt_seh_guarded_call@H@@QEAAH$$QEAV<lambda_b8c45f8f788dd370798f47cfe8ac3a86>@@AEAV<lambda_4e60a939b0d047cfe11ddc22648dfba9>@@$$QEAV<lambda_332c3edc96d0294ec56c57d38c1cdfd5>@@@Z 0000000180003d4c f i libucrt:onexit.obj
 0001:00002d88       ??$?RV<lambda_e24bbb7b643b32fcea6fa61b31d4c984>@@AEAV<lambda_275893d493268fdec8709772e3fcec0e>@@V<lambda_9d71df4d7cf3f480f8d633942495c3b0>@@@?$__crt_seh_guarded_call@H@@QEAAH$$QEAV<lambda_e24bbb7b643b32fcea6fa61b31d4c984>@@AEAV<lambda_275893d493268fdec8709772e3fcec0e>@@$$QEAV<lambda_9d71df4d7cf3f480f8d633942495c3b0>@@@Z 0000000180003d88 f i libucrt:onexit.obj
 0001:00003104       _crt_atexit                0000000180004104 f   libucrt:onexit.obj
 0001:00003114       _execute_onexit_table      0000000180004114 f   libucrt:onexit.obj
 0001:00003150       _initialize_onexit_table   0000000180004150 f   libucrt:onexit.obj
 0001:00003190       _register_onexit_function  0000000180004190 f   libucrt:onexit.obj
 0001:0000330c       __acrt_initialize          000000018000430c f   libucrt:initialization.obj
 0001:00003320       __acrt_thread_attach       0000000180004320 f   libucrt:initialization.obj
 0001:00003334       __acrt_thread_detach       0000000180004334 f   libucrt:initialization.obj
 0001:00003344       __acrt_uninitialize        0000000180004344 f   libucrt:initialization.obj
 0001:00003358       __acrt_uninitialize_critical 0000000180004358 f   libucrt:initialization.obj
 0001:00003368       terminate                  0000000180004368 f   libucrt:terminate.obj
 0001:00003390       _free_base                 0000000180004390 f   libucrt:free_base.obj
 0001:000033d0       _malloc_base               00000001800043d0 f   libucrt:malloc_base.obj
 0001:00003430       strcpy_s                   0000000180004430 f   libucrt:strcpy_s.obj
 0001:00003490       abort                      0000000180004490 f   libucrt:abort.obj
 0001:000034e8       _calloc_base               00000001800044e8 f   libucrt:calloc_base.obj
 0001:00003560       __acrt_call_reportfault    0000000180004560 f   libucrt:invalid_parameter.obj
 0001:000036bc       __acrt_initialize_invalid_parameter_handler 00000001800046bc f   libucrt:invalid_parameter.obj
 0001:000036c4       _invalid_parameter         00000001800046c4 f   libucrt:invalid_parameter.obj
 0001:0000376c       _invalid_parameter_noinfo  000000018000476c f   libucrt:invalid_parameter.obj
 0001:0000378c       _invoke_watson             000000018000478c f   libucrt:invalid_parameter.obj
 0001:000037d4       __acrt_errno_from_os_error 00000001800047d4 f   libucrt:errno.obj
 0001:0000381c       __acrt_errno_map_os_error  000000018000481c f   libucrt:errno.obj
 0001:0000386c       __doserrno                 000000018000486c f   libucrt:errno.obj
 0001:0000388c       _errno                     000000018000488c f   libucrt:errno.obj
 0001:000038fc       _tolower_l                 00000001800048fc f   libucrt:tolower_toupper.obj
 0001:00003a3c       ??$?RV<lambda_46352004c1216016012b18bd6f87e700>@@AEAV<lambda_3bd07e1a1191394380780325891bf33f>@@V<lambda_334532d3f185bcaa59b5be82d7d22bff>@@@?$__crt_seh_guarded_call@X@@QEAAX$$QEAV<lambda_46352004c1216016012b18bd6f87e700>@@AEAV<lambda_3bd07e1a1191394380780325891bf33f>@@$$QEAV<lambda_334532d3f185bcaa59b5be82d7d22bff>@@@Z 0000000180004a3c f i libucrt:per_thread_data.obj
 0001:00003a9c       ??$?RV<lambda_5e887d1dcbef67a5eb4283622ba103bf>@@AEAV<lambda_4466841279450cc726390878d4a41900>@@V<lambda_341c25c0346d94847f1f3c463c57e077>@@@?$__crt_seh_guarded_call@X@@QEAAX$$QEAV<lambda_5e887d1dcbef67a5eb4283622ba103bf>@@AEAV<lambda_4466841279450cc726390878d4a41900>@@$$QEAV<lambda_341c25c0346d94847f1f3c463c57e077>@@@Z 0000000180004a9c f i libucrt:per_thread_data.obj
 0001:00003ae4       ??$?RV<lambda_72d1df2b273a38828b1ce30cbf4cdab5>@@AEAV<lambda_876a65b173b8412d3a47c70a915b0cf4>@@V<lambda_41932305e351933ebe8f8be3ed8bb5dc>@@@?$__crt_seh_guarded_call@X@@QEAAX$$QEAV<lambda_72d1df2b273a38828b1ce30cbf4cdab5>@@AEAV<lambda_876a65b173b8412d3a47c70a915b0cf4>@@$$QEAV<lambda_41932305e351933ebe8f8be3ed8bb5dc>@@@Z 0000000180004ae4 f i libucrt:per_thread_data.obj
 0001:00003b24       ??$?RV<lambda_fb3a7dec4e47f37f22dae91bb15c9095>@@AEAV<lambda_698284760c8add0bfb0756c19673e34b>@@V<lambda_dfb8eca1e75fef3034a8fb18dd509707>@@@?$__crt_seh_guarded_call@X@@QEAAX$$QEAV<lambda_fb3a7dec4e47f37f22dae91bb15c9095>@@AEAV<lambda_698284760c8add0bfb0756c19673e34b>@@$$QEAV<lambda_dfb8eca1e75fef3034a8fb18dd509707>@@@Z 0000000180004b24 f i libucrt:per_thread_data.obj
 0001:00003db4       __acrt_freeptd             0000000180004db4 f   libucrt:per_thread_data.obj
 0001:00003df8       __acrt_getptd              0000000180004df8 f   libucrt:per_thread_data.obj
 0001:00003e8c       __acrt_getptd_noexit       0000000180004e8c f   libucrt:per_thread_data.obj
 0001:00003f2c       __acrt_initialize_ptd      0000000180004f2c f   libucrt:per_thread_data.obj
 0001:00003f68       __acrt_uninitialize_ptd    0000000180004f68 f   libucrt:per_thread_data.obj
 0001:00003f8c       __acrt_update_locale_info  0000000180004f8c f   libucrt:locale_update.obj
 0001:00003fc0       __acrt_update_multibyte_info 0000000180004fc0 f   libucrt:locale_update.obj
 0001:00003ff4       __acrt_set_locale_changed  0000000180004ff4 f   libucrt:wsetlocale.obj
 0001:00004000       __acrt_uninitialize_locale 0000000180005000 f   libucrt:wsetlocale.obj
 0001:00004048       __acrt_initialize_locks    0000000180005048 f   libucrt:locks.obj
 0001:00004090       __acrt_lock                0000000180005090 f   libucrt:locks.obj
 0001:000040ac       __acrt_uninitialize_locks  00000001800050ac f   libucrt:locks.obj
 0001:000040e4       __acrt_unlock              00000001800050e4 f   libucrt:locks.obj
 0001:000042a0       __acrt_FlsAlloc            00000001800052a0 f   libucrt:winapi_thunks.obj
 0001:000042f8       __acrt_FlsFree             00000001800052f8 f   libucrt:winapi_thunks.obj
 0001:00004350       __acrt_FlsGetValue         0000000180005350 f   libucrt:winapi_thunks.obj
 0001:000043a8       __acrt_FlsSetValue         00000001800053a8 f   libucrt:winapi_thunks.obj
 0001:00004410       __acrt_InitializeCriticalSectionEx 0000000180005410 f   libucrt:winapi_thunks.obj
 0001:00004488       __acrt_LCMapStringEx       0000000180005488 f   libucrt:winapi_thunks.obj
 0001:00004578       __acrt_LocaleNameToLCID    0000000180005578 f   libucrt:winapi_thunks.obj
 0001:000045e0       __acrt_initialize_winapi_thunks 00000001800055e0 f   libucrt:winapi_thunks.obj
 0001:00004618       __acrt_is_packaged_app     0000000180005618 f   libucrt:winapi_thunks.obj
 0001:000046a0       __acrt_uninitialize_winapi_thunks 00000001800056a0 f   libucrt:winapi_thunks.obj
 0001:00004bc0       ?expand_if_necessary@?$argument_list@D@?A0xca0879c4@@AEAAHXZ 0000000180005bc0 f i libucrt:argv_wildcards.obj
 0001:00004c88       __acrt_expand_narrow_argv_wildcards 0000000180005c88 f   libucrt:argv_wildcards.obj
 0001:00004c90       ??$?RV<lambda_99476a1ad63dd22509b5d3e65b0ffc95>@@AEAV<lambda_ad1ced32f4ac17aa236e5ef05d6b3b7c>@@V<lambda_f7424dd8d45958661754dc4f2697e9c3>@@@?$__crt_seh_guarded_call@X@@QEAAX$$QEAV<lambda_99476a1ad63dd22509b5d3e65b0ffc95>@@AEAV<lambda_ad1ced32f4ac17aa236e5ef05d6b3b7c>@@$$QEAV<lambda_f7424dd8d45958661754dc4f2697e9c3>@@@Z 0000000180005c90 f i libucrt:mbctype.obj
 0001:0000538c       __acrt_initialize_multibyte 000000018000638c f   libucrt:mbctype.obj
 0001:000053b4       __acrt_update_thread_multibyte_data 00000001800063b4 f   libucrt:mbctype.obj
 0001:00005474       _setmbcp_nolock            0000000180006474 f   libucrt:mbctype.obj
 0001:00005794       _ismbblead                 0000000180006794 f   libucrt:ismbbyte.obj
 0001:000057a8       __acrt_initialize_command_line 00000001800067a8 f   libucrt:argv_data.obj
 0001:000057d0       __acrt_uninitialize_command_line 00000001800067d0 f   libucrt:argv_data.obj
 0001:000057d4       __dcrt_get_narrow_environment_from_os 00000001800067d4 f   libucrt:get_environment_from_os.obj
 0001:000058d8       _recalloc                  00000001800068d8 f   libucrt:recalloc.obj
 0001:000058e0       _recalloc_base             00000001800068e0 f   libucrt:recalloc.obj
 0001:00005978       __acrt_initialize_heap     0000000180006978 f   libucrt:heap_handle.obj
 0001:00005994       __acrt_uninitialize_heap   0000000180006994 f   libucrt:heap_handle.obj
 0001:00005b88       __acrt_initialize_lowio    0000000180006b88 f   libucrt:ioinit.obj
 0001:00005bc4       __acrt_uninitialize_lowio  0000000180006bc4 f   libucrt:ioinit.obj
 0001:00005c04       __acrt_execute_initializers 0000000180006c04 f   libucrt:shared_initialization.obj
 0001:00005c98       __acrt_execute_uninitializers 0000000180006c98 f   libucrt:shared_initialization.obj
 0001:00005ce8       __acrt_initialize_new_handler 0000000180006ce8 f   libucrt:new_handler.obj
 0001:00005cf0       _callnewh                  0000000180006cf0 f   libucrt:new_handler.obj
 0001:00005d30       _query_new_handler         0000000180006d30 f   libucrt:new_handler.obj
 0001:00005d64       ??$?RV<lambda_c36588078e9f5dfd39652860aa6b3aaf>@@AEAV<lambda_ec61778202f4f5fc7e7711acc23c3bca>@@V<lambda_dc9d2797ccde5d239b4a0efae8ebd7db>@@@?$__crt_seh_guarded_call@P6AXH@Z@@QEAAP6AXH@Z$$QEAV<lambda_c36588078e9f5dfd39652860aa6b3aaf>@@AEAV<lambda_ec61778202f4f5fc7e7711acc23c3bca>@@$$QEAV<lambda_dc9d2797ccde5d239b4a0efae8ebd7db>@@@Z 0000000180006d64 f i libucrt:signal.obj
 0001:00005dac       __acrt_get_sigabrt_handler 0000000180006dac f   libucrt:signal.obj
 0001:00005ddc       __acrt_initialize_signal_handlers 0000000180006ddc f   libucrt:signal.obj
 0001:00005dfc       raise                      0000000180006dfc f   libucrt:signal.obj
 0001:00006098       __acrt_has_user_matherr    0000000180007098 f   libucrt:matherr.obj
 0001:000060b8       __acrt_initialize_user_matherr 00000001800070b8 f   libucrt:matherr.obj
 0001:000060c0       __acrt_invoke_user_matherr 00000001800070c0 f   libucrt:matherr.obj
 0001:00006108       _query_new_mode            0000000180007108 f   libucrt:new_mode.obj
 0001:00006110       _mbtowc_l                  0000000180007110 f   libucrt:mbtowc.obj
 0001:00006258       mbtowc                     0000000180007258 f   libucrt:mbtowc.obj
 0001:00006260       _fileno                    0000000180007260 f   libucrt:fileno.obj
 0001:00006288       __acrt_initialize_stdio    0000000180007288 f   libucrt:_file.obj
 0001:000063a8       __acrt_uninitialize_stdio  00000001800073a8 f   libucrt:_file.obj
 0001:00006404       _lock_file                 0000000180007404 f   libucrt:_file.obj
 0001:00006410       _unlock_file               0000000180007410 f   libucrt:_file.obj
 0001:0000641c       __pctype_func              000000018000741c f   libucrt:ctype.obj
 0001:0000644c       _isctype_l                 000000018000744c f   libucrt:isctype.obj
 0001:0000655c       _isleadbyte_l              000000018000755c f i libucrt:_wctype.obj
 0001:000068f8       __acrt_LCMapStringA        00000001800078f8 f   libucrt:lcmapstringa.obj
 0001:00006990       __acrt_add_locale_ref      0000000180007990 f   libucrt:locale_refcounting.obj
 0001:00006a1c       __acrt_free_locale         0000000180007a1c f   libucrt:locale_refcounting.obj
 0001:00006b94       __acrt_locale_add_lc_time_reference 0000000180007b94 f   libucrt:locale_refcounting.obj
 0001:00006bbc       __acrt_locale_free_lc_time_if_unreferenced 0000000180007bbc f   libucrt:locale_refcounting.obj
 0001:00006bf4       __acrt_locale_release_lc_time_reference 0000000180007bf4 f   libucrt:locale_refcounting.obj
 0001:00006c1c       __acrt_release_locale_ref  0000000180007c1c f   libucrt:locale_refcounting.obj
 0001:00006cc4       __acrt_update_thread_locale_data 0000000180007cc4 f   libucrt:locale_refcounting.obj
 0001:00006d34       _updatetlocinfoEx_nolock   0000000180007d34 f   libucrt:locale_refcounting.obj
 0001:00006d9c       __acrt_locale_free_monetary 0000000180007d9c f   libucrt:initmon.obj
 0001:00006ea8       __acrt_locale_free_numeric 0000000180007ea8 f   libucrt:initnum.obj
 0001:00006f6c       __acrt_locale_free_time    0000000180007f6c f   libucrt:inittime.obj
 0001:00007074       __acrt_GetStringTypeA      0000000180008074 f   libucrt:getstringtypea.obj
 0001:000072f0       __acrt_DownlevelLocaleNameToLCID 00000001800082f0 f   libucrt:lcidtoname_downlevel.obj
 0001:00007400       qsort                      0000000180008400 f   libucrt:qsort.obj
 0001:00007734       strncpy_s                  0000000180008734 f   libucrt:strncpy_s.obj
 0001:00007808       strpbrk                    0000000180008808 f   libucrt:strpbrk.obj
 0001:000078a8       _mbsdec                    00000001800088a8 f   libucrt:mbsdec.obj
 0001:000078b0       _mbsdec_l                  00000001800088b0 f   libucrt:mbsdec.obj
 0001:00007960       _msize                     0000000180008960 f   libucrt:msize.obj
 0001:0000799c       _realloc_base              000000018000899c f   libucrt:realloc_base.obj
 0001:00007a20       __acrt_lowio_create_handle_array 0000000180008a20 f   libucrt:osfinfo.obj
 0001:00007ab8       __acrt_lowio_destroy_handle_array 0000000180008ab8 f   libucrt:osfinfo.obj
 0001:00007b08       __acrt_lowio_ensure_fh_exists 0000000180008b08 f   libucrt:osfinfo.obj
 0001:00007bc0       __acrt_lowio_lock_fh       0000000180008bc0 f   libucrt:osfinfo.obj
 0001:00007be4       __acrt_lowio_unlock_fh     0000000180008be4 f   libucrt:osfinfo.obj
 0001:00007c08       _free_osfhnd               0000000180008c08 f   libucrt:osfinfo.obj
 0001:00007cc4       _get_osfhandle             0000000180008cc4 f   libucrt:osfinfo.obj
 0001:00007d3c       _isatty                    0000000180008d3c f   libucrt:isatty.obj
 0001:00007d9c       __acrt_stdio_flush_nolock  0000000180008d9c f   libucrt:fflush.obj
 0001:00007e14       _fflush_nolock             0000000180008e14 f   libucrt:fflush.obj
 0001:00007e60       _flushall                  0000000180008e60 f   libucrt:fflush.obj
 0001:00007f50       _fcloseall                 0000000180008f50 f   libucrt:closeall.obj
 0001:00008004       __acrt_stdio_free_buffer_nolock 0000000180009004 f   libucrt:_freebuf.obj
 0001:00008044       __strncnt                  0000000180009044 f   libucrt:strncnt.obj
 0001:0000805c       _query_app_type            000000018000905c f   libucrt:report_runtime_error.obj
 0001:00008064       ??$?RV<lambda_b521505b218e5242e90febf6bfebc422>@@AEAV<lambda_6978c1fb23f02e42e1d9e99668cc68aa>@@V<lambda_314360699dd331753a4119843814e9a7>@@@?$__crt_seh_guarded_call@H@@QEAAH$$QEAV<lambda_b521505b218e5242e90febf6bfebc422>@@AEAV<lambda_6978c1fb23f02e42e1d9e99668cc68aa>@@$$QEAV<lambda_314360699dd331753a4119843814e9a7>@@@Z 0000000180009064 f i libucrt:commit.obj
 0001:000080f0       _commit                    00000001800090f0 f   libucrt:commit.obj
 0001:00008724       _write                     0000000180009724 f   libucrt:write.obj
 0001:00008810       _write_nolock              0000000180009810 f   libucrt:write.obj
 0001:00008b00       log10                      0000000180009b00 f   libucrt:log10.obj
 0001:00009148       _lseeki64_nolock           000000018000a148 f   libucrt:lseek.obj
 0001:00009150       _fclose_nolock             000000018000a150 f   libucrt:fclose.obj
 0001:000091d4       fclose                     000000018000a1d4 f   libucrt:fclose.obj
 0001:00009240       _putwch_nolock             000000018000a240 f   libucrt:putwch.obj
 0001:000093c0       _handle_error              000000018000a3c0 f   libucrt:libm_error.obj
 0001:000094f0       __acrt_initialize_fma3     000000018000a4f0 f   libucrt:fma3_available.obj
 0001:00009560       _log10_special             000000018000a560 f   libucrt:log_special.obj
 0001:00009618       ??$?RV<lambda_bfedae4ebbf01fab1bb6dcc6a9e276e0>@@AEAV<lambda_2fe9b910cf3cbf4a0ab98a02ba45b3ec>@@V<lambda_237c231691f317818eb88cc1d5d642d6>@@@?$__crt_seh_guarded_call@H@@QEAAH$$QEAV<lambda_bfedae4ebbf01fab1bb6dcc6a9e276e0>@@AEAV<lambda_2fe9b910cf3cbf4a0ab98a02ba45b3ec>@@$$QEAV<lambda_237c231691f317818eb88cc1d5d642d6>@@@Z 000000018000a618 f i libucrt:close.obj
 0001:0000968c       _close                     000000018000a68c f   libucrt:close.obj
 0001:00009730       _close_nolock              000000018000a730 f   libucrt:close.obj
 0001:000097ec       ?__acrt_stdio_free_stream@@YAXV__crt_stdio_stream@@@Z 000000018000a7ec f   libucrt:stream.obj
 0001:00009830       __dcrt_lowio_initialize_console_output 000000018000a830 f   libucrt:initcon.obj
 0001:0000986c       __dcrt_terminate_console_output 000000018000a86c f   libucrt:initcon.obj
 0001:000098a0       _get_fpsr                  000000018000a8a0 f   libucrt:fpsr.obj
 0001:000098b0       _set_fpsr                  000000018000a8b0 f   libucrt:fpsr.obj
 0001:000098ba       _fclrf                     000000018000a8ba f   libucrt:fpsr.obj
 0001:000098ce       _frnd                      000000018000a8ce f   libucrt:fpsr.obj
 0001:000098f0       _raise_exc                 000000018000a8f0 f   libucrt:fpexcept.obj
 0001:00009918       _raise_exc_ex              000000018000a918 f   libucrt:fpexcept.obj
 0001:00009c20       _set_errno_from_matherr    000000018000ac20 f   libucrt:fpexcept.obj
 0001:00009c50       _clrfp                     000000018000ac50 f   libucrt:fpctrl.obj
 0001:00009c70       _ctrlfp                    000000018000ac70 f   libucrt:fpctrl.obj
 0001:00009cec       _set_statfp                000000018000acec f   libucrt:fpctrl.obj
 0001:00009d0c       _statfp                    000000018000ad0c f   libucrt:fpctrl.obj
 0001:00009d1e       IsProcessorFeaturePresent  000000018000ad1e f   kernel32:KERNEL32.dll
 0001:00009d24       RtlUnwindEx                000000018000ad24 f   kernel32:KERNEL32.dll
 0001:00009d2c       ?DloadAcquireSectionWriteAccess@@YAXXZ 000000018000ad2c f i DelayImp:delayhlp.obj
 0001:00009de8       ?DloadGetSRWLockFunctionPointers@@YAEXZ 000000018000ade8 f i DelayImp:delayhlp.obj
 0001:00009e84       ?DloadMakePermanentImageCommit@@YAXPEAX_K@Z 000000018000ae84 f i DelayImp:delayhlp.obj
 0001:00009f1c       ?DloadObtainSection@@YAPEAXPEAK0@Z 000000018000af1c f i DelayImp:delayhlp.obj
 0001:00009fb4       ?DloadProtectSection@@YAXKPEAK@Z 000000018000afb4 f i DelayImp:delayhlp.obj
 0001:0000a044       ?DloadReleaseSectionWriteAccess@@YAXXZ 000000018000b044 f i DelayImp:delayhlp.obj
 0001:0000a0e8       __delayLoadHelper2         000000018000b0e8 f   DelayImp:delayhlp.obj
 0001:0000a3f0       _FindPESection             000000018000b3f0 f   LIBCMT:pesect.obj
 0001:0000a440       _IsNonwritableInCurrentImage 000000018000b440 f   LIBCMT:pesect.obj
 0001:0000a490       _ValidateImageBase         000000018000b490 f   LIBCMT:pesect.obj
 0001:0000a4c0       __GSHandlerCheck           000000018000b4c0 f   LIBCMT:_gshandler_.obj
 0001:0000a4e0       __GSHandlerCheckCommon     000000018000b4e0 f   LIBCMT:_gshandler_.obj
 0001:0000a550       __chkstk                   000000018000b550 f   LIBCMT:_chkstk_.obj
 0001:0000a550       _alloca_probe              000000018000b550 f   LIBCMT:_chkstk_.obj
 0001:0000a5c0       memcpy                     000000018000b5c0 f   libvcruntime:memcpy.obj
 0001:0000a5c0       memmove                    000000018000b5c0 f   libvcruntime:memcpy.obj
 0001:0000aa10       memcmp                     000000018000ba10 f   libvcruntime:memcmp.obj
 0001:0000aaf0       _guard_dispatch_icall_nop  000000018000baf0 f   LIBCMT:_guard_dispatch_.obj
 0002:00000000       __imp_SetHandleInformation 000000018000c000     kernel32:KERNEL32.dll
 0002:00000008       __imp_CreatePipe           000000018000c008     kernel32:KERNEL32.dll
 0002:00000010       __imp_CloseHandle          000000018000c010     kernel32:KERNEL32.dll
 0002:00000018       __imp_GetModuleHandleA     000000018000c018     kernel32:KERNEL32.dll
 0002:00000020       __imp_RtlCaptureContext    000000018000c020     kernel32:KERNEL32.dll
 0002:00000028       __imp_RtlLookupFunctionEntry 000000018000c028     kernel32:KERNEL32.dll
 0002:00000030       __imp_RtlVirtualUnwind     000000018000c030     kernel32:KERNEL32.dll
 0002:00000038       __imp_UnhandledExceptionFilter 000000018000c038     kernel32:KERNEL32.dll
 0002:00000040       __imp_SetUnhandledExceptionFilter 000000018000c040     kernel32:KERNEL32.dll
 0002:00000048       __imp_GetCurrentProcess    000000018000c048     kernel32:KERNEL32.dll
 0002:00000050       __imp_TerminateProcess     000000018000c050     kernel32:KERNEL32.dll
 0002:00000058       __imp_IsProcessorFeaturePresent 000000018000c058     kernel32:KERNEL32.dll
 0002:00000060       __imp_QueryPerformanceCounter 000000018000c060     kernel32:KERNEL32.dll
 0002:00000068       __imp_GetCurrentProcessId  000000018000c068     kernel32:KERNEL32.dll
 0002:00000070       __imp_GetCurrentThreadId   000000018000c070     kernel32:KERNEL32.dll
 0002:00000078       __imp_GetSystemTimeAsFileTime 000000018000c078     kernel32:KERNEL32.dll
 0002:00000080       __imp_InitializeSListHead  000000018000c080     kernel32:KERNEL32.dll
 0002:00000088       __imp_IsDebuggerPresent    000000018000c088     kernel32:KERNEL32.dll
 0002:00000090       __imp_GetStartupInfoW      000000018000c090     kernel32:KERNEL32.dll
 0002:00000098       __imp_GetModuleHandleW     000000018000c098     kernel32:KERNEL32.dll
 0002:000000a0       __imp_RtlUnwindEx          000000018000c0a0     kernel32:KERNEL32.dll
 0002:000000a8       __imp_InterlockedFlushSList 000000018000c0a8     kernel32:KERNEL32.dll
 0002:000000b0       __imp_GetLastError         000000018000c0b0     kernel32:KERNEL32.dll
 0002:000000b8       __imp_SetLastError         000000018000c0b8     kernel32:KERNEL32.dll
 0002:000000c0       __imp_EnterCriticalSection 000000018000c0c0     kernel32:KERNEL32.dll
 0002:000000c8       __imp_LeaveCriticalSection 000000018000c0c8     kernel32:KERNEL32.dll
 0002:000000d0       __imp_DeleteCriticalSection 000000018000c0d0     kernel32:KERNEL32.dll
 0002:000000d8       __imp_InitializeCriticalSectionAndSpinCount 000000018000c0d8     kernel32:KERNEL32.dll
 0002:000000e0       __imp_TlsAlloc             000000018000c0e0     kernel32:KERNEL32.dll
 0002:000000e8       __imp_TlsGetValue          000000018000c0e8     kernel32:KERNEL32.dll
 0002:000000f0       __imp_TlsSetValue          000000018000c0f0     kernel32:KERNEL32.dll
 0002:000000f8       __imp_TlsFree              000000018000c0f8     kernel32:KERNEL32.dll
 0002:00000100       __imp_FreeLibrary          000000018000c100     kernel32:KERNEL32.dll
 0002:00000108       __imp_GetProcAddress       000000018000c108     kernel32:KERNEL32.dll
 0002:00000110       __imp_LoadLibraryExW       000000018000c110     kernel32:KERNEL32.dll
 0002:00000118       __imp_ExitProcess          000000018000c118     kernel32:KERNEL32.dll
 0002:00000120       __imp_GetModuleHandleExW   000000018000c120     kernel32:KERNEL32.dll
 0002:00000128       __imp_GetModuleFileNameA   000000018000c128     kernel32:KERNEL32.dll
 0002:00000130       __imp_MultiByteToWideChar  000000018000c130     kernel32:KERNEL32.dll
 0002:00000138       __imp_WideCharToMultiByte  000000018000c138     kernel32:KERNEL32.dll
 0002:00000140       __imp_HeapFree             000000018000c140     kernel32:KERNEL32.dll
 0002:00000148       __imp_HeapAlloc            000000018000c148     kernel32:KERNEL32.dll
 0002:00000150       __imp_GetACP               000000018000c150     kernel32:KERNEL32.dll
 0002:00000158       __imp_LCMapStringW         000000018000c158     kernel32:KERNEL32.dll
 0002:00000160       __imp_FindClose            000000018000c160     kernel32:KERNEL32.dll
 0002:00000168       __imp_FindFirstFileExA     000000018000c168     kernel32:KERNEL32.dll
 0002:00000170       __imp_FindNextFileA        000000018000c170     kernel32:KERNEL32.dll
 0002:00000178       __imp_IsValidCodePage      000000018000c178     kernel32:KERNEL32.dll
 0002:00000180       __imp_GetOEMCP             000000018000c180     kernel32:KERNEL32.dll
 0002:00000188       __imp_GetCPInfo            000000018000c188     kernel32:KERNEL32.dll
 0002:00000190       __imp_GetCommandLineA      000000018000c190     kernel32:KERNEL32.dll
 0002:00000198       __imp_GetCommandLineW      000000018000c198     kernel32:KERNEL32.dll
 0002:000001a0       __imp_GetEnvironmentStringsW 000000018000c1a0     kernel32:KERNEL32.dll
 0002:000001a8       __imp_FreeEnvironmentStringsW 000000018000c1a8     kernel32:KERNEL32.dll
 0002:000001b0       __imp_GetProcessHeap       000000018000c1b0     kernel32:KERNEL32.dll
 0002:000001b8       __imp_GetStdHandle         000000018000c1b8     kernel32:KERNEL32.dll
 0002:000001c0       __imp_GetFileType          000000018000c1c0     kernel32:KERNEL32.dll
 0002:000001c8       __imp_GetStringTypeW       000000018000c1c8     kernel32:KERNEL32.dll
 0002:000001d0       __imp_HeapSize             000000018000c1d0     kernel32:KERNEL32.dll
 0002:000001d8       __imp_HeapReAlloc          000000018000c1d8     kernel32:KERNEL32.dll
 0002:000001e0       __imp_SetStdHandle         000000018000c1e0     kernel32:KERNEL32.dll
 0002:000001e8       __imp_WriteFile            000000018000c1e8     kernel32:KERNEL32.dll
 0002:000001f0       __imp_FlushFileBuffers     000000018000c1f0     kernel32:KERNEL32.dll
 0002:000001f8       __imp_GetConsoleCP         000000018000c1f8     kernel32:KERNEL32.dll
 0002:00000200       __imp_GetConsoleMode       000000018000c200     kernel32:KERNEL32.dll
 0002:00000208       __imp_SetFilePointerEx     000000018000c208     kernel32:KERNEL32.dll
 0002:00000210       __imp_WriteConsoleW        000000018000c210     kernel32:KERNEL32.dll
 0002:00000218       __imp_CreateFileW          000000018000c218     kernel32:KERNEL32.dll
 0002:00000220       __imp_RaiseException       000000018000c220     kernel32:KERNEL32.dll
 0002:00000228       __imp_GetSystemInfo        000000018000c228     kernel32:KERNEL32.dll
 0002:00000230       __imp_VirtualProtect       000000018000c230     kernel32:KERNEL32.dll
 0002:00000238       __imp_VirtualQuery         000000018000c238     kernel32:KERNEL32.dll
 0002:00000240       __imp_LoadLibraryExA       000000018000c240     kernel32:KERNEL32.dll
 0002:00000248       \177KERNEL32_NULL_THUNK_DATA 000000018000c248     kernel32:KERNEL32.dll
 0002:00000250       __guard_check_icall_fptr   000000018000c250     LIBCMT:guard_support.obj
 0002:00000258       __guard_dispatch_icall_fptr 000000018000c258     LIBCMT:guard_support.obj
 0002:00000260       __xc_a                     000000018000c260     LIBCMT:initializers.obj
 0002:00000268       _register_win32ipc_        000000018000c268     module.obj
 0002:00000270       __xc_z                     000000018000c270     LIBCMT:initializers.obj
 0002:00000278       __xi_a                     000000018000c278     LIBCMT:initializers.obj
 0002:00000280       __acrt_multibyte_initializer 000000018000c280     libucrt:multibyte_initializer.obj
 0002:00000288       __acrt_stdio_initializer   000000018000c288     libucrt:stdio_initializer.obj
 0002:00000290       __acrt_tran_fma3_initializer 000000018000c290     libucrt:fma3_initializer.obj
 0002:00000298       __xi_z                     000000018000c298     LIBCMT:initializers.obj
 0002:000002a0       __xp_a                     000000018000c2a0     LIBCMT:initializers.obj
 0002:000002a8       __acrt_locale_terminator   000000018000c2a8     libucrt:locale_initializer.obj
 0002:000002b0       __dcrt_console_output_terminator 000000018000c2b0     libucrt:console_output_initializer.obj
 0002:000002b8       __acrt_stdio_terminator    000000018000c2b8     libucrt:stdio_initializer.obj
 0002:000002c0       __xp_z                     000000018000c2c0     LIBCMT:initializers.obj
 0002:000002c8       __xt_a                     000000018000c2c8     LIBCMT:initializers.obj
 0002:000002d0       __xt_z                     000000018000c2d0     LIBCMT:initializers.obj
 0002:000002e0       __sz_node_exe              000000018000c2e0     node:node.exe
 0002:000002f0       _pDefaultRawDllMain        000000018000c2f0     LIBCMT:dll_dllmain.obj
 0002:000002f0       _pRawDllMain               000000018000c2f0     LIBCMT:dll_dllmain.obj
 0002:00000328       ??_C@_1BC@DNHGCMLG@?$AAa?$AAd?$AAv?$AAa?$AAp?$AAi?$AA3?$AA2?$AA?$AA@ 000000018000c328     libvcruntime:winapi_downlevel.obj
 0002:00000340       ??_C@_1DM@KHCHBNEB@?$AAa?$AAp?$AAi?$AA?9?$AAm?$AAs?$AA?9?$AAw?$AAi?$AAn?$AA?9?$AAc?$AAo?$AAr?$AAe?$AA?9?$AAf?$AAi?$AAb?$AAe?$AAr?$AAs?$AA?9?$AAl?$AA1?$AA?9?$AA1?$AA?9?$AA1?$AA?$AA@ 000000018000c340     libvcruntime:winapi_downlevel.obj
 0002:00000380       ??_C@_1DK@LPPGFMPP@?$AAa?$AAp?$AAi?$AA?9?$AAm?$AAs?$AA?9?$AAw?$AAi?$AAn?$AA?9?$AAc?$AAo?$AAr?$AAe?$AA?9?$AAs?$AAy?$AAn?$AAc?$AAh?$AA?9?$AAl?$AA1?$AA?9?$AA2?$AA?9?$AA0?$AA?$AA@ 000000018000c380     libvcruntime:winapi_downlevel.obj
 0002:000003c0       ??_C@_1BC@GDMECMAK@?$AAk?$AAe?$AAr?$AAn?$AAe?$AAl?$AA3?$AA2?$AA?$AA@ 000000018000c3c0     libvcruntime:winapi_downlevel.obj
 0002:000003e0       ??_C@_08KNHFBNJ@FlsAlloc?$AA@ 000000018000c3e0     libvcruntime:winapi_downlevel.obj
 0002:000003f8       ??_C@_07PEJMOBNF@FlsFree?$AA@ 000000018000c3f8     libvcruntime:winapi_downlevel.obj
 0002:00000408       ??_C@_0M@GDNOONDI@FlsGetValue?$AA@ 000000018000c408     libvcruntime:winapi_downlevel.obj
 0002:00000420       ??_C@_0M@JCPCPOEF@FlsSetValue?$AA@ 000000018000c420     libvcruntime:winapi_downlevel.obj
 0002:00000438       ??_C@_0BM@HCFOFFN@InitializeCriticalSectionEx?$AA@ 000000018000c438     libvcruntime:winapi_downlevel.obj
 0002:00000780       ??_C@_08EHJDFFNH@__based?$CI?$AA@ 000000018000c780     libvcruntime:undname.obj
 0002:00000790       ??_C@_07KOLFKCDI@__cdecl?$AA@ 000000018000c790     libvcruntime:undname.obj
 0002:00000798       ??_C@_08GHMPAG@__pascal?$AA@ 000000018000c798     libvcruntime:undname.obj
 0002:000007a8       ??_C@_09IFJBGAPI@__stdcall?$AA@ 000000018000c7a8     libvcruntime:undname.obj
 0002:000007b8       ??_C@_0L@NPHFGOKO@__thiscall?$AA@ 000000018000c7b8     libvcruntime:undname.obj
 0002:000007c8       ??_C@_0L@JMKHOMEK@__fastcall?$AA@ 000000018000c7c8     libvcruntime:undname.obj
 0002:000007d8       ??_C@_0N@BCKKPABJ@__vectorcall?$AA@ 000000018000c7d8     libvcruntime:undname.obj
 0002:000007e8       ??_C@_09HIJEGCPM@__clrcall?$AA@ 000000018000c7e8     libvcruntime:undname.obj
 0002:000007f4       ??_C@_06GHPCKEAG@__eabi?$AA@ 000000018000c7f4     libvcruntime:undname.obj
 0002:00000800       ??_C@_07JOMMBBKO@__ptr64?$AA@ 000000018000c800     libvcruntime:undname.obj
 0002:00000808       ??_C@_0L@PILCLIHE@__restrict?$AA@ 000000018000c808     libvcruntime:undname.obj
 0002:00000818       ??_C@_0M@GFIIJFMG@__unaligned?$AA@ 000000018000c818     libvcruntime:undname.obj
 0002:00000828       ??_C@_09DHDLOLLB@restrict?$CI?$AA@ 000000018000c828     libvcruntime:undname.obj
 0002:00000832       ??_C@_00CNPNBAHC@?$AA@     000000018000c832     libvcruntime:undname.obj
 0002:00000834       ??_C@_04NIHEBCM@?5new?$AA@ 000000018000c834     libvcruntime:undname.obj
 0002:00000840       ??_C@_07FPCDHGMM@?5delete?$AA@ 000000018000c840     libvcruntime:undname.obj
 0002:00000848       ??_C@_01NEMOKFLO@?$DN?$AA@ 000000018000c848     libvcruntime:undname.obj
 0002:0000084c       ??_C@_02GPIOPFAK@?$DO?$DO?$AA@ 000000018000c84c     libvcruntime:undname.obj
 0002:00000850       ??_C@_02FODMEDOG@?$DM?$DM?$AA@ 000000018000c850     libvcruntime:undname.obj
 0002:00000854       ??_C@_01DCLJPIOD@?$CB?$AA@ 000000018000c854     libvcruntime:undname.obj
 0002:00000858       ??_C@_02EGOFBIJA@?$DN?$DN?$AA@ 000000018000c858     libvcruntime:undname.obj
 0002:0000085c       ??_C@_02FDNJECIE@?$CB?$DN?$AA@ 000000018000c85c     libvcruntime:undname.obj
 0002:00000860       ??_C@_02GPECMEKF@?$FL?$FN?$AA@ 000000018000c860     libvcruntime:undname.obj
 0002:00000868       ??_C@_08LHJFAFGD@operator?$AA@ 000000018000c868     libvcruntime:undname.obj
 0002:00000874       ??_C@_02HBOOOICD@?9?$DO?$AA@ 000000018000c874     libvcruntime:undname.obj
 0002:00000878       ??_C@_01NBENCBCI@?$CK?$AA@ 000000018000c878     libvcruntime:undname.obj
 0002:0000087c       ??_C@_02ECNGHCIF@?$CL?$CL?$AA@ 000000018000c87c     libvcruntime:undname.obj
 0002:00000880       ??_C@_02BAABKJLB@?9?9?$AA@ 000000018000c880     libvcruntime:undname.obj
 0002:00000884       ??_C@_01JOAMLHOP@?9?$AA@   000000018000c884     libvcruntime:undname.obj
 0002:00000888       ??_C@_01MIFGBAGJ@?$CL?$AA@ 000000018000c888     libvcruntime:undname.obj
 0002:0000088c       ??_C@_01HNPIGOCE@?$CG?$AA@ 000000018000c88c     libvcruntime:undname.obj
 0002:00000890       ??_C@_03MNHNFDLC@?9?$DO?$CK?$AA@ 000000018000c890     libvcruntime:undname.obj
 0002:00000894       ??_C@_01KMDKNFGN@?1?$AA@   000000018000c894     libvcruntime:undname.obj
 0002:00000898       ??_C@_01FGNFDNOH@?$CF?$AA@ 000000018000c898     libvcruntime:undname.obj
 0002:0000089c       ??_C@_01MNNFJEPP@?$DM?$AA@ 000000018000c89c     libvcruntime:undname.obj
 0002:000008a0       ??_C@_02EHCHHCKH@?$DM?$DN?$AA@ 000000018000c8a0     libvcruntime:undname.obj
 0002:000008a4       ??_C@_01PPODPGHN@?$DO?$AA@ 000000018000c8a4     libvcruntime:undname.obj
 0002:000008a8       ??_C@_02EEKDKGMJ@?$DO?$DN?$AA@ 000000018000c8a8     libvcruntime:undname.obj
 0002:000008ac       ??_C@_01IHBHIGKO@?0?$AA@   000000018000c8ac     libvcruntime:undname.obj
 0002:000008b0       ??_C@_02HCKGKOFO@?$CI?$CJ?$AA@ 000000018000c8b0     libvcruntime:undname.obj
 0002:000008b4       ??_C@_01PJKLJHI@?$HO?$AA@  000000018000c8b4     libvcruntime:undname.obj
 0002:000008b8       ??_C@_01JKBOJNNK@?$FO?$AA@ 000000018000c8b8     libvcruntime:undname.obj
 0002:000008bc       ??_C@_01DNKMNLPK@?$HM?$AA@ 000000018000c8bc     libvcruntime:undname.obj
 0002:000008c0       ??_C@_02PPKAJPJL@?$CG?$CG?$AA@ 000000018000c8c0     libvcruntime:undname.obj
 0002:000008c4       ??_C@_02NONPIBCD@?$HM?$HM?$AA@ 000000018000c8c4     libvcruntime:undname.obj
 0002:000008c8       ??_C@_02FPIMKNGF@?$CK?$DN?$AA@ 000000018000c8c8     libvcruntime:undname.obj
 0002:000008cc       ??_C@_02FOEOMHFC@?$CL?$DN?$AA@ 000000018000c8cc     libvcruntime:undname.obj
 0002:000008d0       ??_C@_02FKMDLLOA@?9?$DN?$AA@ 000000018000c8d0     libvcruntime:undname.obj
 0002:000008d4       ??_C@_02FJEHGPIO@?1?$DN?$AA@ 000000018000c8d4     libvcruntime:undname.obj
 0002:000008d8       ??_C@_02FENAOKFI@?$CF?$DN?$AA@ 000000018000c8d8     libvcruntime:undname.obj
 0002:000008dc       ??_C@_03IKFCCPFF@?$DO?$DO?$DN?$AA@ 000000018000c8dc     libvcruntime:undname.obj
 0002:000008e0       ??_C@_03CDNPDDLA@?$DM?$DM?$DN?$AA@ 000000018000c8e0     libvcruntime:undname.obj
 0002:000008e4       ??_C@_02FGJGFEAB@?$CG?$DN?$AA@ 000000018000c8e4     libvcruntime:undname.obj
 0002:000008e8       ??_C@_02DHLNPPGH@?$HM?$DN?$AA@ 000000018000c8e8     libvcruntime:undname.obj
 0002:000008ec       ??_C@_02MHEGNOJ@?$FO?$DN?$AA@ 000000018000c8ec     libvcruntime:undname.obj
 0002:000008f0       ??_C@_09IFPLHPGF@?$GAvftable?8?$AA@ 000000018000c8f0     libvcruntime:undname.obj
 0002:00000900       ??_C@_09BLBHBJP@?$GAvbtable?8?$AA@ 000000018000c900     libvcruntime:undname.obj
 0002:00000910       ??_C@_07FEEIOKP@?$GAvcall?8?$AA@ 000000018000c910     libvcruntime:undname.obj
 0002:00000918       ??_C@_08LLFFHHDJ@?$GAtypeof?8?$AA@ 000000018000c918     libvcruntime:undname.obj
 0002:00000928       ??_C@_0BF@KDPPACIK@?$GAlocal?5static?5guard?8?$AA@ 000000018000c928     libvcruntime:undname.obj
 0002:00000940       ??_C@_08OBABFOLI@?$GAstring?8?$AA@ 000000018000c940     libvcruntime:undname.obj
 0002:00000950       ??_C@_0BD@JDLKDPAB@?$GAvbase?5destructor?8?$AA@ 000000018000c950     libvcruntime:undname.obj
 0002:00000968       ??_C@_0BN@DEGPLNFK@?$GAvector?5deleting?5destructor?8?$AA@ 000000018000c968     libvcruntime:undname.obj
 0002:00000988       ??_C@_0BO@OBMKPJIG@?$GAdefault?5constructor?5closure?8?$AA@ 000000018000c988     libvcruntime:undname.obj
 0002:000009a8       ??_C@_0BN@IMDCHIKM@?$GAscalar?5deleting?5destructor?8?$AA@ 000000018000c9a8     libvcruntime:undname.obj
 0002:000009c8       ??_C@_0BO@PFGOCPJJ@?$GAvector?5constructor?5iterator?8?$AA@ 000000018000c9c8     libvcruntime:undname.obj
 0002:000009e8       ??_C@_0BN@LFPFMEDL@?$GAvector?5destructor?5iterator?8?$AA@ 000000018000c9e8     libvcruntime:undname.obj
 0002:00000a08       ??_C@_0CE@IKBNEHA@?$GAvector?5vbase?5constructor?5iterat@ 000000018000ca08     libvcruntime:undname.obj
 0002:00000a30       ??_C@_0BL@NILFHHPC@?$GAvirtual?5displacement?5map?8?$AA@ 000000018000ca30     libvcruntime:undname.obj
 0002:00000a50       ??_C@_0CB@JONCMFFK@?$GAeh?5vector?5constructor?5iterator?8@ 000000018000ca50     libvcruntime:undname.obj
 0002:00000a78       ??_C@_0CA@GCEOPDGL@?$GAeh?5vector?5destructor?5iterator?8?$AA@ 000000018000ca78     libvcruntime:undname.obj
 0002:00000a98       ??_C@_0CH@OOJPLCPH@?$GAeh?5vector?5vbase?5constructor?5ite@ 000000018000ca98     libvcruntime:undname.obj
 0002:00000ac0       ??_C@_0BL@LLKPOHJI@?$GAcopy?5constructor?5closure?8?$AA@ 000000018000cac0     libvcruntime:undname.obj
 0002:00000ae0       ??_C@_0BA@KBCDOMBN@?$GAudt?5returning?8?$AA@ 000000018000cae0     libvcruntime:undname.obj
 0002:00000af0       ??_C@_03KLGMFNMG@?$GAEH?$AA@ 000000018000caf0     libvcruntime:undname.obj
 0002:00000af4       ??_C@_05KHLCHHI@?$GARTTI?$AA@ 000000018000caf4     libvcruntime:undname.obj
 0002:00000b00       ??_C@_0BA@KKLDJDLB@?$GAlocal?5vftable?8?$AA@ 000000018000cb00     libvcruntime:undname.obj
 0002:00000b10       ??_C@_0CE@IIHCMGGL@?$GAlocal?5vftable?5constructor?5closu@ 000000018000cb10     libvcruntime:undname.obj
 0002:00000b34       ??_C@_06FHBGPFGH@?5new?$FL?$FN?$AA@ 000000018000cb34     libvcruntime:undname.obj
 0002:00000b40       ??_C@_09LBNFPBCA@?5delete?$FL?$FN?$AA@ 000000018000cb40     libvcruntime:undname.obj
 0002:00000b50       ??_C@_0P@HJKNJFNN@?$GAomni?5callsig?8?$AA@ 000000018000cb50     libvcruntime:undname.obj
 0002:00000b60       ??_C@_0BL@CNOONJFP@?$GAplacement?5delete?5closure?8?$AA@ 000000018000cb60     libvcruntime:undname.obj
 0002:00000b80       ??_C@_0BN@CKNJLHMB@?$GAplacement?5delete?$FL?$FN?5closure?8?$AA@ 000000018000cb80     libvcruntime:undname.obj
 0002:00000ba0       ??_C@_0CG@CFDHKGGD@?$GAmanaged?5vector?5constructor?5iter@ 000000018000cba0     libvcruntime:undname.obj
 0002:00000bc8       ??_C@_0CF@IMGKMJNO@?$GAmanaged?5vector?5destructor?5itera@ 000000018000cbc8     libvcruntime:undname.obj
 0002:00000bf0       ??_C@_0CG@HLDDJMAG@?$GAeh?5vector?5copy?5constructor?5iter@ 000000018000cbf0     libvcruntime:undname.obj
 0002:00000c18       ??_C@_0CM@FCBBDIGB@?$GAeh?5vector?5vbase?5copy?5constructo@ 000000018000cc18     libvcruntime:undname.obj
 0002:00000c48       ??_C@_0BL@CLIPGLGB@?$GAdynamic?5initializer?5for?5?8?$AA@ 000000018000cc48     libvcruntime:undname.obj
 0002:00000c68       ??_C@_0CB@PDBIFEP@?$GAdynamic?5atexit?5destructor?5for?5?8@ 000000018000cc68     libvcruntime:undname.obj
 0002:00000c90       ??_C@_0CD@CGAJBKEJ@?$GAvector?5copy?5constructor?5iterato@ 000000018000cc90     libvcruntime:undname.obj
 0002:00000cb8       ??_C@_0CJ@GJELGAMM@?$GAvector?5vbase?5copy?5constructor?5i@ 000000018000ccb8     libvcruntime:undname.obj
 0002:00000ce8       ??_C@_0CL@FGIJHLCE@?$GAmanaged?5vector?5copy?5constructor@ 000000018000cce8     libvcruntime:undname.obj
 0002:00000d18       ??_C@_0BM@PMGGMLDN@?$GAlocal?5static?5thread?5guard?8?$AA@ 000000018000cd18     libvcruntime:undname.obj
 0002:00000d38       ??_C@_0N@BDNMDMOL@operator?5?$CC?$CC?5?$AA@ 000000018000cd38     libvcruntime:undname.obj
 0002:00000d48       ??_C@_0BC@DAFEJGAK@?5Type?5Descriptor?8?$AA@ 000000018000cd48     libvcruntime:undname.obj
 0002:00000d60       ??_C@_0BM@LDKODKLH@?5Base?5Class?5Descriptor?5at?5?$CI?$AA@ 000000018000cd60     libvcruntime:undname.obj
 0002:00000d80       ??_C@_0BD@LGICGFMM@?5Base?5Class?5Array?8?$AA@ 000000018000cd80     libvcruntime:undname.obj
 0002:00000d98       ??_C@_0BN@MECKDCOJ@?5Class?5Hierarchy?5Descriptor?8?$AA@ 000000018000cd98     libvcruntime:undname.obj
 0002:00000db8       ??_C@_0BK@CFCOFLF@?5Complete?5Object?5Locator?8?$AA@ 000000018000cdb8     libvcruntime:undname.obj
 0002:00000de0       __acrt_exception_action_table 000000018000cde0     libucrt:exception_filter.obj
 0002:00000ea0       __acrt_signal_action_table_count 000000018000cea0     libucrt:exception_filter.obj
 0002:00000ea8       __acrt_signal_action_first_fpe_index 000000018000cea8     libucrt:exception_filter.obj
 0002:00000eb0       __acrt_signal_action_fpe_count 000000018000ceb0     libucrt:exception_filter.obj
 0002:00000eb8       ??_C@_1BI@BGOHAHKC@?$AAm?$AAs?$AAc?$AAo?$AAr?$AAe?$AAe?$AA?4?$AAd?$AAl?$AAl?$AA?$AA@ 000000018000ceb8     libucrt:exit.obj
 0002:00000ed0       ??_C@_0P@MIGLKIOC@CorExitProcess?$AA@ 000000018000ced0     libucrt:exit.obj
 0002:00001140       __lc_time_c                000000018000d140     libucrt:nlsdata.obj
 0002:00001400       ??_C@_03KOEHGMDN@Sun?$AA@  000000018000d400     libucrt:nlsdata.obj
 0002:00001404       ??_C@_03PDAGKDH@Mon?$AA@   000000018000d404     libucrt:nlsdata.obj
 0002:00001408       ??_C@_03NAGEINEP@Tue?$AA@  000000018000d408     libucrt:nlsdata.obj
 0002:0000140c       ??_C@_03MHOMLAJA@Wed?$AA@  000000018000d40c     libucrt:nlsdata.obj
 0002:00001410       ??_C@_03IOFIKPDN@Thu?$AA@  000000018000d410     libucrt:nlsdata.obj
 0002:00001414       ??_C@_03IDIOELNC@Fri?$AA@  000000018000d414     libucrt:nlsdata.obj
 0002:00001418       ??_C@_03FEFJNEK@Sat?$AA@   000000018000d418     libucrt:nlsdata.obj
 0002:0000141c       ??_C@_06OOPIFAJ@Sunday?$AA@ 000000018000d41c     libucrt:nlsdata.obj
 0002:00001424       ??_C@_06JLEDEDGH@Monday?$AA@ 000000018000d424     libucrt:nlsdata.obj
 0002:00001430       ??_C@_07BAAGCFCM@Tuesday?$AA@ 000000018000d430     libucrt:nlsdata.obj
 0002:00001438       ??_C@_09DLIGFAKA@Wednesday?$AA@ 000000018000d438     libucrt:nlsdata.obj
 0002:00001448       ??_C@_08HACCIKIA@Thursday?$AA@ 000000018000d448     libucrt:nlsdata.obj
 0002:00001454       ??_C@_06JECMNKMI@Friday?$AA@ 000000018000d454     libucrt:nlsdata.obj
 0002:00001460       ??_C@_08INBOOONO@Saturday?$AA@ 000000018000d460     libucrt:nlsdata.obj
 0002:0000146c       ??_C@_03JIHJHPIE@Jan?$AA@  000000018000d46c     libucrt:nlsdata.obj
 0002:00001470       ??_C@_03HJBDCHOM@Feb?$AA@  000000018000d470     libucrt:nlsdata.obj
 0002:00001474       ??_C@_03ODNJBKGA@Mar?$AA@  000000018000d474     libucrt:nlsdata.obj
 0002:00001478       ??_C@_03LEOLGMJP@Apr?$AA@  000000018000d478     libucrt:nlsdata.obj
 0002:0000147c       ??_C@_03CNMDKL@May?$AA@    000000018000d47c     libucrt:nlsdata.obj
 0002:00001480       ??_C@_03IDFGHECI@Jun?$AA@  000000018000d480     libucrt:nlsdata.obj
 0002:00001484       ??_C@_03LBGABGKK@Jul?$AA@  000000018000d484     libucrt:nlsdata.obj
 0002:00001488       ??_C@_03IFJFEIGA@Aug?$AA@  000000018000d488     libucrt:nlsdata.obj
 0002:0000148c       ??_C@_03GGCAPAJC@Sep?$AA@  000000018000d48c     libucrt:nlsdata.obj
 0002:00001490       ??_C@_03BMAOKBAD@Oct?$AA@  000000018000d490     libucrt:nlsdata.obj
 0002:00001494       ??_C@_03JPJOFNIA@Nov?$AA@  000000018000d494     libucrt:nlsdata.obj
 0002:00001498       ??_C@_03MKABNOCG@Dec?$AA@  000000018000d498     libucrt:nlsdata.obj
 0002:000014a0       ??_C@_07CGJPFGJA@January?$AA@ 000000018000d4a0     libucrt:nlsdata.obj
 0002:000014a8       ??_C@_08GNJGEPFN@February?$AA@ 000000018000d4a8     libucrt:nlsdata.obj
 0002:000014b4       ??_C@_05HPCKOFNC@March?$AA@ 000000018000d4b4     libucrt:nlsdata.obj
 0002:000014bc       ??_C@_05DMJDNLEJ@April?$AA@ 000000018000d4bc     libucrt:nlsdata.obj
 0002:000014c4       ??_C@_04CNLMGBGM@June?$AA@ 000000018000d4c4     libucrt:nlsdata.obj
 0002:000014cc       ??_C@_04MIEPOIFP@July?$AA@ 000000018000d4cc     libucrt:nlsdata.obj
 0002:000014d4       ??_C@_06LBBHFDDG@August?$AA@ 000000018000d4d4     libucrt:nlsdata.obj
 0002:000014e0       ??_C@_09BHHEALKD@September?$AA@ 000000018000d4e0     libucrt:nlsdata.obj
 0002:000014f0       ??_C@_07JJNFCEND@October?$AA@ 000000018000d4f0     libucrt:nlsdata.obj
 0002:000014f8       ??_C@_08HCHEGEOA@November?$AA@ 000000018000d4f8     libucrt:nlsdata.obj
 0002:00001508       ??_C@_08EDHMEBNP@December?$AA@ 000000018000d508     libucrt:nlsdata.obj
 0002:00001514       ??_C@_02DEDBPAFC@AM?$AA@   000000018000d514     libucrt:nlsdata.obj
 0002:00001518       ??_C@_02CJNFDJBF@PM?$AA@   000000018000d518     libucrt:nlsdata.obj
 0002:00001520       ??_C@_08BPBNCDIB@MM?1dd?1yy?$AA@ 000000018000d520     libucrt:nlsdata.obj
 0002:00001530       ??_C@_0BE@CKGJFCPC@dddd?0?5MMMM?5dd?0?5yyyy?$AA@ 000000018000d530     libucrt:nlsdata.obj
 0002:00001548       ??_C@_08JCCMCCIL@HH?3mm?3ss?$AA@ 000000018000d548     libucrt:nlsdata.obj
 0002:00001558       ??_C@_17MBGCMIPB@?$AAS?$AAu?$AAn?$AA?$AA@ 000000018000d558     libucrt:nlsdata.obj
 0002:00001560       ??_C@_17KBOMKBF@?$AAM?$AAo?$AAn?$AA?$AA@ 000000018000d560     libucrt:nlsdata.obj
 0002:00001568       ??_C@_17BMKGEGOJ@?$AAT?$AAu?$AAe?$AA?$AA@ 000000018000d568     libucrt:nlsdata.obj
 0002:00001570       ??_C@_17CJEDCEPE@?$AAW?$AAe?$AAd?$AA?$AA@ 000000018000d570     libucrt:nlsdata.obj
 0002:00001578       ??_C@_17PDPHAADD@?$AAT?$AAh?$AAu?$AA?$AA@ 000000018000d578     libucrt:nlsdata.obj
 0002:00001580       ??_C@_17HFOLPPLP@?$AAF?$AAr?$AAi?$AA?$AA@ 000000018000d580     libucrt:nlsdata.obj
 0002:00001588       ??_C@_17GGIBDPIH@?$AAS?$AAa?$AAt?$AA?$AA@ 000000018000d588     libucrt:nlsdata.obj
 0002:00001590       ??_C@_1O@IHNHDHPB@?$AAS?$AAu?$AAn?$AAd?$AAa?$AAy?$AA?$AA@ 000000018000d590     libucrt:nlsdata.obj
 0002:000015a0       ??_C@_1O@MMNBFLIA@?$AAM?$AAo?$AAn?$AAd?$AAa?$AAy?$AA?$AA@ 000000018000d5a0     libucrt:nlsdata.obj
 0002:000015b0       ??_C@_1BA@ENFBFFEK@?$AAT?$AAu?$AAe?$AAs?$AAd?$AAa?$AAy?$AA?$AA@ 000000018000d5b0     libucrt:nlsdata.obj
 0002:000015c0       ??_C@_1BE@EBOGMDOH@?$AAW?$AAe?$AAd?$AAn?$AAe?$AAs?$AAd?$AAa?$AAy?$AA?$AA@ 000000018000d5c0     libucrt:nlsdata.obj
 0002:000015d8       ??_C@_1BC@HHMNLIHE@?$AAT?$AAh?$AAu?$AAr?$AAs?$AAd?$AAa?$AAy?$AA?$AA@ 000000018000d5d8     libucrt:nlsdata.obj
 0002:000015f0       ??_C@_1O@PDICJHAG@?$AAF?$AAr?$AAi?$AAd?$AAa?$AAy?$AA?$AA@ 000000018000d5f0     libucrt:nlsdata.obj
 0002:00001600       ??_C@_1BC@ENMNNPAJ@?$AAS?$AAa?$AAt?$AAu?$AAr?$AAd?$AAa?$AAy?$AA?$AA@ 000000018000d600     libucrt:nlsdata.obj
 0002:00001618       ??_C@_17DKNBKCHM@?$AAJ?$AAa?$AAn?$AA?$AA@ 000000018000d618     libucrt:nlsdata.obj
 0002:00001620       ??_C@_17LMDJEKJN@?$AAF?$AAe?$AAb?$AA?$AA@ 000000018000d620     libucrt:nlsdata.obj
 0002:00001628       ??_C@_17CKNLEDEC@?$AAM?$AAa?$AAr?$AA?$AA@ 000000018000d628     libucrt:nlsdata.obj
 0002:00001630       ??_C@_17LFPOIHDD@?$AAA?$AAp?$AAr?$AA?$AA@ 000000018000d630     libucrt:nlsdata.obj
 0002:00001638       ??_C@_17PNNKMEED@?$AAM?$AAa?$AAy?$AA?$AA@ 000000018000d638     libucrt:nlsdata.obj
 0002:00001640       ??_C@_17KCJGOCPB@?$AAJ?$AAu?$AAn?$AA?$AA@ 000000018000d640     libucrt:nlsdata.obj
 0002:00001648       ??_C@_17IJPCKHK@?$AAJ?$AAu?$AAl?$AA?$AA@ 000000018000d648     libucrt:nlsdata.obj
 0002:00001650       ??_C@_17ICPELBCN@?$AAA?$AAu?$AAg?$AA?$AA@ 000000018000d650     libucrt:nlsdata.obj
 0002:00001658       ??_C@_17HCHCOKMG@?$AAS?$AAe?$AAp?$AA?$AA@ 000000018000d658     libucrt:nlsdata.obj
 0002:00001660       ??_C@_17FNLKOI@?$AAO?$AAc?$AAt?$AA?$AA@ 000000018000d660     libucrt:nlsdata.obj
 0002:00001668       ??_C@_17BBDMLCIG@?$AAN?$AAo?$AAv?$AA?$AA@ 000000018000d668     libucrt:nlsdata.obj
 0002:00001670       ??_C@_17EGKACKIF@?$AAD?$AAe?$AAc?$AA?$AA@ 000000018000d670     libucrt:nlsdata.obj
 0002:00001678       ??_C@_1BA@EFMEIEBA@?$AAJ?$AAa?$AAn?$AAu?$AAa?$AAr?$AAy?$AA?$AA@ 000000018000d678     libucrt:nlsdata.obj
 0002:00001688       ??_C@_1BC@JGDDFFAM@?$AAF?$AAe?$AAb?$AAr?$AAu?$AAa?$AAr?$AAy?$AA?$AA@ 000000018000d688     libucrt:nlsdata.obj
 0002:000016a0       ??_C@_1M@IKEENEDF@?$AAM?$AAa?$AAr?$AAc?$AAh?$AA?$AA@ 000000018000d6a0     libucrt:nlsdata.obj
 0002:000016b0       ??_C@_1M@GJNLMHFD@?$AAA?$AAp?$AAr?$AAi?$AAl?$AA?$AA@ 000000018000d6b0     libucrt:nlsdata.obj
 0002:000016c0       ??_C@_19EPFLPGAP@?$AAJ?$AAu?$AAn?$AAe?$AA?$AA@ 000000018000d6c0     libucrt:nlsdata.obj
 0002:000016d0       ??_C@_19BIFMLPCD@?$AAJ?$AAu?$AAl?$AAy?$AA?$AA@ 000000018000d6d0     libucrt:nlsdata.obj
 0002:000016e0       ??_C@_1O@PAHLKOAC@?$AAA?$AAu?$AAg?$AAu?$AAs?$AAt?$AA?$AA@ 000000018000d6e0     libucrt:nlsdata.obj
 0002:000016f0       ??_C@_1BE@DKAAMBJL@?$AAS?$AAe?$AAp?$AAt?$AAe?$AAm?$AAb?$AAe?$AAr?$AA?$AA@ 000000018000d6f0     libucrt:nlsdata.obj
 0002:00001708       ??_C@_1BA@EPANDLNG@?$AAO?$AAc?$AAt?$AAo?$AAb?$AAe?$AAr?$AA?$AA@ 000000018000d708     libucrt:nlsdata.obj
 0002:00001718       ??_C@_1BC@BGLIFPF@?$AAN?$AAo?$AAv?$AAe?$AAm?$AAb?$AAe?$AAr?$AA?$AA@ 000000018000d718     libucrt:nlsdata.obj
 0002:00001730       ??_C@_1BC@FEMKIFH@?$AAD?$AAe?$AAc?$AAe?$AAm?$AAb?$AAe?$AAr?$AA?$AA@ 000000018000d730     libucrt:nlsdata.obj
 0002:00001744       ??_C@_15ODEHAHHF@?$AAA?$AAM?$AA?$AA@ 000000018000d744     libucrt:nlsdata.obj
 0002:0000174c       ??_C@_15CLMNNGEL@?$AAP?$AAM?$AA?$AA@ 000000018000d74c     libucrt:nlsdata.obj
 0002:00001758       ??_C@_1BC@IEBCMHCM@?$AAM?$AAM?$AA?1?$AAd?$AAd?$AA?1?$AAy?$AAy?$AA?$AA@ 000000018000d758     libucrt:nlsdata.obj
 0002:00001770       ??_C@_1CI@KNAKOEBC@?$AAd?$AAd?$AAd?$AAd?$AA?0?$AA?5?$AAM?$AAM?$AAM?$AAM?$AA?5?$AAd?$AAd?$AA?0?$AA?5?$AAy?$AAy?$AAy?$AAy?$AA?$AA@ 000000018000d770     libucrt:nlsdata.obj
 0002:00001798       ??_C@_1BC@GDGBMEMK@?$AAH?$AAH?$AA?3?$AAm?$AAm?$AA?3?$AAs?$AAs?$AA?$AA@ 000000018000d798     libucrt:nlsdata.obj
 0002:000017b0       ??_C@_1M@BMHNFIME@?$AAe?$AAn?$AA?9?$AAU?$AAS?$AA?$AA@ 000000018000d7b0     libucrt:nlsdata.obj
 0002:00001860       ??_C@_1EG@CNNIPFIM@?$AAa?$AAp?$AAi?$AA?9?$AAm?$AAs?$AA?9?$AAw?$AAi?$AAn?$AA?9?$AAa?$AAp?$AAp?$AAm?$AAo?$AAd?$AAe?$AAl?$AA?9?$AAr?$AAu?$AAn?$AAt?$AAi?$AAm?$AAe?$AA?9?$AAl?$AA1?$AA?9?$AA1@ 000000018000d860     libucrt:winapi_thunks.obj
 0002:000018b0       ??_C@_1EA@JGEFHKEI@?$AAa?$AAp?$AAi?$AA?9?$AAm?$AAs?$AA?9?$AAw?$AAi?$AAn?$AA?9?$AAc?$AAo?$AAr?$AAe?$AA?9?$AAd?$AAa?$AAt?$AAe?$AAt?$AAi?$AAm?$AAe?$AA?9?$AAl?$AA1?$AA?9?$AA1?$AA?9?$AA1?$AA?$AA@ 000000018000d8b0     libucrt:winapi_thunks.obj
 0002:000018f0       ??_C@_1DI@GCIAAENM@?$AAa?$AAp?$AAi?$AA?9?$AAm?$AAs?$AA?9?$AAw?$AAi?$AAn?$AA?9?$AAc?$AAo?$AAr?$AAe?$AA?9?$AAf?$AAi?$AAl?$AAe?$AA?9?$AAl?$AA2?$AA?9?$AA1?$AA?9?$AA1?$AA?$AA@ 000000018000d8f0     libucrt:winapi_thunks.obj
 0002:00001930       ??_C@_1EI@MPIAOHOC@?$AAa?$AAp?$AAi?$AA?9?$AAm?$AAs?$AA?9?$AAw?$AAi?$AAn?$AA?9?$AAc?$AAo?$AAr?$AAe?$AA?9?$AAl?$AAo?$AAc?$AAa?$AAl?$AAi?$AAz?$AAa?$AAt?$AAi?$AAo?$AAn?$AA?9?$AAl?$AA1?$AA?9@ 000000018000d930     libucrt:winapi_thunks.obj
 0002:00001980       ??_C@_1FK@FPHCKFIE@?$AAa?$AAp?$AAi?$AA?9?$AAm?$AAs?$AA?9?$AAw?$AAi?$AAn?$AA?9?$AAc?$AAo?$AAr?$AAe?$AA?9?$AAl?$AAo?$AAc?$AAa?$AAl?$AAi?$AAz?$AAa?$AAt?$AAi?$AAo?$AAn?$AA?9?$AAo?$AAb?$AAs@ 000000018000d980     libucrt:winapi_thunks.obj
 0002:000019e0       ??_C@_1EM@DILCGIIO@?$AAa?$AAp?$AAi?$AA?9?$AAm?$AAs?$AA?9?$AAw?$AAi?$AAn?$AA?9?$AAc?$AAo?$AAr?$AAe?$AA?9?$AAp?$AAr?$AAo?$AAc?$AAe?$AAs?$AAs?$AAt?$AAh?$AAr?$AAe?$AAa?$AAd?$AAs?$AA?9?$AAl@ 000000018000d9e0     libucrt:winapi_thunks.obj
 0002:00001a30       ??_C@_1DM@LNCGDDPN@?$AAa?$AAp?$AAi?$AA?9?$AAm?$AAs?$AA?9?$AAw?$AAi?$AAn?$AA?9?$AAc?$AAo?$AAr?$AAe?$AA?9?$AAs?$AAt?$AAr?$AAi?$AAn?$AAg?$AA?9?$AAl?$AA1?$AA?9?$AA1?$AA?9?$AA0?$AA?$AA@ 000000018000da30     libucrt:winapi_thunks.obj
 0002:00001a70       ??_C@_1DO@FPAPJEMD@?$AAa?$AAp?$AAi?$AA?9?$AAm?$AAs?$AA?9?$AAw?$AAi?$AAn?$AA?9?$AAc?$AAo?$AAr?$AAe?$AA?9?$AAs?$AAy?$AAs?$AAi?$AAn?$AAf?$AAo?$AA?9?$AAl?$AA1?$AA?9?$AA2?$AA?9?$AA1?$AA?$AA@ 000000018000da70     libucrt:winapi_thunks.obj
 0002:00001ab0       ??_C@_1DK@NDHNAHIO@?$AAa?$AAp?$AAi?$AA?9?$AAm?$AAs?$AA?9?$AAw?$AAi?$AAn?$AA?9?$AAc?$AAo?$AAr?$AAe?$AA?9?$AAw?$AAi?$AAn?$AAr?$AAt?$AA?9?$AAl?$AA1?$AA?9?$AA1?$AA?9?$AA0?$AA?$AA@ 000000018000dab0     libucrt:winapi_thunks.obj
 0002:00001af0       ??_C@_1DM@KGHDGBCM@?$AAa?$AAp?$AAi?$AA?9?$AAm?$AAs?$AA?9?$AAw?$AAi?$AAn?$AA?9?$AAc?$AAo?$AAr?$AAe?$AA?9?$AAx?$AAs?$AAt?$AAa?$AAt?$AAe?$AA?9?$AAl?$AA2?$AA?9?$AA1?$AA?9?$AA0?$AA?$AA@ 000000018000daf0     libucrt:winapi_thunks.obj
 0002:00001b30       ??_C@_1EO@IJIOEFOH@?$AAa?$AAp?$AAi?$AA?9?$AAm?$AAs?$AA?9?$AAw?$AAi?$AAn?$AA?9?$AAr?$AAt?$AAc?$AAo?$AAr?$AAe?$AA?9?$AAn?$AAt?$AAu?$AAs?$AAe?$AAr?$AA?9?$AAw?$AAi?$AAn?$AAd?$AAo?$AAw?$AA?9@ 000000018000db30     libucrt:winapi_thunks.obj
 0002:00001b80       ??_C@_1FG@HHGEKANL@?$AAa?$AAp?$AAi?$AA?9?$AAm?$AAs?$AA?9?$AAw?$AAi?$AAn?$AA?9?$AAs?$AAe?$AAc?$AAu?$AAr?$AAi?$AAt?$AAy?$AA?9?$AAs?$AAy?$AAs?$AAt?$AAe?$AAm?$AAf?$AAu?$AAn?$AAc?$AAt?$AAi@ 000000018000db80     libucrt:winapi_thunks.obj
 0002:00001be0       ??_C@_1FG@NCKKOLKO@?$AAe?$AAx?$AAt?$AA?9?$AAm?$AAs?$AA?9?$AAw?$AAi?$AAn?$AA?9?$AAk?$AAe?$AAr?$AAn?$AAe?$AAl?$AA3?$AA2?$AA?9?$AAp?$AAa?$AAc?$AAk?$AAa?$AAg?$AAe?$AA?9?$AAc?$AAu?$AAr?$AAr@ 000000018000dbe0     libucrt:winapi_thunks.obj
 0002:00001c40       ??_C@_1EG@DBIOJECG@?$AAe?$AAx?$AAt?$AA?9?$AAm?$AAs?$AA?9?$AAw?$AAi?$AAn?$AA?9?$AAn?$AAt?$AAu?$AAs?$AAe?$AAr?$AA?9?$AAd?$AAi?$AAa?$AAl?$AAo?$AAg?$AAb?$AAo?$AAx?$AA?9?$AAl?$AA1?$AA?9?$AA1@ 000000018000dc40     libucrt:winapi_thunks.obj
 0002:00001c90       ??_C@_1EO@FIHMJCLF@?$AAe?$AAx?$AAt?$AA?9?$AAm?$AAs?$AA?9?$AAw?$AAi?$AAn?$AA?9?$AAn?$AAt?$AAu?$AAs?$AAe?$AAr?$AA?9?$AAw?$AAi?$AAn?$AAd?$AAo?$AAw?$AAs?$AAt?$AAa?$AAt?$AAi?$AAo?$AAn?$AA?9@ 000000018000dc90     libucrt:winapi_thunks.obj
 0002:00001ce0       ??_C@_1O@BCCLBEOE@?$AAu?$AAs?$AAe?$AAr?$AA3?$AA2?$AA?$AA@ 000000018000dce0     libucrt:winapi_thunks.obj
 0002:00001d18       ??_C@_0BE@JOGNEJCI@GetCurrentPackageId?$AA@ 000000018000dd18     libucrt:winapi_thunks.obj
 0002:00001d40       ??_C@_0O@KKBNKAPF@LCMapStringEx?$AA@ 000000018000dd40     libucrt:winapi_thunks.obj
 0002:00001d58       ??_C@_0BB@HBDEELFH@LocaleNameToLCID?$AA@ 000000018000dd58     libucrt:winapi_thunks.obj
 0002:00001d90       ??_C@_1M@HPNHIDJI@?$AAj?$AAa?$AA?9?$AAJ?$AAP?$AA?$AA@ 000000018000dd90     libucrt:mbctype.obj
 0002:00001da0       ??_C@_1M@BIBDDEMK@?$AAz?$AAh?$AA?9?$AAC?$AAN?$AA?$AA@ 000000018000dda0     libucrt:mbctype.obj
 0002:00001db0       ??_C@_1M@JLOOOEGK@?$AAk?$AAo?$AA?9?$AAK?$AAR?$AA?$AA@ 000000018000ddb0     libucrt:mbctype.obj
 0002:00001dc0       ??_C@_1M@CLNBBOPM@?$AAz?$AAh?$AA?9?$AAT?$AAW?$AA?$AA@ 000000018000ddc0     libucrt:mbctype.obj
 0002:00001dd0       __newctype                 000000018000ddd0     libucrt:ctype.obj
 0002:000020d0       __newclmap                 000000018000e0d0     libucrt:ctype.obj
 0002:00002250       __newcumap                 000000018000e250     libucrt:ctype.obj
 0002:000023d0       ??_C@_15PJPFLCCM@?$AAu?$AAk?$AA?$AA@ 000000018000e3d0     libucrt:get_qualified_locale.obj
 0002:00003220       ??_C@_15EMKDOKLE@?$AAa?$AAr?$AA?$AA@ 000000018000f220     libucrt:lcidtoname_downlevel.obj
 0002:00003228       ??_C@_15KNPADPLH@?$AAb?$AAg?$AA?$AA@ 000000018000f228     libucrt:lcidtoname_downlevel.obj
 0002:00003230       ??_C@_15EDMHLDMO@?$AAc?$AAa?$AA?$AA@ 000000018000f230     libucrt:lcidtoname_downlevel.obj
 0002:00003238       ??_C@_1O@BPEAJADD@?$AAz?$AAh?$AA?9?$AAC?$AAH?$AAS?$AA?$AA@ 000000018000f238     libucrt:lcidtoname_downlevel.obj
 0002:00003248       ??_C@_15LJNHCMNK@?$AAc?$AAs?$AA?$AA@ 000000018000f248     libucrt:lcidtoname_downlevel.obj
 0002:00003250       ??_C@_15FOMCIDHG@?$AAd?$AAa?$AA?$AA@ 000000018000f250     libucrt:lcidtoname_downlevel.obj
 0002:00003258       ??_C@_15NBKABECB@?$AAd?$AAe?$AA?$AA@ 000000018000f258     libucrt:lcidtoname_downlevel.obj
 0002:00003260       ??_C@_15GHPEIIAO@?$AAe?$AAl?$AA?$AA@ 000000018000f260     libucrt:lcidtoname_downlevel.obj
 0002:00003268       ??_C@_15MNPNEAIF@?$AAe?$AAn?$AA?$AA@ 000000018000f268     libucrt:lcidtoname_downlevel.obj
 0002:00003270       ??_C@_15GPIOMPMH@?$AAe?$AAs?$AA?$AA@ 000000018000f270     libucrt:lcidtoname_downlevel.obj
 0002:00003278       ??_C@_15NGLOAKJC@?$AAf?$AAi?$AA?$AA@ 000000018000f278     libucrt:lcidtoname_downlevel.obj
 0002:00003280       ??_C@_15FBKGNKAM@?$AAf?$AAr?$AA?$AA@ 000000018000f280     libucrt:lcidtoname_downlevel.obj
 0002:00003288       ??_C@_15KGGCNEFK@?$AAh?$AAe?$AA?$AA@ 000000018000f288     libucrt:lcidtoname_downlevel.obj
 0002:00003290       ??_C@_15PGHLIDMF@?$AAh?$AAu?$AA?$AA@ 000000018000f290     libucrt:lcidtoname_downlevel.obj
 0002:00003298       ??_C@_15BIEMAPLM@?$AAi?$AAs?$AA?$AA@ 000000018000f298     libucrt:lcidtoname_downlevel.obj
 0002:000032a0       ??_C@_15IFJLDHAF@?$AAi?$AAt?$AA?$AA@ 000000018000f2a0     libucrt:lcidtoname_downlevel.obj
 0002:000032a8       ??_C@_15GEMIOCAG@?$AAj?$AAa?$AA?$AA@ 000000018000f2a8     libucrt:lcidtoname_downlevel.obj
 0002:000032b0       ??_C@_15EPELEGJA@?$AAk?$AAo?$AA?$AA@ 000000018000f2b0     libucrt:lcidtoname_downlevel.obj
 0002:000032b8       ??_C@_15NDDHIMN@?$AAn?$AAl?$AA?$AA@ 000000018000f2b8     libucrt:lcidtoname_downlevel.obj
 0002:000032c0       ??_C@_15BPIGNHCD@?$AAn?$AAo?$AA?$AA@ 000000018000f2c0     libucrt:lcidtoname_downlevel.obj
 0002:000032c8       ??_C@_15DEOPBLCG@?$AAp?$AAl?$AA?$AA@ 000000018000f2c8     libucrt:lcidtoname_downlevel.obj
 0002:000032d0       ??_C@_15KBECGEFG@?$AAp?$AAt?$AA?$AA@ 000000018000f2d0     libucrt:lcidtoname_downlevel.obj
 0002:000032d8       ??_C@_15GLJCBFMD@?$AAr?$AAo?$AA?$AA@ 000000018000f2d8     libucrt:lcidtoname_downlevel.obj
 0002:000032e0       ??_C@_15FEDGKCDI@?$AAr?$AAu?$AA?$AA@ 000000018000f2e0     libucrt:lcidtoname_downlevel.obj
 0002:000032e8       ??_C@_15GLKMLLHM@?$AAh?$AAr?$AA?$AA@ 000000018000f2e8     libucrt:lcidtoname_downlevel.obj
 0002:000032f0       ??_C@_15CPKMFBDB@?$AAs?$AAk?$AA?$AA@ 000000018000f2f0     libucrt:lcidtoname_downlevel.obj
 0002:000032f8       ??_C@_15BAAIOGMK@?$AAs?$AAq?$AA?$AA@ 000000018000f2f8     libucrt:lcidtoname_downlevel.obj
 0002:00003300       ??_C@_15INNPNOHD@?$AAs?$AAv?$AA?$AA@ 000000018000f300     libucrt:lcidtoname_downlevel.obj
 0002:00003308       ??_C@_15CABMMOGH@?$AAt?$AAh?$AA?$AA@ 000000018000f308     libucrt:lcidtoname_downlevel.obj
 0002:00003310       ??_C@_15BPLIHJJM@?$AAt?$AAr?$AA?$AA@ 000000018000f310     libucrt:lcidtoname_downlevel.obj
 0002:00003318       ??_C@_15NEOEKKDJ@?$AAu?$AAr?$AA?$AA@ 000000018000f318     libucrt:lcidtoname_downlevel.obj
 0002:00003320       ??_C@_15NFICGAJK@?$AAi?$AAd?$AA?$AA@ 000000018000f320     libucrt:lcidtoname_downlevel.obj
 0002:00003328       ??_C@_15HPJPHDM@?$AAb?$AAe?$AA?$AA@ 000000018000f328     libucrt:lcidtoname_downlevel.obj
 0002:00003330       ??_C@_15LCHLGJII@?$AAs?$AAl?$AA?$AA@ 000000018000f330     libucrt:lcidtoname_downlevel.obj
 0002:00003338       ??_C@_15PCFJPHHO@?$AAe?$AAt?$AA?$AA@ 000000018000f338     libucrt:lcidtoname_downlevel.obj
 0002:00003340       ??_C@_15HPFPGODN@?$AAl?$AAv?$AA?$AA@ 000000018000f340     libucrt:lcidtoname_downlevel.obj
 0002:00003348       ??_C@_15NFFGKGLG@?$AAl?$AAt?$AA?$AA@ 000000018000f348     libucrt:lcidtoname_downlevel.obj
 0002:00003350       ??_C@_15BDAKCCHN@?$AAf?$AAa?$AA?$AA@ 000000018000f350     libucrt:lcidtoname_downlevel.obj
 0002:00003358       ??_C@_15NFGIAIAJ@?$AAv?$AAi?$AA?$AA@ 000000018000f358     libucrt:lcidtoname_downlevel.obj
 0002:00003360       ??_C@_15LMKNDMHN@?$AAh?$AAy?$AA?$AA@ 000000018000f360     libucrt:lcidtoname_downlevel.obj
 0002:00003368       ??_C@_15IJBHMCFL@?$AAa?$AAz?$AA?$AA@ 000000018000f368     libucrt:lcidtoname_downlevel.obj
 0002:00003370       ??_C@_15EKOFJABL@?$AAe?$AAu?$AA?$AA@ 000000018000f370     libucrt:lcidtoname_downlevel.obj
 0002:00003378       ??_C@_15BGHADCNK@?$AAm?$AAk?$AA?$AA@ 000000018000f378     libucrt:lcidtoname_downlevel.obj
 0002:00003380       ??_C@_15JDNICKHM@?$AAa?$AAf?$AA?$AA@ 000000018000f380     libucrt:lcidtoname_downlevel.obj
 0002:00003388       ??_C@_15KPJEDBKD@?$AAk?$AAa?$AA?$AA@ 000000018000f388     libucrt:lcidtoname_downlevel.obj
 0002:00003390       ??_C@_15PDNFFFEO@?$AAf?$AAo?$AA?$AA@ 000000018000f390     libucrt:lcidtoname_downlevel.obj
 0002:00003398       ??_C@_15OMLEGLOC@?$AAh?$AAi?$AA?$AA@ 000000018000f398     libucrt:lcidtoname_downlevel.obj
 0002:000033a0       ??_C@_15IDNNENKK@?$AAm?$AAs?$AA?$AA@ 000000018000f3a0     libucrt:lcidtoname_downlevel.obj
 0002:000033a8       ??_C@_15MACJNBMH@?$AAk?$AAk?$AA?$AA@ 000000018000f3a8     libucrt:lcidtoname_downlevel.obj
 0002:000033b0       ??_C@_15DKDJEOND@?$AAk?$AAy?$AA?$AA@ 000000018000f3b0     libucrt:lcidtoname_downlevel.obj
 0002:000033b8       ??_C@_15DFGDLJBG@?$AAs?$AAw?$AA?$AA@ 000000018000f3b8     libucrt:lcidtoname_downlevel.obj
 0002:000033c0       ??_C@_15BBFAICNG@?$AAu?$AAz?$AA?$AA@ 000000018000f3c0     libucrt:lcidtoname_downlevel.obj
 0002:000033c8       ??_C@_15DKNDCGEA@?$AAt?$AAt?$AA?$AA@ 000000018000f3c8     libucrt:lcidtoname_downlevel.obj
 0002:000033d0       ??_C@_15MGIFMDPL@?$AAp?$AAa?$AA?$AA@ 000000018000f3d0     libucrt:lcidtoname_downlevel.obj
 0002:000033d8       ??_C@_15HCNDBBA@?$AAg?$AAu?$AA?$AA@ 000000018000f3d8     libucrt:lcidtoname_downlevel.obj
 0002:000033e0       ??_C@_15FNBEIBON@?$AAt?$AAa?$AA?$AA@ 000000018000f3e0     libucrt:lcidtoname_downlevel.obj
 0002:000033e8       ??_C@_15NCHGBGLK@?$AAt?$AAe?$AA?$AA@ 000000018000f3e8     libucrt:lcidtoname_downlevel.obj
 0002:000033f0       ??_C@_15PHPHCBPF@?$AAk?$AAn?$AA?$AA@ 000000018000f3f0     libucrt:lcidtoname_downlevel.obj
 0002:000033f8       ??_C@_15DLGBCKMP@?$AAm?$AAr?$AA?$AA@ 000000018000f3f8     libucrt:lcidtoname_downlevel.obj
 0002:00003400       ??_C@_15EABBLBFF@?$AAs?$AAa?$AA?$AA@ 000000018000f400     libucrt:lcidtoname_downlevel.obj
 0002:00003408       ??_C@_15CBKOMCOI@?$AAm?$AAn?$AA?$AA@ 000000018000f408     libucrt:lcidtoname_downlevel.obj
 0002:00003410       ??_C@_15CKDMCJAF@?$AAg?$AAl?$AA?$AA@ 000000018000f410     libucrt:lcidtoname_downlevel.obj
 0002:00003418       ??_C@_17CNJFBPG@?$AAk?$AAo?$AAk?$AA?$AA@ 000000018000f418     libucrt:lcidtoname_downlevel.obj
 0002:00003420       ??_C@_17FFBJICPL@?$AAs?$AAy?$AAr?$AA?$AA@ 000000018000f420     libucrt:lcidtoname_downlevel.obj
 0002:00003428       ??_C@_17KPNDCPAF@?$AAd?$AAi?$AAv?$AA?$AA@ 000000018000f428     libucrt:lcidtoname_downlevel.obj
 0002:00003430       ??_C@_11LOCGONAA@?$AA?$AA@ 000000018000f430     libucrt:lcidtoname_downlevel.obj
 0002:00003438       ??_C@_1M@OKAHONE@?$AAa?$AAr?$AA?9?$AAS?$AAA?$AA?$AA@ 000000018000f438     libucrt:lcidtoname_downlevel.obj
 0002:00003448       ??_C@_1M@FFFIGIGK@?$AAb?$AAg?$AA?9?$AAB?$AAG?$AA?$AA@ 000000018000f448     libucrt:lcidtoname_downlevel.obj
 0002:00003458       ??_C@_1M@BJNKEDC@?$AAc?$AAa?$AA?9?$AAE?$AAS?$AA?$AA@ 000000018000f458     libucrt:lcidtoname_downlevel.obj
 0002:00003468       ??_C@_1M@IJJHFJHA@?$AAc?$AAs?$AA?9?$AAC?$AAZ?$AA?$AA@ 000000018000f468     libucrt:lcidtoname_downlevel.obj
 0002:00003478       ??_C@_1M@CLPEOBGI@?$AAd?$AAa?$AA?9?$AAD?$AAK?$AA?$AA@ 000000018000f478     libucrt:lcidtoname_downlevel.obj
 0002:00003488       ??_C@_1M@MCMADGCB@?$AAd?$AAe?$AA?9?$AAD?$AAE?$AA?$AA@ 000000018000f488     libucrt:lcidtoname_downlevel.obj
 0002:00003498       ??_C@_1M@OOCKEMAM@?$AAe?$AAl?$AA?9?$AAG?$AAR?$AA?$AA@ 000000018000f498     libucrt:lcidtoname_downlevel.obj
 0002:000034a8       ??_C@_1M@DDNJFGID@?$AAf?$AAi?$AA?9?$AAF?$AAI?$AA?$AA@ 000000018000f4a8     libucrt:lcidtoname_downlevel.obj
 0002:000034b8       ??_C@_1M@GLIPPMAC@?$AAf?$AAr?$AA?9?$AAF?$AAR?$AA?$AA@ 000000018000f4b8     libucrt:lcidtoname_downlevel.obj
 0002:000034c8       ??_C@_1M@GFMCHPE@?$AAh?$AAe?$AA?9?$AAI?$AAL?$AA?$AA@ 000000018000f4c8     libucrt:lcidtoname_downlevel.obj
 0002:000034d8       ??_C@_1M@MHLPGNKM@?$AAh?$AAu?$AA?9?$AAH?$AAU?$AA?$AA@ 000000018000f4d8     libucrt:lcidtoname_downlevel.obj
 0002:000034e8       ??_C@_1M@LPDDNNPN@?$AAi?$AAs?$AA?9?$AAI?$AAS?$AA?$AA@ 000000018000f4e8     libucrt:lcidtoname_downlevel.obj
 0002:000034f8       ??_C@_1M@MADIPODN@?$AAi?$AAt?$AA?9?$AAI?$AAT?$AA?$AA@ 000000018000f4f8     libucrt:lcidtoname_downlevel.obj
 0002:00003508       ??_C@_1M@IHBJJGG@?$AAn?$AAl?$AA?9?$AAN?$AAL?$AA?$AA@ 000000018000f508     libucrt:lcidtoname_downlevel.obj
 0002:00003518       ??_C@_1M@EANAGDL@?$AAn?$AAb?$AA?9?$AAN?$AAO?$AA?$AA@ 000000018000f518     libucrt:lcidtoname_downlevel.obj
 0002:00003528       ??_C@_1M@NEIEMEGP@?$AAp?$AAl?$AA?9?$AAP?$AAL?$AA?$AA@ 000000018000f528     libucrt:lcidtoname_downlevel.obj
 0002:00003538       ??_C@_1M@BOCFIGEP@?$AAp?$AAt?$AA?9?$AAB?$AAR?$AA?$AA@ 000000018000f538     libucrt:lcidtoname_downlevel.obj
 0002:00003548       ??_C@_1M@IMPFOPBG@?$AAr?$AAo?$AA?9?$AAR?$AAO?$AA?$AA@ 000000018000f548     libucrt:lcidtoname_downlevel.obj
 0002:00003558       ??_C@_1M@IDNNEJMM@?$AAr?$AAu?$AA?9?$AAR?$AAU?$AA?$AA@ 000000018000f558     libucrt:lcidtoname_downlevel.obj
 0002:00003568       ??_C@_1M@LILEEOGM@?$AAh?$AAr?$AA?9?$AAH?$AAR?$AA?$AA@ 000000018000f568     libucrt:lcidtoname_downlevel.obj
 0002:00003578       ??_C@_1M@FKIFEHPB@?$AAs?$AAk?$AA?9?$AAS?$AAK?$AA?$AA@ 000000018000f578     libucrt:lcidtoname_downlevel.obj
 0002:00003588       ??_C@_1M@LJMAMNPJ@?$AAs?$AAq?$AA?9?$AAA?$AAL?$AA?$AA@ 000000018000f588     libucrt:lcidtoname_downlevel.obj
 0002:00003598       ??_C@_1M@GIAKDKJK@?$AAs?$AAv?$AA?9?$AAS?$AAE?$AA?$AA@ 000000018000f598     libucrt:lcidtoname_downlevel.obj
 0002:000035a8       ??_C@_1M@MKJKIKCL@?$AAt?$AAh?$AA?9?$AAT?$AAH?$AA?$AA@ 000000018000f5a8     libucrt:lcidtoname_downlevel.obj
 0002:000035b8       ??_C@_1M@MFLCCMPB@?$AAt?$AAr?$AA?9?$AAT?$AAR?$AA?$AA@ 000000018000f5b8     libucrt:lcidtoname_downlevel.obj
[...]
 0004:00000714       $pdata$??R<lambda_ad1ced32f4ac17aa236e5ef05d6b3b7c>@@QEBAXXZ 0000000180018714     libucrt:mbctype.obj
 0004:00000720       $pdata$?getSystemCP@@YAHH@Z 0000000180018720     libucrt:mbctype.obj
 0004:0000072c       $pdata$?setSBCS@@YAXPEAU__crt_multibyte_data@@@Z 000000018001872c     libucrt:mbctype.obj
 0004:00000738       $pdata$?setSBUpLow@@YAXPEAU__crt_multibyte_data@@@Z 0000000180018738     libucrt:mbctype.obj
 0004:00000744       $pdata$?setmbcp_internal@@YAHH_N@Z 0000000180018744     libucrt:mbctype.obj
 0004:00000750       $pdata$__acrt_initialize_multibyte 0000000180018750     libucrt:mbctype.obj
 0004:0000075c       $pdata$__acrt_update_thread_multibyte_data 000000018001875c     libucrt:mbctype.obj
 0004:00000768       $pdata$_setmbcp_nolock     0000000180018768     libucrt:mbctype.obj
 0004:00000774       $pdata$?x_ismbbtype_l@@YAHPEAU__crt_locale_pointers@@IHH@Z 0000000180018774     libucrt:ismbbyte.obj
 0004:00000780       $pdata$__acrt_initialize_command_line 0000000180018780     libucrt:argv_data.obj
 0004:0000078c       $pdata$__dcrt_get_narrow_environment_from_os 000000018001878c     libucrt:get_environment_from_os.obj
 0004:00000798       $pdata$_recalloc_base      0000000180018798     libucrt:recalloc.obj
 0004:000007a4       $pdata$__acrt_initialize_heap 00000001800187a4     libucrt:heap_handle.obj
 0004:000007b0       $pdata$?initialize_inherited_file_handles_nolock@@YAXXZ 00000001800187b0     libucrt:ioinit.obj
 0004:000007bc       $pdata$?initialize_stdio_handles_nolock@@YAXXZ 00000001800187bc     libucrt:ioinit.obj
 0004:000007c8       $pdata$__acrt_initialize_lowio 00000001800187c8     libucrt:ioinit.obj
 0004:000007d4       $pdata$__acrt_uninitialize_lowio 00000001800187d4     libucrt:ioinit.obj
 0004:000007e0       $pdata$__acrt_execute_initializers 00000001800187e0     libucrt:shared_initialization.obj
 0004:000007ec       $pdata$__acrt_execute_uninitializers 00000001800187ec     libucrt:shared_initialization.obj
 0004:000007f8       $pdata$_callnewh           00000001800187f8     libucrt:new_handler.obj
 0004:00000804       $pdata$_query_new_handler  0000000180018804     libucrt:new_handler.obj
 0004:00000810       $pdata$??$?RV<lambda_c36588078e9f5dfd39652860aa6b3aaf>@@AEAV<lambda_ec61778202f4f5fc7e7711acc23c3bca>@@V<lambda_dc9d2797ccde5d239b4a0efae8ebd7db>@@@?$__crt_seh_guarded_call@P6AXH@Z@@QEAAP6AXH@Z$$QEAV<lambda_c36588078e9f5dfd39652860aa6b3aaf>@@AEAV<lambda_ec61778202f4f5fc7e7711acc23c3bca>@@$$QEAV<lambda_dc9d2797ccde5d239b4a0efae8ebd7db>@@@Z 0000000180018810     libucrt:signal.obj
 0004:0000081c       $pdata$__acrt_get_sigabrt_handler 000000018001881c     libucrt:signal.obj
 0004:00000828       $pdata$raise               0000000180018828     libucrt:signal.obj
 0004:00000834       $pdata$__acrt_invoke_user_matherr 0000000180018834     libucrt:matherr.obj
 0004:00000840       $pdata$_mbtowc_l           0000000180018840     libucrt:mbtowc.obj
 0004:0000084c       $pdata$_fileno             000000018001884c     libucrt:fileno.obj
 0004:00000858       $pdata$__acrt_initialize_stdio 0000000180018858     libucrt:_file.obj
 0004:00000864       $pdata$__acrt_uninitialize_stdio 0000000180018864     libucrt:_file.obj
 0004:00000870       $pdata$__pctype_func       0000000180018870     libucrt:ctype.obj
 0004:0000087c       $pdata$_isctype_l          000000018001887c     libucrt:isctype.obj
 0004:00000888       $pdata$_isleadbyte_l       0000000180018888     libucrt:_wctype.obj
 0004:00000894       $pdata$?__acrt_LCMapStringA_stat@@YAHPEAU__crt_locale_pointers@@PEB_WKPEBDHPEADHHH@Z 0000000180018894     libucrt:lcmapstringa.obj
 0004:000008a0       $pdata$__acrt_LCMapStringA 00000001800188a0     libucrt:lcmapstringa.obj
 0004:000008ac       $pdata$__acrt_free_locale  00000001800188ac     libucrt:locale_refcounting.obj
 0004:000008b8       $pdata$__acrt_locale_free_lc_time_if_unreferenced 00000001800188b8     libucrt:locale_refcounting.obj
 0004:000008c4       $pdata$__acrt_release_locale_ref 00000001800188c4     libucrt:locale_refcounting.obj
 0004:000008d0       $pdata$__acrt_update_thread_locale_data 00000001800188d0     libucrt:locale_refcounting.obj
 0004:000008dc       $pdata$_updatetlocinfoEx_nolock 00000001800188dc     libucrt:locale_refcounting.obj
 0004:000008e8       $pdata$__acrt_locale_free_monetary 00000001800188e8     libucrt:initmon.obj
 0004:000008f4       $pdata$__acrt_locale_free_numeric 00000001800188f4     libucrt:initnum.obj
 0004:00000900       $pdata$?free_crt_array_internal@@YAXQEAPEBX_K@Z 0000000180018900     libucrt:inittime.obj
 0004:0000090c       $pdata$__acrt_locale_free_time 000000018001890c     libucrt:inittime.obj
 0004:00000918       $pdata$__acrt_GetStringTypeA 0000000180018918     libucrt:getstringtypea.obj
 0004:00000924       $pdata$?GetTableIndexFromLocaleName@@YAHPEB_W@Z 0000000180018924     libucrt:lcidtoname_downlevel.obj
 0004:00000930       $pdata$__acrt_DownlevelLocaleNameToLCID 0000000180018930     libucrt:lcidtoname_downlevel.obj
 0004:0000093c       $pdata$?shortsort@@YAXPEAD0_KP6AHPEBX2@Z@Z 000000018001893c     libucrt:qsort.obj
 0004:00000948       $pdata$2$?shortsort@@YAXPEAD0_KP6AHPEBX2@Z@Z 0000000180018948     libucrt:qsort.obj
 0004:00000954       $pdata$3$?shortsort@@YAXPEAD0_KP6AHPEBX2@Z@Z 0000000180018954     libucrt:qsort.obj
 0004:00000960       $pdata$qsort               0000000180018960     libucrt:qsort.obj
 0004:0000096c       $pdata$4$qsort             000000018001896c     libucrt:qsort.obj
 0004:00000978       $pdata$5$qsort             0000000180018978     libucrt:qsort.obj
 0004:00000984       $pdata$strncpy_s           0000000180018984     libucrt:strncpy_s.obj
 0004:00000990       $pdata$strpbrk             0000000180018990     libucrt:strpbrk.obj
 0004:0000099c       $pdata$_mbsdec_l           000000018001899c     libucrt:mbsdec.obj
 0004:000009a8       $pdata$?initialize_multibyte@@YAHXZ 00000001800189a8     libucrt:multibyte_initializer.obj
 0004:000009b4       $pdata$_msize              00000001800189b4     libucrt:msize.obj
 0004:000009c0       $pdata$_realloc_base       00000001800189c0     libucrt:realloc_base.obj
 0004:000009cc       $pdata$__acrt_lowio_create_handle_array 00000001800189cc     libucrt:osfinfo.obj
 0004:000009d8       $pdata$__acrt_lowio_destroy_handle_array 00000001800189d8     libucrt:osfinfo.obj
 0004:000009e4       $pdata$__acrt_lowio_ensure_fh_exists 00000001800189e4     libucrt:osfinfo.obj
 0004:000009f0       $pdata$_free_osfhnd        00000001800189f0     libucrt:osfinfo.obj
 0004:000009fc       $pdata$_get_osfhandle      00000001800189fc     libucrt:osfinfo.obj
 0004:00000a08       $pdata$_isatty             0000000180018a08     libucrt:isatty.obj
 0004:00000a14       $pdata$__acrt_stdio_flush_nolock 0000000180018a14     libucrt:fflush.obj
 0004:00000a20       $pdata$_fflush_nolock      0000000180018a20     libucrt:fflush.obj
 0004:00000a2c       $pdata$common_flush_all    0000000180018a2c     libucrt:fflush.obj
 0004:00000a38       $pdata$_fcloseall          0000000180018a38     libucrt:closeall.obj
 0004:00000a44       $pdata$__acrt_stdio_free_buffer_nolock 0000000180018a44     libucrt:_freebuf.obj
 0004:00000a50       $pdata$??$?RV<lambda_b521505b218e5242e90febf6bfebc422>@@AEAV<lambda_6978c1fb23f02e42e1d9e99668cc68aa>@@V<lambda_314360699dd331753a4119843814e9a7>@@@?$__crt_seh_guarded_call@H@@QEAAH$$QEAV<lambda_b521505b218e5242e90febf6bfebc422>@@AEAV<lambda_6978c1fb23f02e42e1d9e99668cc68aa>@@$$QEAV<lambda_314360699dd331753a4119843814e9a7>@@@Z 0000000180018a50     libucrt:commit.obj
 0004:00000a5c       $pdata$_commit             0000000180018a5c     libucrt:commit.obj
 0004:00000a68       $pdata$?write_double_translated_ansi_nolock@@YA?AUwrite_result@?A0x9c548279@@HQEBDI@Z 0000000180018a68     libucrt:write.obj
 0004:00000a74       $pdata$?write_text_ansi_nolock@@YA?AUwrite_result@?A0x9c548279@@HQEBDI@Z 0000000180018a74     libucrt:write.obj
 0004:00000a80       $pdata$?write_text_utf16le_nolock@@YA?AUwrite_result@?A0x9c548279@@HQEBDI@Z 0000000180018a80     libucrt:write.obj
 0004:00000a8c       $pdata$?write_text_utf8_nolock@@YA?AUwrite_result@?A0x9c548279@@HQEBDI@Z 0000000180018a8c     libucrt:write.obj
 0004:00000a98       $pdata$_write              0000000180018a98     libucrt:write.obj
 0004:00000aa4       $pdata$_write_nolock       0000000180018aa4     libucrt:write.obj
 0004:00000abc       $pdata$??$common_lseek_nolock@_J@@YA_JH_JH@Z 0000000180018abc     libucrt:lseek.obj
 0004:00000ac8       $pdata$_fclose_nolock      0000000180018ac8     libucrt:fclose.obj
 0004:00000ad4       $pdata$fclose              0000000180018ad4     libucrt:fclose.obj
 0004:00000ae0       $pdata$_putwch_nolock      0000000180018ae0     libucrt:putwch.obj
 0004:00000aec       $pdata$_call_matherr       0000000180018aec     libucrt:libm_error.obj
 0004:00000af8       $pdata$_exception_enabled  0000000180018af8     libucrt:libm_error.obj
 0004:00000b04       $pdata$_handle_error       0000000180018b04     libucrt:libm_error.obj
 0004:00000b10       $pdata$__acrt_initialize_fma3 0000000180018b10     libucrt:fma3_available.obj
 0004:00000b1c       $pdata$_log10_special      0000000180018b1c     libucrt:log_special.obj
 0004:00000b28       $pdata$_log_special_common 0000000180018b28     libucrt:log_special.obj
 0004:00000b34       $pdata$??$?RV<lambda_bfedae4ebbf01fab1bb6dcc6a9e276e0>@@AEAV<lambda_2fe9b910cf3cbf4a0ab98a02ba45b3ec>@@V<lambda_237c231691f317818eb88cc1d5d642d6>@@@?$__crt_seh_guarded_call@H@@QEAAH$$QEAV<lambda_bfedae4ebbf01fab1bb6dcc6a9e276e0>@@AEAV<lambda_2fe9b910cf3cbf4a0ab98a02ba45b3ec>@@$$QEAV<lambda_237c231691f317818eb88cc1d5d642d6>@@@Z 0000000180018b34     libucrt:close.obj
 0004:00000b40       $pdata$_close              0000000180018b40     libucrt:close.obj
 0004:00000b4c       $pdata$_close_nolock       0000000180018b4c     libucrt:close.obj
 0004:00000b58       $pdata$__dcrt_lowio_initialize_console_output 0000000180018b58     libucrt:initcon.obj
 0004:00000b64       $pdata$__dcrt_terminate_console_output 0000000180018b64     libucrt:initcon.obj
 0004:00000b7c       $pdata$_raise_exc          0000000180018b7c     libucrt:fpexcept.obj
 0004:00000b88       $pdata$_raise_exc_ex       0000000180018b88     libucrt:fpexcept.obj
 0004:00000b94       $pdata$_set_errno_from_matherr 0000000180018b94     libucrt:fpexcept.obj
 0004:00000ba0       $pdata$_clrfp              0000000180018ba0     libucrt:fpctrl.obj
 0004:00000bac       $pdata$_ctrlfp             0000000180018bac     libucrt:fpctrl.obj
 0004:00000bb8       $pdata$_set_statfp         0000000180018bb8     libucrt:fpctrl.obj
 0004:00000bc4       $pdata$_statfp             0000000180018bc4     libucrt:fpctrl.obj
 0004:00000bd0       $pdata$?DloadAcquireSectionWriteAccess@@YAXXZ 0000000180018bd0     DelayImp:delayhlp.obj
 0004:00000bdc       $pdata$?DloadGetSRWLockFunctionPointers@@YAEXZ 0000000180018bdc     DelayImp:delayhlp.obj
 0004:00000be8       $pdata$?DloadMakePermanentImageCommit@@YAXPEAX_K@Z 0000000180018be8     DelayImp:delayhlp.obj
 0004:00000bf4       $pdata$?DloadObtainSection@@YAPEAXPEAK0@Z 0000000180018bf4     DelayImp:delayhlp.obj
 0004:00000c00       $pdata$?DloadProtectSection@@YAXKPEAK@Z 0000000180018c00     DelayImp:delayhlp.obj
 0004:00000c0c       $pdata$?DloadReleaseSectionWriteAccess@@YAXXZ 0000000180018c0c     DelayImp:delayhlp.obj
 0004:00000c18       $pdata$__delayLoadHelper2  0000000180018c18     DelayImp:delayhlp.obj
 0004:00000c24       $pdata$_IsNonwritableInCurrentImage 0000000180018c24     LIBCMT:pesect.obj
 0004:00000c30       $pdata$__GSHandlerCheck    0000000180018c30     LIBCMT:_gshandler_.obj
 0004:00000c3c       $pdata$__GSHandlerCheckCommon 0000000180018c3c     LIBCMT:_gshandler_.obj
 0004:00000c78       $pdata$?fin$0@?0??dllmain_crt_process_attach@@YAHQEAUHINSTANCE__@@QEAX@Z@4HA 0000000180018c78     LIBCMT:dll_dllmain.obj
 0004:00000c84       $pdata$?fin$0@?0??dllmain_crt_process_detach@@YAH_N@Z@4HA 0000000180018c84     LIBCMT:dll_dllmain.obj
 0004:00000c90       $pdata$?filt$0@?0??dllmain_dispatch@@YAHQEAUHINSTANCE__@@KQEAX@Z@4HA 0000000180018c90     LIBCMT:dll_dllmain.obj
 0004:00000c9c       $pdata$__scrt_is_nonwritable_in_current_image$filt$0 0000000180018c9c     LIBCMT:utility.obj
 0004:00000ca8       $pdata$?filt$0@?0??common_exit@@YAXHW4_crt_exit_cleanup_mode@@W4_crt_exit_return_mode@@@Z@4HA 0000000180018ca8     libucrt:exit.obj
 0004:00000cb4       $pdata$?fin$1@?0??common_exit@@YAXHW4_crt_exit_cleanup_mode@@W4_crt_exit_return_mode@@@Z@4HA 0000000180018cb4     libucrt:exit.obj
 0004:00000cc0       $pdata$?fin$0@?0???$?RV<lambda_e24bbb7b643b32fcea6fa61b31d4c984>@@AEAV<lambda_275893d493268fdec8709772e3fcec0e>@@V<lambda_9d71df4d7cf3f480f8d633942495c3b0>@@@?$__crt_seh_guarded_call@H@@QEAAH$$QEAV<lambda_e24bbb7b643b32fcea6fa61b31d4c984>@@AEAV<lambda_275893d493268fdec8709772e3fcec0e>@@$$QEAV<lambda_9d71df4d7cf3f480f8d633942495c3b0>@@@Z@4HA 0000000180018cc0     libucrt:onexit.obj
 0004:00000ccc       $pdata$?fin$0@?0???$?RV<lambda_fb3a7dec4e47f37f22dae91bb15c9095>@@AEAV<lambda_698284760c8add0bfb0756c19673e34b>@@V<lambda_dfb8eca1e75fef3034a8fb18dd509707>@@@?$__crt_seh_guarded_call@X@@QEAAX$$QEAV<lambda_fb3a7dec4e47f37f22dae91bb15c9095>@@AEAV<lambda_698284760c8add0bfb0756c19673e34b>@@$$QEAV<lambda_dfb8eca1e75fef3034a8fb18dd509707>@@@Z@4HA 0000000180018ccc     libucrt:per_thread_data.obj
 0004:00000ccc       $pdata$?fin$0@?0???$?RV<lambda_c36588078e9f5dfd39652860aa6b3aaf>@@AEAV<lambda_ec61778202f4f5fc7e7711acc23c3bca>@@V<lambda_dc9d2797ccde5d239b4a0efae8ebd7db>@@@?$__crt_seh_guarded_call@P6AXH@Z@@QEAAP6AXH@Z$$QEAV<lambda_c36588078e9f5dfd39652860aa6b3aaf>@@AEAV<lambda_ec61778202f4f5fc7e7711acc23c3bca>@@$$QEAV<lambda_dc9d2797ccde5d239b4a0efae8ebd7db>@@@Z@4HA 0000000180018ccc     libucrt:signal.obj
 0004:00000ccc       $pdata$?fin$0@?0???$?RV<lambda_46352004c1216016012b18bd6f87e700>@@AEAV<lambda_3bd07e1a1191394380780325891bf33f>@@V<lambda_334532d3f185bcaa59b5be82d7d22bff>@@@?$__crt_seh_guarded_call@X@@QEAAX$$QEAV<lambda_46352004c1216016012b18bd6f87e700>@@AEAV<lambda_3bd07e1a1191394380780325891bf33f>@@$$QEAV<lambda_334532d3f185bcaa59b5be82d7d22bff>@@@Z@4HA 0000000180018ccc     libucrt:per_thread_data.obj
 0004:00000ccc       $pdata$?fin$0@?0???$?RV<lambda_b8c45f8f788dd370798f47cfe8ac3a86>@@AEAV<lambda_4e60a939b0d047cfe11ddc22648dfba9>@@V<lambda_332c3edc96d0294ec56c57d38c1cdfd5>@@@?$__crt_seh_guarded_call@H@@QEAAH$$QEAV<lambda_b8c45f8f788dd370798f47cfe8ac3a86>@@AEAV<lambda_4e60a939b0d047cfe11ddc22648dfba9>@@$$QEAV<lambda_332c3edc96d0294ec56c57d38c1cdfd5>@@@Z@4HA 0000000180018ccc     libucrt:onexit.obj
 0004:00000ccc       $pdata$?fin$0@?0???$?RV<lambda_5e887d1dcbef67a5eb4283622ba103bf>@@AEAV<lambda_4466841279450cc726390878d4a41900>@@V<lambda_341c25c0346d94847f1f3c463c57e077>@@@?$__crt_seh_guarded_call@X@@QEAAX$$QEAV<lambda_5e887d1dcbef67a5eb4283622ba103bf>@@AEAV<lambda_4466841279450cc726390878d4a41900>@@$$QEAV<lambda_341c25c0346d94847f1f3c463c57e077>@@@Z@4HA 0000000180018ccc     libucrt:per_thread_data.obj
 0004:00000ccc       $pdata$?fin$0@?0???$?RV<lambda_72d1df2b273a38828b1ce30cbf4cdab5>@@AEAV<lambda_876a65b173b8412d3a47c70a915b0cf4>@@V<lambda_41932305e351933ebe8f8be3ed8bb5dc>@@@?$__crt_seh_guarded_call@X@@QEAAX$$QEAV<lambda_72d1df2b273a38828b1ce30cbf4cdab5>@@AEAV<lambda_876a65b173b8412d3a47c70a915b0cf4>@@$$QEAV<lambda_41932305e351933ebe8f8be3ed8bb5dc>@@@Z@4HA 0000000180018ccc     libucrt:per_thread_data.obj
 0004:00000ccc       $pdata$?fin$0@?0???$?RV<lambda_99476a1ad63dd22509b5d3e65b0ffc95>@@AEAV<lambda_ad1ced32f4ac17aa236e5ef05d6b3b7c>@@V<lambda_f7424dd8d45958661754dc4f2697e9c3>@@@?$__crt_seh_guarded_call@X@@QEAAX$$QEAV<lambda_99476a1ad63dd22509b5d3e65b0ffc95>@@AEAV<lambda_ad1ced32f4ac17aa236e5ef05d6b3b7c>@@$$QEAV<lambda_f7424dd8d45958661754dc4f2697e9c3>@@@Z@4HA 0000000180018ccc     libucrt:mbctype.obj
 0004:00000cd8       $pdata$__acrt_update_thread_multibyte_data$fin$0 0000000180018cd8     libucrt:mbctype.obj
 0004:00000ce4       $pdata$_query_new_handler$fin$0 0000000180018ce4     libucrt:new_handler.obj
 0004:00000cf0       $pdata$raise$fin$0         0000000180018cf0     libucrt:signal.obj
 0004:00000cfc       $pdata$__acrt_update_thread_locale_data$fin$0 0000000180018cfc     libucrt:locale_refcounting.obj
 0004:00000cfc       $pdata$__acrt_uninitialize_locale$fin$0 0000000180018cfc     libucrt:wsetlocale.obj
 0004:00000d08       $pdata$__acrt_lowio_ensure_fh_exists$fin$0 0000000180018d08     libucrt:osfinfo.obj
 0004:00000d08       $pdata$__acrt_initialize_lowio$fin$0 0000000180018d08     libucrt:ioinit.obj
 0004:00000d14       $pdata$common_flush_all$fin$0 0000000180018d14     libucrt:fflush.obj
 0004:00000d20       $pdata$common_flush_all$fin$1 0000000180018d20     libucrt:fflush.obj
 0004:00000d2c       $pdata$_fcloseall$fin$0    0000000180018d2c     libucrt:closeall.obj
 0004:00000d38       $pdata$_write$fin$0        0000000180018d38     libucrt:write.obj
 0004:00000d44       $pdata$fclose$fin$0        0000000180018d44     libucrt:fclose.obj
 0004:00000d50       $pdata$?fin$0@?0???$?RV<lambda_b521505b218e5242e90febf6bfebc422>@@AEAV<lambda_6978c1fb23f02e42e1d9e99668cc68aa>@@V<lambda_314360699dd331753a4119843814e9a7>@@@?$__crt_seh_guarded_call@H@@QEAAH$$QEAV<lambda_b521505b218e5242e90febf6bfebc422>@@AEAV<lambda_6978c1fb23f02e42e1d9e99668cc68aa>@@$$QEAV<lambda_314360699dd331753a4119843814e9a7>@@@Z@4HA 0000000180018d50     libucrt:commit.obj
 0004:00000d50       $pdata$?fin$0@?0???$?RV<lambda_bfedae4ebbf01fab1bb6dcc6a9e276e0>@@AEAV<lambda_2fe9b910cf3cbf4a0ab98a02ba45b3ec>@@V<lambda_237c231691f317818eb88cc1d5d642d6>@@@?$__crt_seh_guarded_call@H@@QEAAH$$QEAV<lambda_bfedae4ebbf01fab1bb6dcc6a9e276e0>@@AEAV<lambda_2fe9b910cf3cbf4a0ab98a02ba45b3ec>@@$$QEAV<lambda_237c231691f317818eb88cc1d5d642d6>@@@Z@4HA 0000000180018d50     libucrt:close.obj
 0004:00000d5c       $pdata$_ctrlfp$filt$0      0000000180018d5c     libucrt:fpctrl.obj
 0004:00000d68       $pdata$_IsNonwritableInCurrentImage$filt$0 0000000180018d68     LIBCMT:pesect.obj
 0005:00000000       __guard_fids__             0000000180019000     libucrt:initialization.obj
 0005:00000060       __guard_fids___acrt_initialize_ptd 0000000180019060     libucrt:per_thread_data.obj
 0005:00000064       __guard_fids_??$expand_argument_wildcards@D@@YAHQEAD0AEAV?$argument_list@D@?A0xca0879c4@@@Z 0000000180019064     libucrt:argv_wildcards.obj
 0005:00000068       __guard_fids__             0000000180019068     libucrt:locale_initializer.obj
 0005:0000006c       __guard_fids__             000000018001906c     libucrt:multibyte_initializer.obj
 0005:00000070       __guard_fids__             0000000180019070     libucrt:stdio_initializer.obj
 0005:00000074       __guard_fids__             0000000180019074     libucrt:stdio_initializer.obj
 0005:00000078       __guard_fids__             0000000180019078     libucrt:fma3_initializer.obj
 0005:0000007c       __guard_fids__             000000018001907c     libucrt:console_output_initializer.obj
 0005:00000080       __guard_fids_?dllmain_crt_process_attach@@YAHQEAUHINSTANCE__@@QEAX@Z 0000000180019080     LIBCMT:dll_dllmain.obj
 0005:00000088       __guard_fids_?dllmain_dispatch@@YAHQEAUHINSTANCE__@@KQEAX@Z 0000000180019088     LIBCMT:dll_dllmain.obj
 0005:0000008c       __guard_fids__             000000018001908c     LIBCMT:guard_support.obj
 0005:00000090       __guard_fids___vcrt_initialize_ptd 0000000180019090     libvcruntime:per_thread_data.obj
 0006:00000060       $R000000                   000000018001a060     * linker generated manifest res *

 Exports

  ordinal    name

        1    _register_win32ipc_
