 win32ipc

 Timestamp is 5d25976b (Wed Jul 10 15:44:43 2019)

 Preferred load address is 0000000180000000

 Start         Length     Name                   Class
 0001:00000000 0000b090H .text$mn                CODE
 0001:0000b090 00000020H .text$mn$00             CODE
 0001:0000b0b0 00000250H .text$x                 CODE
 0002:00000000 000002a0H .idata$5                DATA
 0002:000002a0 00000010H .00cfg                  DATA
 0002:000002b0 00000008H .CRT$XCA                DATA
 0002:000002b8 00000008H .CRT$XCU                DATA
 0002:000002c0 00000008H .CRT$XCZ                DATA
 0002:000002c8 00000008H .CRT$XIA                DATA
 0002:000002d0 00000018H .CRT$XIC                DATA
 0002:000002e8 00000008H .CRT$XIZ                DATA
 0002:000002f0 00000008H .CRT$XPA                DATA
 0002:000002f8 00000010H .CRT$XPX                DATA
 0002:00000308 00000008H .CRT$XPXA               DATA
 0002:00000310 00000008H .CRT$XPZ                DATA
 0002:00000318 00000008H .CRT$XTA                DATA
 0002:00000320 00000010H .CRT$XTZ                DATA
 0002:00000328 00000000H .gfids$y                DATA
 0002:00000330 000072a0H .rdata                  DATA
 0002:000075d0 00000000H .rdata$r                DATA
 0002:000075d0 00000310H .rdata$zzzdbg           DATA
 0002:000078e0 00000008H .rtc$IAA                DATA
 0002:000078e8 00000008H .rtc$IZZ                DATA
 0002:000078f0 00000008H .rtc$TAA                DATA
 0002:000078f8 00000008H .rtc$TZZ                DATA
 0002:00007900 00000b10H .xdata                  DATA
 0002:00008408 00000000H .xdata$x                DATA
 0002:00008410 00000054H .edata                  DATA
 0002:00008464 00000028H .idata$2                DATA
 0002:0000848c 00000014H .idata$3                DATA
 0002:000084a0 000002a0H .idata$4                DATA
 0002:00008740 000008f0H .idata$6                DATA
 0003:00000000 00000a20H .data                   DATA
 0003:00000a20 00000000H .data$r                 DATA
 0003:00000a20 000011d0H .bss                    DATA
 0004:00000000 00000d44H .pdata                  DATA
 0005:00000000 00000060H .rsrc$01                DATA
 0005:00000060 00000180H .rsrc$02                DATA

  Address         Publics by Value              Rva+Base               Lib:Object

 0000:00000000       __hybrid_code_map          0000000000000000     <absolute>
 0000:00000000       __hybrid_code_map_count    0000000000000000     <absolute>
 0000:00000000       __guard_fids_count         0000000000000000     <absolute>
 0000:00000000       __volatile_metadata        0000000000000000     <absolute>
 0000:00000000       __guard_longjmp_count      0000000000000000     <absolute>
 0000:00000000       __guard_longjmp_table      0000000000000000     <absolute>
 0000:00000000       __guard_iat_count          0000000000000000     <absolute>
 0000:00000000       __guard_iat_table          0000000000000000     <absolute>
 0000:00000000       ___safe_se_handler_count   0000000000000000     <absolute>
 0000:00000000       __enclave_config           0000000000000000     <absolute>
 0000:00000000       ___safe_se_handler_table   0000000000000000     <absolute>
 0000:00000000       __guard_fids_table         0000000000000000     <absolute>
 0000:00000000       __dynamic_value_reloc_table 0000000000000000     <absolute>
 0000:00000000       __hybrid_auxiliary_iat     0000000000000000     <absolute>
 0000:00000100       __guard_flags              0000000000000100     <absolute>
 0000:00000000       __ImageBase                0000000180000000     <linker-defined>
 0001:00000000       ?CreatePipe@@YAXAEBV?$FunctionCallbackInfo@VValue@v8@@@v8@@@Z 0000000180001000 f   module.obj
 0001:00000420       ?Init@@YAXV?$Local@VObject@v8@@@v8@@@Z 0000000180001420 f   module.obj
 0001:000004d0       __security_check_cookie    00000001800014d0 f   LIBCMT:amdsecgs.obj
 0001:00000824       _DllMainCRTStartup         0000000180001824 f   LIBCMT:dll_dllmain.obj
 0001:00000864       __raise_securityfailure    0000000180001864 f   LIBCMT:gs_report.obj
 0001:00000898       __report_gsfailure         0000000180001898 f   LIBCMT:gs_report.obj
 0001:0000096c       __report_rangecheckfailure 000000018000196c f   LIBCMT:gs_report.obj
 0001:00000980       __report_securityfailure   0000000180001980 f   LIBCMT:gs_report.obj
 0001:00000b00       __security_init_cookie     0000000180001b00 f   LIBCMT:gs_support.obj
 0001:00000bac       DllMain                    0000000180001bac f   LIBCMT:dll_dllmain_stub.obj
 0001:00000bac       _get_startup_argv_mode     0000000180001bac f   LIBCMT:argv_mode.obj
 0001:00000bb4       ?__scrt_initialize_type_info@@YAXXZ 0000000180001bb4 f   LIBCMT:tncleanup.obj
 0001:00000bc4       ?__scrt_uninitialize_type_info@@YAXXZ 0000000180001bc4 f   LIBCMT:tncleanup.obj
 0001:00000bd0       __local_stdio_printf_options 0000000180001bd0 f i LIBCMT:default_local_stdio_options.obj
 0001:00000bd8       __local_stdio_scanf_options 0000000180001bd8 f i LIBCMT:default_local_stdio_options.obj
 0001:00000be0       __scrt_initialize_default_local_stdio_options 0000000180001be0 f   LIBCMT:default_local_stdio_options.obj
 0001:00000bfc       __scrt_acquire_startup_lock 0000000180001bfc f   LIBCMT:utility.obj
 0001:00000c38       __scrt_dllmain_after_initialize_c 0000000180001c38 f   LIBCMT:utility.obj
 0001:00000c6c       __scrt_dllmain_before_initialize_c 0000000180001c6c f   LIBCMT:utility.obj
 0001:00000c84       __scrt_dllmain_crt_thread_attach 0000000180001c84 f   LIBCMT:utility.obj
 0001:00000cac       __scrt_dllmain_crt_thread_detach 0000000180001cac f   LIBCMT:utility.obj
 0001:00000cc4       __scrt_dllmain_exception_filter 0000000180001cc4 f   LIBCMT:utility.obj
 0001:00000d24       __scrt_dllmain_uninitialize_c 0000000180001d24 f   LIBCMT:utility.obj
 0001:00000d54       __scrt_dllmain_uninitialize_critical 0000000180001d54 f   LIBCMT:utility.obj
 0001:00000d68       __scrt_initialize_crt      0000000180001d68 f   LIBCMT:utility.obj
 0001:00000db4       __scrt_initialize_onexit_tables 0000000180001db4 f   LIBCMT:utility.obj
 0001:00000e8c       __scrt_is_nonwritable_in_current_image 0000000180001e8c f   LIBCMT:utility.obj
 0001:00000f28       __scrt_release_startup_lock 0000000180001f28 f   LIBCMT:utility.obj
 0001:00000f4c       __scrt_uninitialize_crt    0000000180001f4c f   LIBCMT:utility.obj
 0001:00000f78       __scrt_get_dyn_tls_init_callback 0000000180001f78 f   LIBCMT:dyn_tls_init.obj
 0001:00000f80       __crt_debugger_hook        0000000180001f80 f   LIBCMT:utility_desktop.obj
 0001:00000f88       __scrt_fastfail            0000000180001f88 f   LIBCMT:utility_desktop.obj
 0001:000010d4       _RTC_Initialize            00000001800020d4 f   LIBCMT:initsect.obj
 0001:00001110       _RTC_Terminate             0000000180002110 f   LIBCMT:initsect.obj
 0001:0000114c       _guard_check_icall_nop     000000018000214c f i LIBCMT:guard_support.obj
 0001:00001150       __isa_available_init       0000000180002150 f   LIBCMT:cpu_disp.obj
 0001:0000130c       __scrt_is_ucrt_dll_in_use  000000018000230c f   LIBCMT:ucrt_detection.obj
 0001:00001320       __C_specific_handler       0000000180002320 f   libvcruntime:riscchandler.obj
 0001:0000152c       __std_type_info_destroy_list 000000018000252c f   libvcruntime:std_type_info.obj
 0001:00001558       __vcrt_initialize          0000000180002558 f   libvcruntime:initialization.obj
 0001:0000158c       __vcrt_thread_attach       000000018000258c f   libvcruntime:initialization.obj
 0001:000015a0       __vcrt_thread_detach       00000001800025a0 f   libvcruntime:initialization.obj
 0001:000015b4       __vcrt_uninitialize        00000001800025b4 f   libvcruntime:initialization.obj
 0001:000015d4       __vcrt_uninitialize_critical 00000001800025d4 f   libvcruntime:initialization.obj
 0001:00001600       memset_repmovs             0000000180002600 f   libvcruntime:memset.obj
 0001:00001620       memset                     0000000180002620 f   libvcruntime:memset.obj
 0001:000017c0       _NLG_Notify                00000001800027c0 f   libvcruntime:notify.obj
 0001:000017e0       __NLG_Dispatch2            00000001800027e0 f   libvcruntime:notify.obj
 0001:000017f0       __NLG_Return2              00000001800027f0 f   libvcruntime:notify.obj
 0001:000017f4       __except_validate_context_record 00000001800027f4 f   libvcruntime:jbcxrval.obj
 0001:0000182c       __DestructExceptionObject  000000018000282c f   libvcruntime:ehhelpers.obj
 0001:000018a0       ?_CallMemberFunction0@@YAXQEAX0@Z 00000001800028a0 f i libvcruntime:ehhelpers.obj
 0001:000018a4       __vcrt_freefls             00000001800028a4 f   libvcruntime:per_thread_data.obj
 0001:000018c4       __vcrt_freeptd             00000001800028c4 f   libvcruntime:per_thread_data.obj
 0001:00001914       __vcrt_getptd_noexit       0000000180002914 f   libvcruntime:per_thread_data.obj
 0001:000019e0       __vcrt_initialize_ptd      00000001800029e0 f   libvcruntime:per_thread_data.obj
 0001:00001a34       __vcrt_uninitialize_ptd    0000000180002a34 f   libvcruntime:per_thread_data.obj
 0001:00001a58       __vcrt_initialize_locks    0000000180002a58 f   libvcruntime:locks.obj
 0001:00001aa0       __vcrt_uninitialize_locks  0000000180002aa0 f   libvcruntime:locks.obj
 0001:00001cb0       __vcrt_FlsAlloc            0000000180002cb0 f   libvcruntime:winapi_downlevel.obj
 0001:00001cf8       __vcrt_FlsFree             0000000180002cf8 f   libvcruntime:winapi_downlevel.obj
 0001:00001d40       __vcrt_FlsGetValue         0000000180002d40 f   libvcruntime:winapi_downlevel.obj
 0001:00001d88       __vcrt_FlsSetValue         0000000180002d88 f   libvcruntime:winapi_downlevel.obj
 0001:00001ddc       __vcrt_InitializeCriticalSectionEx 0000000180002ddc f   libvcruntime:winapi_downlevel.obj
 0001:00001e40       __vcrt_initialize_winapi_thunks 0000000180002e40 f   libvcruntime:winapi_downlevel.obj
 0001:00001e70       __vcrt_uninitialize_winapi_thunks 0000000180002e70 f   libvcruntime:winapi_downlevel.obj
 0001:00001eb0       __vcrt_initialize_pure_virtual_call_handler 0000000180002eb0 f   libvcruntime:purevirt_data.obj
 0001:00001ed0       memcpy_repmovs             0000000180002ed0 f   libvcruntime:memcpy.obj
 0001:00001ef0       memcpy                     0000000180002ef0 f   libvcruntime:memcpy.obj
 0001:00001ef0       memmove                    0000000180002ef0 f   libvcruntime:memcpy.obj
 0001:00002340       _CallSettingFrame          0000000180003340 f   libvcruntime:handlers.obj
 0001:00002390       _CallSettingFrameEncoded   0000000180003390 f   libvcruntime:handlers.obj
 0001:000023d8       ??0_LocaleUpdate@@QEAA@QEAU__crt_locale_pointers@@@Z 00000001800033d8 f i libucrt:stricmp.obj
 0001:00002474       _initterm                  0000000180003474 f   libucrt:initterm.obj
 0001:000024d8       _initterm_e                00000001800034d8 f   libucrt:initterm.obj
 0001:00002518       _seh_filter_dll            0000000180003518 f   libucrt:exception_filter.obj
 0001:0000252c       _seh_filter_exe            000000018000352c f   libucrt:exception_filter.obj
 0001:0000291c       __acrt_initialize_thread_local_exit_callback 000000018000391c f   libucrt:exit.obj
 0001:00002924       _cexit                     0000000180003924 f   libucrt:exit.obj
 0001:00002934       _exit                      0000000180003934 f   libucrt:exit.obj
 0001:00002940       _is_c_termination_complete 0000000180003940 f   libucrt:exit.obj
 0001:00002b0c       __acrt_allocate_buffer_for_argv 0000000180003b0c f   libucrt:argv_parsing.obj
 0001:00002b6c       _configure_narrow_argv     0000000180003b6c f   libucrt:argv_parsing.obj
 0001:00002ee4       __dcrt_uninitialize_environments_nolock 0000000180003ee4 f   libucrt:environment_initialization.obj
 0001:00002f1c       _initialize_narrow_environment 0000000180003f1c f   libucrt:environment_initialization.obj
 0001:00003078       _execute_onexit_table      0000000180004078 f   libucrt:onexit.obj
 0001:000030b4       _initialize_onexit_table   00000001800040b4 f   libucrt:onexit.obj
 0001:00003114       __acrt_uninitialize_command_line 0000000180004114 f   libucrt:argv_data.obj
 0001:0000320c       __acrt_initialize          000000018000420c f   libucrt:initialization.obj
 0001:00003220       __acrt_thread_attach       0000000180004220 f   libucrt:initialization.obj
 0001:00003234       __acrt_thread_detach       0000000180004234 f   libucrt:initialization.obj
 0001:00003244       __acrt_uninitialize        0000000180004244 f   libucrt:initialization.obj
 0001:0000327c       __acrt_uninitialize_critical 000000018000427c f   libucrt:initialization.obj
 0001:0000328c       terminate                  000000018000428c f   libucrt:terminate.obj
 0001:000032ac       free                       00000001800042ac f   libucrt:free.obj
 0001:000032c0       strcpy_s                   00000001800042c0 f   libucrt:strcpy_s.obj
 0001:00003330       strncmp                    0000000180004330 f   libucrt:strncmp.obj
 0001:000033b0       abort                      00000001800043b0 f   libucrt:abort.obj
 0001:00003408       calloc                     0000000180004408 f   libucrt:calloc.obj
 0001:00003410       wcsncmp                    0000000180004410 f   libucrt:wcsncmp.obj
 0001:0000343c       __acrt_call_reportfault    000000018000443c f   libucrt:invalid_parameter.obj
 0001:00003598       __acrt_initialize_invalid_parameter_handler 0000000180004598 f   libucrt:invalid_parameter.obj
 0001:000035a0       _invalid_parameter         00000001800045a0 f   libucrt:invalid_parameter.obj
 0001:00003650       _invalid_parameter_noinfo  0000000180004650 f   libucrt:invalid_parameter.obj
 0001:00003670       _invoke_watson             0000000180004670 f   libucrt:invalid_parameter.obj
 0001:000036b8       __acrt_errno_from_os_error 00000001800046b8 f   libucrt:errno.obj
 0001:00003700       __acrt_errno_map_os_error  0000000180004700 f   libucrt:errno.obj
 0001:00003750       __doserrno                 0000000180004750 f   libucrt:errno.obj
 0001:00003770       _errno                     0000000180004770 f   libucrt:errno.obj
 0001:00003b08       __acrt_freeptd             0000000180004b08 f   libucrt:per_thread_data.obj
 0001:00003b4c       __acrt_getptd              0000000180004b4c f   libucrt:per_thread_data.obj
 0001:00003c20       __acrt_getptd_head         0000000180004c20 f   libucrt:per_thread_data.obj
 0001:00003cc8       __acrt_getptd_noexit       0000000180004cc8 f   libucrt:per_thread_data.obj
 0001:00003d94       __acrt_initialize_ptd      0000000180004d94 f   libucrt:per_thread_data.obj
 0001:00003dd0       __acrt_uninitialize_ptd    0000000180004dd0 f   libucrt:per_thread_data.obj
 0001:00003df4       __acrt_update_locale_info  0000000180004df4 f   libucrt:locale_update.obj
 0001:00003e28       __acrt_update_multibyte_info 0000000180004e28 f   libucrt:locale_update.obj
 0001:00003ecc       __acrt_set_locale_changed  0000000180004ecc f   libucrt:wsetlocale.obj
 0001:00003ed8       __acrt_uninitialize_locale 0000000180004ed8 f   libucrt:wsetlocale.obj
 0001:00003f08       __acrt_initialize_locks    0000000180004f08 f   libucrt:locks.obj
 0001:00003f50       __acrt_lock                0000000180004f50 f   libucrt:locks.obj
 0001:00003f6c       __acrt_uninitialize_locks  0000000180004f6c f   libucrt:locks.obj
 0001:00003fa4       __acrt_unlock              0000000180004fa4 f   libucrt:locks.obj
 0001:00003fc0       __acrt_get_process_end_policy 0000000180004fc0 f   libucrt:win_policies.obj
 0001:00003ffc       _calloc_base               0000000180004ffc f   libucrt:calloc_base.obj
 0001:00004074       _free_base                 0000000180005074 f   libucrt:free_base.obj
 0001:000040c8       ??$__acrt_mbs_to_wcs_cp@U__crt_win32_buffer_internal_dynamic_resizing@@@@YAHQEBDAEAV?$__crt_win32_buffer@_WU__crt_win32_buffer_internal_dynamic_resizing@@@@I@Z 00000001800050c8 f i libucrt:argv_wildcards.obj
 0001:00004240       ??$__acrt_wcs_to_mbs_cp@U__crt_win32_buffer_internal_dynamic_resizing@@@@YAHQEB_WAEAV?$__crt_win32_buffer@DU__crt_win32_buffer_internal_dynamic_resizing@@@@I@Z 0000000180005240 f i libucrt:argv_wildcards.obj
 0001:00004a70       __acrt_expand_narrow_argv_wildcards 0000000180005a70 f   libucrt:argv_wildcards.obj
 0001:00004a78       ??$__acrt_wcs_to_mbs_cp@U__crt_win32_buffer_no_resizing@@@@YAHQEB_WAEAV?$__crt_win32_buffer@DU__crt_win32_buffer_no_resizing@@@@I@Z 0000000180005a78 f i libucrt:getmodulefilenamea.obj
 0001:00004b8c       __acrt_GetModuleFileNameA  0000000180005b8c f   libucrt:getmodulefilenamea.obj
 0001:000053d8       __acrt_initialize_multibyte 00000001800063d8 f   libucrt:mbctype.obj
 0001:00005438       __acrt_update_thread_multibyte_data 0000000180006438 f   libucrt:mbctype.obj
 0001:00005454       _setmbcp_nolock            0000000180006454 f   libucrt:mbctype.obj
 0001:00005788       _ismbblead                 0000000180006788 f   libucrt:ismbbyte.obj
 0001:0000579c       __acrt_initialize_command_line 000000018000679c f   libucrt:argv_data.obj
 0001:000057c4       __acrt_MultiByteToWideChar 00000001800067c4 f   libucrt:multibytetowidechar.obj
 0001:00005820       __acrt_WideCharToMultiByte 0000000180006820 f   libucrt:widechartomultibyte.obj
 0001:000058b8       __dcrt_get_narrow_environment_from_os 00000001800068b8 f   libucrt:get_environment_from_os.obj
 0001:000059bc       _recalloc_base             00000001800069bc f   libucrt:recalloc.obj
 0001:00005c2c       __acrt_AppPolicyGetProcessTerminationMethodInternal 0000000180006c2c f   libucrt:winapi_thunks.obj
 0001:00005c7c       __acrt_AreFileApisANSI     0000000180006c7c f   libucrt:winapi_thunks.obj
 0001:00005cb8       __acrt_FlsAlloc            0000000180006cb8 f   libucrt:winapi_thunks.obj
 0001:00005d00       __acrt_FlsFree             0000000180006d00 f   libucrt:winapi_thunks.obj
 0001:00005d48       __acrt_FlsGetValue         0000000180006d48 f   libucrt:winapi_thunks.obj
 0001:00005d90       __acrt_FlsSetValue         0000000180006d90 f   libucrt:winapi_thunks.obj
 0001:00005de4       __acrt_InitializeCriticalSectionEx 0000000180006de4 f   libucrt:winapi_thunks.obj
 0001:00005e48       __acrt_LCMapStringEx       0000000180006e48 f   libucrt:winapi_thunks.obj
 0001:00005f24       __acrt_LocaleNameToLCID    0000000180006f24 f   libucrt:winapi_thunks.obj
 0001:00005f74       __acrt_initialize_winapi_thunks 0000000180006f74 f   libucrt:winapi_thunks.obj
 0001:00005fa8       __acrt_uninitialize_winapi_thunks 0000000180006fa8 f   libucrt:winapi_thunks.obj
 0001:00005fec       __acrt_initialize_heap     0000000180006fec f   libucrt:heap_handle.obj
 0001:00006008       __acrt_uninitialize_heap   0000000180007008 f   libucrt:heap_handle.obj
 0001:00006210       __acrt_initialize_lowio    0000000180007210 f   libucrt:ioinit.obj
 0001:0000624c       __acrt_uninitialize_lowio  000000018000724c f   libucrt:ioinit.obj
 0001:0000628c       __acrt_execute_initializers 000000018000728c f   libucrt:shared_initialization.obj
 0001:0000630c       __acrt_execute_uninitializers 000000018000730c f   libucrt:shared_initialization.obj
 0001:00006348       __acrt_initialize_new_handler 0000000180007348 f   libucrt:new_handler.obj
 0001:00006350       _callnewh                  0000000180007350 f   libucrt:new_handler.obj
 0001:00006380       _query_new_handler         0000000180007380 f   libucrt:new_handler.obj
 0001:000063fc       __acrt_get_sigabrt_handler 00000001800073fc f   libucrt:signal.obj
 0001:0000642c       __acrt_initialize_signal_handlers 000000018000742c f   libucrt:signal.obj
 0001:0000644c       raise                      000000018000744c f   libucrt:signal.obj
 0001:000066b8       __acrt_has_user_matherr    00000001800076b8 f   libucrt:matherr.obj
 0001:000066d8       __acrt_initialize_user_matherr 00000001800076d8 f   libucrt:matherr.obj
 0001:000066e0       __acrt_invoke_user_matherr 00000001800076e0 f   libucrt:matherr.obj
 0001:000068ec       __acrt_stdio_flush_nolock  00000001800078ec f   libucrt:fflush.obj
 0001:00006968       _fflush_nolock             0000000180007968 f   libucrt:fflush.obj
 0001:000069b4       _flushall                  00000001800079b4 f   libucrt:fflush.obj
 0001:000069bc       __acrt_initialize_stdio    00000001800079bc f   libucrt:_file.obj
 0001:00006adc       __acrt_uninitialize_stdio  0000000180007adc f   libucrt:_file.obj
 0001:00006b38       _lock_file                 0000000180007b38 f   libucrt:_file.obj
 0001:00006b44       _unlock_file               0000000180007b44 f   libucrt:_file.obj
 0001:00006b50       _malloc_base               0000000180007b50 f   libucrt:malloc_base.obj
 0001:00006bb0       _mbtowc_l                  0000000180007bb0 f   libucrt:mbtowc.obj
 0001:00006d2c       mbtowc                     0000000180007d2c f   libucrt:mbtowc.obj
 0001:00006d34       _fileno                    0000000180007d34 f   libucrt:fileno.obj
 0001:00006d5c       __pctype_func              0000000180007d5c f   libucrt:ctype.obj
 0001:00006d8c       _isleadbyte_l              0000000180007d8c f i libucrt:_wctype.obj
 0001:000070f0       __acrt_LCMapStringA        00000001800080f0 f   libucrt:lcmapstringa.obj
 0001:00007188       __acrt_add_locale_ref      0000000180008188 f   libucrt:locale_refcounting.obj
 0001:00007214       __acrt_free_locale         0000000180008214 f   libucrt:locale_refcounting.obj
 0001:0000738c       __acrt_locale_add_lc_time_reference 000000018000838c f   libucrt:locale_refcounting.obj
 0001:000073b4       __acrt_locale_free_lc_time_if_unreferenced 00000001800083b4 f   libucrt:locale_refcounting.obj
 0001:000073ec       __acrt_locale_release_lc_time_reference 00000001800083ec f   libucrt:locale_refcounting.obj
 0001:00007414       __acrt_release_locale_ref  0000000180008414 f   libucrt:locale_refcounting.obj
 0001:000074bc       __acrt_update_thread_locale_data 00000001800084bc f   libucrt:locale_refcounting.obj
 0001:0000752c       _updatetlocinfoEx_nolock   000000018000852c f   libucrt:locale_refcounting.obj
 0001:00007594       __acrt_locale_free_monetary 0000000180008594 f   libucrt:initmon.obj
 0001:000076a0       __acrt_locale_free_numeric 00000001800086a0 f   libucrt:initnum.obj
 0001:00007764       __acrt_locale_free_time    0000000180008764 f   libucrt:inittime.obj
 0001:0000786c       __acrt_GetStringTypeA      000000018000886c f   libucrt:getstringtypea.obj
 0001:000079fc       _query_new_mode            00000001800089fc f   libucrt:new_mode.obj
 0001:00007a10       qsort                      0000000180008a10 f   libucrt:qsort.obj
 0001:00007dd0       strncpy_s                  0000000180008dd0 f   libucrt:strncpy_s.obj
 0001:00007f50       strpbrk                    0000000180008f50 f   libucrt:strpbrk.obj
 0001:00008330       _mbsdec                    0000000180009330 f   libucrt:mbsdec.obj
 0001:00008338       _mbsdec_l                  0000000180009338 f   libucrt:mbsdec.obj
 0001:000083e4       _msize_base                00000001800093e4 f   libucrt:msize.obj
 0001:00008420       _realloc_base              0000000180009420 f   libucrt:realloc_base.obj
 0001:00008584       __acrt_DownlevelLocaleNameToLCID 0000000180009584 f   libucrt:lcidtoname_downlevel.obj
 0001:000085b8       __acrt_lowio_create_handle_array 00000001800095b8 f   libucrt:osfinfo.obj
 0001:00008660       __acrt_lowio_destroy_handle_array 0000000180009660 f   libucrt:osfinfo.obj
 0001:000086b0       __acrt_lowio_ensure_fh_exists 00000001800096b0 f   libucrt:osfinfo.obj
 0001:00008758       __acrt_lowio_lock_fh       0000000180009758 f   libucrt:osfinfo.obj
 0001:00008780       __acrt_lowio_unlock_fh     0000000180009780 f   libucrt:osfinfo.obj
 0001:000087a8       _free_osfhnd               00000001800097a8 f   libucrt:osfinfo.obj
 0001:00008864       _get_osfhandle             0000000180009864 f   libucrt:osfinfo.obj
 0001:00008968       _commit                    0000000180009968 f   libucrt:commit.obj
 0001:00009268       _write                     000000018000a268 f   libucrt:write.obj
 0001:00009354       _write_nolock              000000018000a354 f   libucrt:write.obj
 0001:00009630       _fcloseall                 000000018000a630 f   libucrt:closeall.obj
 0001:000096e4       __acrt_stdio_free_buffer_nolock 000000018000a6e4 f   libucrt:_freebuf.obj
 0001:00009724       _isatty                    000000018000a724 f   libucrt:isatty.obj
 0001:00009784       ?__mbrtowc_utf8@__crt_mbstring@@YA_KPEA_WPEBD_KPEAU_Mbstatet@@@Z 000000018000a784 f   libucrt:mbrtowc.obj
 0001:000097c0       ?__mbsrtowcs_utf8@__crt_mbstring@@YA_KPEA_WPEAPEBD_KPEAU_Mbstatet@@@Z 000000018000a7c0 f   libucrt:mbrtowc.obj
 0001:00009938       __strncnt                  000000018000a938 f   libucrt:strncnt.obj
 0001:00009950       _query_app_type            000000018000a950 f   libucrt:report_runtime_error.obj
 0001:000099f4       _lseeki64_nolock           000000018000a9f4 f   libucrt:lseek.obj
 0001:000099fc       _putwch_nolock             000000018000a9fc f   libucrt:putwch.obj
 0001:00009a38       _fclose_nolock             000000018000aa38 f   libucrt:fclose.obj
 0001:00009abc       fclose                     000000018000aabc f   libucrt:fclose.obj
 0001:00009b20       ?__mbrtoc32_utf8@__crt_mbstring@@YA_KPEA_UPEBD_KPEAU_Mbstatet@@@Z 000000018000ab20 f   libucrt:mbrtoc32.obj
 0001:00009d00       log10                      000000018000ad00 f   libucrt:log10.obj
 0001:0000a2ac       __dcrt_lowio_ensure_console_output_initialized 000000018000b2ac f   libucrt:initcon.obj
 0001:0000a300       __dcrt_terminate_console_output 000000018000b300 f   libucrt:initcon.obj
 0001:0000a31c       __dcrt_write_console       000000018000b31c f   libucrt:initcon.obj
 0001:0000a450       _close                     000000018000b450 f   libucrt:close.obj
 0001:0000a4f4       _close_nolock              000000018000b4f4 f   libucrt:close.obj
 0001:0000a5b4       ?__acrt_stdio_free_stream@@YAXV__crt_stdio_stream@@@Z 000000018000b5b4 f   libucrt:stream.obj
 0001:0000a6f4       _handle_error              000000018000b6f4 f   libucrt:libm_error.obj
 0001:0000a820       __acrt_initialize_fma3     000000018000b820 f   libucrt:fma3_available.obj
 0001:0000a890       _log10_special             000000018000b890 f   libucrt:log_special.obj
 0001:0000a960       _get_fpsr                  000000018000b960 f   libucrt:fpsr.obj
 0001:0000a970       _set_fpsr                  000000018000b970 f   libucrt:fpsr.obj
 0001:0000a97a       _fclrf                     000000018000b97a f   libucrt:fpsr.obj
 0001:0000a98e       _frnd                      000000018000b98e f   libucrt:fpsr.obj
 0001:0000a9b0       _raise_exc                 000000018000b9b0 f   libucrt:fpexcept.obj
 0001:0000a9d8       _raise_exc_ex              000000018000b9d8 f   libucrt:fpexcept.obj
 0001:0000ace8       _set_errno_from_matherr    000000018000bce8 f   libucrt:fpexcept.obj
 0001:0000ad18       _clrfp                     000000018000bd18 f   libucrt:fpctrl.obj
 0001:0000ad38       _ctrlfp                    000000018000bd38 f   libucrt:fpctrl.obj
 0001:0000adb4       _set_statfp                000000018000bdb4 f   libucrt:fpctrl.obj
 0001:0000add4       _statfp                    000000018000bdd4 f   libucrt:fpctrl.obj
 0001:0000ade5       IsProcessorFeaturePresent  000000018000bde5 f   kernel32:KERNEL32.dll
 0001:0000adf0       _FindPESection             000000018000bdf0 f   LIBCMT:pesect.obj
 0001:0000ae40       _IsNonwritableInCurrentImage 000000018000be40 f   LIBCMT:pesect.obj
 0001:0000ae90       _ValidateImageBase         000000018000be90 f   LIBCMT:pesect.obj
 0001:0000aec0       __GSHandlerCheck           000000018000bec0 f   LIBCMT:gshandler.obj
 0001:0000aee0       __GSHandlerCheckCommon     000000018000bee0 f   LIBCMT:gshandler.obj
 0001:0000af50       _alloca_probe              000000018000bf50 f   LIBCMT:chkstk.obj
 0001:0000af50       __chkstk                   000000018000bf50 f   LIBCMT:chkstk.obj
 0001:0000afc0       memcmp                     000000018000bfc0 f   libvcruntime:memcmp.obj
 0001:0000b0a0       _guard_dispatch_icall_nop  000000018000c0a0 f   LIBCMT:guard_dispatch.obj
 0002:00000000       __imp_SetHandleInformation 000000018000d000     kernel32:KERNEL32.dll
 0002:00000008       __imp_CreatePipe           000000018000d008     kernel32:KERNEL32.dll
 0002:00000010       __imp_CloseHandle          000000018000d010     kernel32:KERNEL32.dll
 0002:00000018       __imp_WriteConsoleW        000000018000d018     kernel32:KERNEL32.dll
 0002:00000020       __imp_CreateFileW          000000018000d020     kernel32:KERNEL32.dll
 0002:00000028       __imp_SetFilePointerEx     000000018000d028     kernel32:KERNEL32.dll
 0002:00000030       __imp_GetConsoleMode       000000018000d030     kernel32:KERNEL32.dll
 0002:00000038       __imp_GetConsoleCP         000000018000d038     kernel32:KERNEL32.dll
 0002:00000040       __imp_WriteFile            000000018000d040     kernel32:KERNEL32.dll
 0002:00000048       __imp_FlushFileBuffers     000000018000d048     kernel32:KERNEL32.dll
 0002:00000050       __imp_SetStdHandle         000000018000d050     kernel32:KERNEL32.dll
 0002:00000058       __imp_HeapReAlloc          000000018000d058     kernel32:KERNEL32.dll
 0002:00000060       __imp_HeapSize             000000018000d060     kernel32:KERNEL32.dll
 0002:00000068       __imp_GetStringTypeW       000000018000d068     kernel32:KERNEL32.dll
 0002:00000070       __imp_GetFileType          000000018000d070     kernel32:KERNEL32.dll
 0002:00000078       __imp_GetStdHandle         000000018000d078     kernel32:KERNEL32.dll
 0002:00000080       __imp_GetProcessHeap       000000018000d080     kernel32:KERNEL32.dll
 0002:00000088       __imp_RtlCaptureContext    000000018000d088     kernel32:KERNEL32.dll
 0002:00000090       __imp_RtlLookupFunctionEntry 000000018000d090     kernel32:KERNEL32.dll
 0002:00000098       __imp_RtlVirtualUnwind     000000018000d098     kernel32:KERNEL32.dll
 0002:000000a0       __imp_UnhandledExceptionFilter 000000018000d0a0     kernel32:KERNEL32.dll
 0002:000000a8       __imp_SetUnhandledExceptionFilter 000000018000d0a8     kernel32:KERNEL32.dll
 0002:000000b0       __imp_GetCurrentProcess    000000018000d0b0     kernel32:KERNEL32.dll
 0002:000000b8       __imp_TerminateProcess     000000018000d0b8     kernel32:KERNEL32.dll
 0002:000000c0       __imp_IsProcessorFeaturePresent 000000018000d0c0     kernel32:KERNEL32.dll
 0002:000000c8       __imp_QueryPerformanceCounter 000000018000d0c8     kernel32:KERNEL32.dll
 0002:000000d0       __imp_GetCurrentProcessId  000000018000d0d0     kernel32:KERNEL32.dll
 0002:000000d8       __imp_GetCurrentThreadId   000000018000d0d8     kernel32:KERNEL32.dll
 0002:000000e0       __imp_GetSystemTimeAsFileTime 000000018000d0e0     kernel32:KERNEL32.dll
 0002:000000e8       __imp_InitializeSListHead  000000018000d0e8     kernel32:KERNEL32.dll
 0002:000000f0       __imp_IsDebuggerPresent    000000018000d0f0     kernel32:KERNEL32.dll
 0002:000000f8       __imp_GetStartupInfoW      000000018000d0f8     kernel32:KERNEL32.dll
 0002:00000100       __imp_GetModuleHandleW     000000018000d100     kernel32:KERNEL32.dll
 0002:00000108       __imp_RtlUnwindEx          000000018000d108     kernel32:KERNEL32.dll
 0002:00000110       __imp_InterlockedFlushSList 000000018000d110     kernel32:KERNEL32.dll
 0002:00000118       __imp_GetLastError         000000018000d118     kernel32:KERNEL32.dll
 0002:00000120       __imp_SetLastError         000000018000d120     kernel32:KERNEL32.dll
 0002:00000128       __imp_EnterCriticalSection 000000018000d128     kernel32:KERNEL32.dll
 0002:00000130       __imp_LeaveCriticalSection 000000018000d130     kernel32:KERNEL32.dll
 0002:00000138       __imp_DeleteCriticalSection 000000018000d138     kernel32:KERNEL32.dll
 0002:00000140       __imp_InitializeCriticalSectionAndSpinCount 000000018000d140     kernel32:KERNEL32.dll
 0002:00000148       __imp_TlsAlloc             000000018000d148     kernel32:KERNEL32.dll
 0002:00000150       __imp_TlsGetValue          000000018000d150     kernel32:KERNEL32.dll
 0002:00000158       __imp_TlsSetValue          000000018000d158     kernel32:KERNEL32.dll
 0002:00000160       __imp_TlsFree              000000018000d160     kernel32:KERNEL32.dll
 0002:00000168       __imp_FreeLibrary          000000018000d168     kernel32:KERNEL32.dll
 0002:00000170       __imp_GetProcAddress       000000018000d170     kernel32:KERNEL32.dll
 0002:00000178       __imp_LoadLibraryExW       000000018000d178     kernel32:KERNEL32.dll
 0002:00000180       __imp_RaiseException       000000018000d180     kernel32:KERNEL32.dll
 0002:00000188       __imp_ExitProcess          000000018000d188     kernel32:KERNEL32.dll
 0002:00000190       __imp_GetModuleHandleExW   000000018000d190     kernel32:KERNEL32.dll
 0002:00000198       __imp_GetModuleFileNameW   000000018000d198     kernel32:KERNEL32.dll
 0002:000001a0       __imp_HeapAlloc            000000018000d1a0     kernel32:KERNEL32.dll
 0002:000001a8       __imp_HeapFree             000000018000d1a8     kernel32:KERNEL32.dll
 0002:000001b0       __imp_FindClose            000000018000d1b0     kernel32:KERNEL32.dll
 0002:000001b8       __imp_FindFirstFileExW     000000018000d1b8     kernel32:KERNEL32.dll
 0002:000001c0       __imp_FindNextFileW        000000018000d1c0     kernel32:KERNEL32.dll
 0002:000001c8       __imp_IsValidCodePage      000000018000d1c8     kernel32:KERNEL32.dll
 0002:000001d0       __imp_GetACP               000000018000d1d0     kernel32:KERNEL32.dll
 0002:000001d8       __imp_GetOEMCP             000000018000d1d8     kernel32:KERNEL32.dll
 0002:000001e0       __imp_GetCPInfo            000000018000d1e0     kernel32:KERNEL32.dll
 0002:000001e8       __imp_GetCommandLineA      000000018000d1e8     kernel32:KERNEL32.dll
 0002:000001f0       __imp_GetCommandLineW      000000018000d1f0     kernel32:KERNEL32.dll
 0002:000001f8       __imp_MultiByteToWideChar  000000018000d1f8     kernel32:KERNEL32.dll
 0002:00000200       __imp_WideCharToMultiByte  000000018000d200     kernel32:KERNEL32.dll
 0002:00000208       __imp_GetEnvironmentStringsW 000000018000d208     kernel32:KERNEL32.dll
 0002:00000210       __imp_FreeEnvironmentStringsW 000000018000d210     kernel32:KERNEL32.dll
 0002:00000218       __imp_LCMapStringW         000000018000d218     kernel32:KERNEL32.dll
 0002:00000220       \177KERNEL32_NULL_THUNK_DATA 000000018000d220     kernel32:KERNEL32.dll
 0002:00000228       __imp_?ToString@Value@v8@@QEBA?AV?$Local@VString@v8@@@2@XZ 000000018000d228     iojs:node.dll
 0002:00000230       __imp_node_module_register 000000018000d230     iojs:node.dll
 0002:00000238       __imp_?Set@Object@v8@@QEAA_NV?$Local@VValue@v8@@@2@0@Z 000000018000d238     iojs:node.dll
 0002:00000240       __imp_?New@Object@v8@@SA?AV?$Local@VObject@v8@@@2@PEAVIsolate@2@@Z 000000018000d240     iojs:node.dll
 0002:00000248       __imp_?New@Number@v8@@SA?AV?$Local@VNumber@v8@@@2@PEAVIsolate@2@N@Z 000000018000d248     iojs:node.dll
 0002:00000250       __imp_??0Utf8Value@String@v8@@QEAA@V?$Local@VValue@v8@@@2@@Z 000000018000d250     iojs:node.dll
 0002:00000258       __imp_??1Utf8Value@String@v8@@QEAA@XZ 000000018000d258     iojs:node.dll
 0002:00000260       __imp_?New@FunctionTemplate@v8@@SA?AV?$Local@VFunctionTemplate@v8@@@2@PEAVIsolate@2@P6AXAEBV?$FunctionCallbackInfo@VValue@v8@@@2@@ZV?$Local@VValue@v8@@@2@V?$Local@VSignature@v8@@@2@HW4ConstructorBehavior@2@@Z 000000018000d260     iojs:node.dll
 0002:00000268       __imp_?GetFunction@FunctionTemplate@v8@@QEAA?AV?$Local@VFunction@v8@@@2@XZ 000000018000d268     iojs:node.dll
 0002:00000270       __imp_?TypeError@Exception@v8@@SA?AV?$Local@VValue@v8@@@2@V?$Local@VString@v8@@@2@@Z 000000018000d270     iojs:node.dll
 0002:00000278       __imp_?Error@Exception@v8@@SA?AV?$Local@VValue@v8@@@2@V?$Local@VString@v8@@@2@@Z 000000018000d278     iojs:node.dll
 0002:00000280       __imp_?GetCurrent@Isolate@v8@@SAPEAV12@XZ 000000018000d280     iojs:node.dll
 0002:00000288       __imp_?ThrowException@Isolate@v8@@QEAA?AV?$Local@VValue@v8@@@2@V32@@Z 000000018000d288     iojs:node.dll
 0002:00000290       __imp_?NewFromUtf8@String@v8@@SA?AV?$Local@VString@v8@@@2@PEAVIsolate@2@PEBDW4NewStringType@12@H@Z 000000018000d290     iojs:node.dll
 0002:00000298       \177node_NULL_THUNK_DATA   000000018000d298     iojs:node.dll
 0002:000002a0       __guard_check_icall_fptr   000000018000d2a0     LIBCMT:guard_support.obj
 0002:000002a8       __guard_dispatch_icall_fptr 000000018000d2a8     LIBCMT:guard_support.obj
 0002:000002b0       __xc_a                     000000018000d2b0     LIBCMT:initializers.obj
 0002:000002b8       _register_win32ipc_        000000018000d2b8     module.obj
 0002:000002c0       __xc_z                     000000018000d2c0     LIBCMT:initializers.obj
 0002:000002c8       __xi_a                     000000018000d2c8     LIBCMT:initializers.obj
 0002:000002d0       __acrt_multibyte_initializer 000000018000d2d0     libucrt:multibyte_initializer.obj
 0002:000002d8       __acrt_stdio_initializer   000000018000d2d8     libucrt:stdio_initializer.obj
 0002:000002e0       __acrt_tran_fma3_initializer 000000018000d2e0     libucrt:fma3_initializer.obj
 0002:000002e8       __xi_z                     000000018000d2e8     LIBCMT:initializers.obj
 0002:000002f0       __xp_a                     000000018000d2f0     LIBCMT:initializers.obj
 0002:000002f8       __acrt_locale_terminator   000000018000d2f8     libucrt:locale_initializer.obj
 0002:00000300       __dcrt_console_output_terminator 000000018000d300     libucrt:console_output_initializer.obj
 0002:00000308       __acrt_stdio_terminator    000000018000d308     libucrt:stdio_initializer.obj
 0002:00000310       __xp_z                     000000018000d310     LIBCMT:initializers.obj
 0002:00000318       __xt_a                     000000018000d318     LIBCMT:initializers.obj
 0002:00000320       __xt_z                     000000018000d320     LIBCMT:initializers.obj
 0002:00000330       _pDefaultRawDllMain        000000018000d330     LIBCMT:dll_dllmain.obj
 0002:00000330       _pRawDllMain               000000018000d330     LIBCMT:dll_dllmain.obj
 0002:00000348       _pDestructExceptionObject  000000018000d348     libvcruntime:ehhelpers.obj
 0002:00000688       ??_C@_08EHJDFFNH@__based?$CI@ 000000018000d688     libvcruntime:undname.obj
 0002:00000698       ??_C@_07KOLFKCDI@__cdecl@  000000018000d698     libvcruntime:undname.obj
 0002:000006a0       ??_C@_08GHMPAG@__pascal@   000000018000d6a0     libvcruntime:undname.obj
 0002:000006b0       ??_C@_09IFJBGAPI@__stdcall@ 000000018000d6b0     libvcruntime:undname.obj
 0002:000006c0       ??_C@_0L@NPHFGOKO@__thiscall@ 000000018000d6c0     libvcruntime:undname.obj
 0002:000006d0       ??_C@_0L@JMKHOMEK@__fastcall@ 000000018000d6d0     libvcruntime:undname.obj
 0002:000006e0       ??_C@_0N@BCKKPABJ@__vectorcall@ 000000018000d6e0     libvcruntime:undname.obj
 0002:000006f0       ??_C@_09HIJEGCPM@__clrcall@ 000000018000d6f0     libvcruntime:undname.obj
 0002:000006fc       ??_C@_06GHPCKEAG@__eabi@   000000018000d6fc     libvcruntime:undname.obj
 0002:00000708       ??_C@_09IOPIDJLG@__swift_1@ 000000018000d708     libvcruntime:undname.obj
 0002:00000718       ??_C@_09KFNFGKHF@__swift_2@ 000000018000d718     libvcruntime:undname.obj
 0002:00000728       ??_C@_07JOMMBBKO@__ptr64@  000000018000d728     libvcruntime:undname.obj
 0002:00000730       ??_C@_0L@PILCLIHE@__restrict@ 000000018000d730     libvcruntime:undname.obj
 0002:00000740       ??_C@_0M@GFIIJFMG@__unaligned@ 000000018000d740     libvcruntime:undname.obj
 0002:00000750       ??_C@_09DHDLOLLB@restrict?$CI@ 000000018000d750     libvcruntime:undname.obj
 0002:0000075a       ??_C@_00CNPNBAHC@@         000000018000d75a     libvcruntime:undname.obj
 0002:0000075c       ??_C@_04NIHEBCM@?5new@     000000018000d75c     libvcruntime:undname.obj
 0002:00000768       ??_C@_07FPCDHGMM@?5delete@ 000000018000d768     libvcruntime:undname.obj
 0002:00000770       ??_C@_01NEMOKFLO@?$DN@     000000018000d770     libvcruntime:undname.obj
 0002:00000774       ??_C@_02GPIOPFAK@?$DO?$DO@ 000000018000d774     libvcruntime:undname.obj
 0002:00000778       ??_C@_02FODMEDOG@?$DM?$DM@ 000000018000d778     libvcruntime:undname.obj
 0002:0000077c       ??_C@_01DCLJPIOD@?$CB@     000000018000d77c     libvcruntime:undname.obj
 0002:00000780       ??_C@_02EGOFBIJA@?$DN?$DN@ 000000018000d780     libvcruntime:undname.obj
 0002:00000784       ??_C@_02FDNJECIE@?$CB?$DN@ 000000018000d784     libvcruntime:undname.obj
 0002:00000788       ??_C@_02GPECMEKF@?$FL?$FN@ 000000018000d788     libvcruntime:undname.obj
 0002:00000790       ??_C@_08LHJFAFGD@operator@ 000000018000d790     libvcruntime:undname.obj
 0002:0000079c       ??_C@_02HBOOOICD@?9?$DO@   000000018000d79c     libvcruntime:undname.obj
 0002:000007a0       ??_C@_01NBENCBCI@?$CK@     000000018000d7a0     libvcruntime:undname.obj
 0002:000007a4       ??_C@_02ECNGHCIF@?$CL?$CL@ 000000018000d7a4     libvcruntime:undname.obj
 0002:000007a8       ??_C@_02BAABKJLB@?9?9@     000000018000d7a8     libvcruntime:undname.obj
 0002:000007ac       ??_C@_01JOAMLHOP@?9@       000000018000d7ac     libvcruntime:undname.obj
 0002:000007b0       ??_C@_01MIFGBAGJ@?$CL@     000000018000d7b0     libvcruntime:undname.obj
 0002:000007b4       ??_C@_01HNPIGOCE@?$CG@     000000018000d7b4     libvcruntime:undname.obj
 0002:000007b8       ??_C@_03MNHNFDLC@?9?$DO?$CK@ 000000018000d7b8     libvcruntime:undname.obj
 0002:000007bc       ??_C@_01KMDKNFGN@?1@       000000018000d7bc     libvcruntime:undname.obj
 0002:000007c0       ??_C@_01FGNFDNOH@?$CF@     000000018000d7c0     libvcruntime:undname.obj
 0002:000007c4       ??_C@_01MNNFJEPP@?$DM@     000000018000d7c4     libvcruntime:undname.obj
 0002:000007c8       ??_C@_02EHCHHCKH@?$DM?$DN@ 000000018000d7c8     libvcruntime:undname.obj
 0002:000007cc       ??_C@_01PPODPGHN@?$DO@     000000018000d7cc     libvcruntime:undname.obj
 0002:000007d0       ??_C@_02EEKDKGMJ@?$DO?$DN@ 000000018000d7d0     libvcruntime:undname.obj
 0002:000007d4       ??_C@_01IHBHIGKO@?0@       000000018000d7d4     libvcruntime:undname.obj
 0002:000007d8       ??_C@_02HCKGKOFO@?$CI?$CJ@ 000000018000d7d8     libvcruntime:undname.obj
 0002:000007dc       ??_C@_01PJKLJHI@?$HO@      000000018000d7dc     libvcruntime:undname.obj
 0002:000007e0       ??_C@_01JKBOJNNK@?$FO@     000000018000d7e0     libvcruntime:undname.obj
 0002:000007e4       ??_C@_01DNKMNLPK@?$HM@     000000018000d7e4     libvcruntime:undname.obj
 0002:000007e8       ??_C@_02PPKAJPJL@?$CG?$CG@ 000000018000d7e8     libvcruntime:undname.obj
 0002:000007ec       ??_C@_02NONPIBCD@?$HM?$HM@ 000000018000d7ec     libvcruntime:undname.obj
 0002:000007f0       ??_C@_02FPIMKNGF@?$CK?$DN@ 000000018000d7f0     libvcruntime:undname.obj
 0002:000007f4       ??_C@_02FOEOMHFC@?$CL?$DN@ 000000018000d7f4     libvcruntime:undname.obj
 0002:000007f8       ??_C@_02FKMDLLOA@?9?$DN@   000000018000d7f8     libvcruntime:undname.obj
 0002:000007fc       ??_C@_02FJEHGPIO@?1?$DN@   000000018000d7fc     libvcruntime:undname.obj
 0002:00000800       ??_C@_02FENAOKFI@?$CF?$DN@ 000000018000d800     libvcruntime:undname.obj
 0002:00000804       ??_C@_03IKFCCPFF@?$DO?$DO?$DN@ 000000018000d804     libvcruntime:undname.obj
 0002:00000808       ??_C@_03CDNPDDLA@?$DM?$DM?$DN@ 000000018000d808     libvcruntime:undname.obj
 0002:0000080c       ??_C@_02FGJGFEAB@?$CG?$DN@ 000000018000d80c     libvcruntime:undname.obj
 0002:00000810       ??_C@_02DHLNPPGH@?$HM?$DN@ 000000018000d810     libvcruntime:undname.obj
 0002:00000814       ??_C@_02MHEGNOJ@?$FO?$DN@  000000018000d814     libvcruntime:undname.obj
 0002:00000818       ??_C@_09IFPLHPGF@?$GAvftable?8@ 000000018000d818     libvcruntime:undname.obj
 0002:00000828       ??_C@_09BLBHBJP@?$GAvbtable?8@ 000000018000d828     libvcruntime:undname.obj
 0002:00000838       ??_C@_07FEEIOKP@?$GAvcall?8@ 000000018000d838     libvcruntime:undname.obj
 0002:00000840       ??_C@_08LLFFHHDJ@?$GAtypeof?8@ 000000018000d840     libvcruntime:undname.obj
 0002:00000850       ??_C@_0BF@KDPPACIK@?$GAlocal?5static?5guard?8@ 000000018000d850     libvcruntime:undname.obj
 0002:00000868       ??_C@_08OBABFOLI@?$GAstring?8@ 000000018000d868     libvcruntime:undname.obj
 0002:00000878       ??_C@_0BD@JDLKDPAB@?$GAvbase?5destructor?8@ 000000018000d878     libvcruntime:undname.obj
 0002:00000890       ??_C@_0BN@DEGPLNFK@?$GAvector?5deleting?5destructor?8@ 000000018000d890     libvcruntime:undname.obj
 0002:000008b0       ??_C@_0BO@OBMKPJIG@?$GAdefault?5constructor?5closure?8@ 000000018000d8b0     libvcruntime:undname.obj
 0002:000008d0       ??_C@_0BN@IMDCHIKM@?$GAscalar?5deleting?5destructor?8@ 000000018000d8d0     libvcruntime:undname.obj
 0002:000008f0       ??_C@_0BO@PFGOCPJJ@?$GAvector?5constructor?5iterator?8@ 000000018000d8f0     libvcruntime:undname.obj
 0002:00000910       ??_C@_0BN@LFPFMEDL@?$GAvector?5destructor?5iterator?8@ 000000018000d910     libvcruntime:undname.obj
 0002:00000930       ??_C@_0CE@IKBNEHA@?$GAvector?5vbase?5constructor?5itera@ 000000018000d930     libvcruntime:undname.obj
 0002:00000958       ??_C@_0BL@NILFHHPC@?$GAvirtual?5displacement?5map?8@ 000000018000d958     libvcruntime:undname.obj
 0002:00000978       ??_C@_0CB@JONCMFFK@?$GAeh?5vector?5constructor?5iterator@ 000000018000d978     libvcruntime:undname.obj
 0002:000009a0       ??_C@_0CA@GCEOPDGL@?$GAeh?5vector?5destructor?5iterator?8@ 000000018000d9a0     libvcruntime:undname.obj
 0002:000009c0       ??_C@_0CH@OOJPLCPH@?$GAeh?5vector?5vbase?5constructor?5it@ 000000018000d9c0     libvcruntime:undname.obj
 0002:000009e8       ??_C@_0BL@LLKPOHJI@?$GAcopy?5constructor?5closure?8@ 000000018000d9e8     libvcruntime:undname.obj
 0002:00000a08       ??_C@_0BA@KBCDOMBN@?$GAudt?5returning?8@ 000000018000da08     libvcruntime:undname.obj
 0002:00000a18       ??_C@_03KLGMFNMG@?$GAEH@   000000018000da18     libvcruntime:undname.obj
 0002:00000a1c       ??_C@_05KHLCHHI@?$GARTTI@  000000018000da1c     libvcruntime:undname.obj
 0002:00000a28       ??_C@_0BA@KKLDJDLB@?$GAlocal?5vftable?8@ 000000018000da28     libvcruntime:undname.obj
 0002:00000a38       ??_C@_0CE@IIHCMGGL@?$GAlocal?5vftable?5constructor?5clos@ 000000018000da38     libvcruntime:undname.obj
 0002:00000a5c       ??_C@_06FHBGPFGH@?5new?$FL?$FN@ 000000018000da5c     libvcruntime:undname.obj
 0002:00000a68       ??_C@_09LBNFPBCA@?5delete?$FL?$FN@ 000000018000da68     libvcruntime:undname.obj
 0002:00000a78       ??_C@_0P@HJKNJFNN@?$GAomni?5callsig?8@ 000000018000da78     libvcruntime:undname.obj
 0002:00000a88       ??_C@_0BL@CNOONJFP@?$GAplacement?5delete?5closure?8@ 000000018000da88     libvcruntime:undname.obj
 0002:00000aa8       ??_C@_0BN@CKNJLHMB@?$GAplacement?5delete?$FL?$FN?5closure?8@ 000000018000daa8     libvcruntime:undname.obj
 0002:00000ac8       ??_C@_0CG@CFDHKGGD@?$GAmanaged?5vector?5constructor?5ite@ 000000018000dac8     libvcruntime:undname.obj
 0002:00000af0       ??_C@_0CF@IMGKMJNO@?$GAmanaged?5vector?5destructor?5iter@ 000000018000daf0     libvcruntime:undname.obj
 0002:00000b18       ??_C@_0CG@HLDDJMAG@?$GAeh?5vector?5copy?5constructor?5ite@ 000000018000db18     libvcruntime:undname.obj
 0002:00000b40       ??_C@_0CM@FCBBDIGB@?$GAeh?5vector?5vbase?5copy?5construct@ 000000018000db40     libvcruntime:undname.obj
 0002:00000b70       ??_C@_0BL@CLIPGLGB@?$GAdynamic?5initializer?5for?5?8@ 000000018000db70     libvcruntime:undname.obj
 0002:00000b90       ??_C@_0CB@PDBIFEP@?$GAdynamic?5atexit?5destructor?5for?5@ 000000018000db90     libvcruntime:undname.obj
 0002:00000bb8       ??_C@_0CD@CGAJBKEJ@?$GAvector?5copy?5constructor?5iterat@ 000000018000dbb8     libvcruntime:undname.obj
 0002:00000be0       ??_C@_0CJ@GJELGAMM@?$GAvector?5vbase?5copy?5constructor?5@ 000000018000dbe0     libvcruntime:undname.obj
 0002:00000c10       ??_C@_0CL@FGIJHLCE@?$GAmanaged?5vector?5copy?5constructo@ 000000018000dc10     libvcruntime:undname.obj
 0002:00000c40       ??_C@_0BM@PMGGMLDN@?$GAlocal?5static?5thread?5guard?8@ 000000018000dc40     libvcruntime:undname.obj
 0002:00000c60       ??_C@_0N@BDNMDMOL@operator?5?$CC?$CC?5@ 000000018000dc60     libvcruntime:undname.obj
 0002:00000c70       ??_C@_0BC@GGEBGALA@operator?5co_await@ 000000018000dc70     libvcruntime:undname.obj
 0002:00000c88       ??_C@_0BC@DAFEJGAK@?5Type?5Descriptor?8@ 000000018000dc88     libvcruntime:undname.obj
 0002:00000ca0       ??_C@_0BM@LDKODKLH@?5Base?5Class?5Descriptor?5at?5?$CI@ 000000018000dca0     libvcruntime:undname.obj
 0002:00000cc0       ??_C@_0BD@LGICGFMM@?5Base?5Class?5Array?8@ 000000018000dcc0     libvcruntime:undname.obj
 0002:00000cd8       ??_C@_0BN@MECKDCOJ@?5Class?5Hierarchy?5Descriptor?8@ 000000018000dcd8     libvcruntime:undname.obj
 0002:00000cf8       ??_C@_0BK@CFCOFLF@?5Complete?5Object?5Locator?8@ 000000018000dcf8     libvcruntime:undname.obj
 0002:00000d30       ??_C@_1DM@KHCHBNEB@?$AAa?$AAp?$AAi?$AA?9?$AAm?$AAs?$AA?9?$AAw?$AAi?$AAn?$AA?9?$AAc?$AAo?$AAr?$AAe@ 000000018000dd30     libvcruntime:winapi_downlevel.obj
 0002:00000d70       ??_C@_1DK@LPPGFMPP@?$AAa?$AAp?$AAi?$AA?9?$AAm?$AAs?$AA?9?$AAw?$AAi?$AAn?$AA?9?$AAc?$AAo?$AAr?$AAe@ 000000018000dd70     libvcruntime:winapi_downlevel.obj
 0002:00000db0       ??_C@_1BC@GDMECMAK@?$AAk?$AAe?$AAr?$AAn?$AAe?$AAl?$AA3?$AA2@ 000000018000ddb0     libvcruntime:winapi_downlevel.obj
 0002:00000dc8       ??_C@_1BA@PFFKHIOG@?$AAa?$AAp?$AAi?$AA?9?$AAm?$AAs?$AA?9@ 000000018000ddc8     libvcruntime:winapi_downlevel.obj
 0002:00000dd8       ??_C@_1BA@IAIFMGEF@?$AAe?$AAx?$AAt?$AA?9?$AAm?$AAs?$AA?9@ 000000018000ddd8     libvcruntime:winapi_downlevel.obj
 0002:00000df0       ??_C@_08KNHFBNJ@FlsAlloc@  000000018000ddf0     libvcruntime:winapi_downlevel.obj
 0002:00000e08       ??_C@_07PEJMOBNF@FlsFree@  000000018000de08     libvcruntime:winapi_downlevel.obj
 0002:00000e18       ??_C@_0M@GDNOONDI@FlsGetValue@ 000000018000de18     libvcruntime:winapi_downlevel.obj
 0002:00000e30       ??_C@_0M@JCPCPOEF@FlsSetValue@ 000000018000de30     libvcruntime:winapi_downlevel.obj
 0002:00000e48       ??_C@_0BM@HCFOFFN@InitializeCriticalSectionEx@ 000000018000de48     libvcruntime:winapi_downlevel.obj
 0002:00000e70       __acrt_exception_action_table 000000018000de70     libucrt:exception_filter.obj
 0002:00000f30       __acrt_signal_action_table_count 000000018000df30     libucrt:exception_filter.obj
 0002:00000f38       __acrt_signal_action_first_fpe_index 000000018000df38     libucrt:exception_filter.obj
 0002:00000f40       __acrt_signal_action_fpe_count 000000018000df40     libucrt:exception_filter.obj
 0002:00000f48       ??_C@_1BI@BGOHAHKC@?$AAm?$AAs?$AAc?$AAo?$AAr?$AAe?$AAe?$AA?4?$AAd?$AAl?$AAl?$AA?$AA@ 000000018000df48     libucrt:exit.obj
 0002:00000f60       ??_C@_0P@MIGLKIOC@CorExitProcess?$AA@ 000000018000df60     libucrt:exit.obj
 0002:000011e0       __lc_time_c                000000018000e1e0     libucrt:nlsdata.obj
 0002:000014a0       ??_C@_03KOEHGMDN@Sun?$AA@  000000018000e4a0     libucrt:nlsdata.obj
 0002:000014a4       ??_C@_03PDAGKDH@Mon?$AA@   000000018000e4a4     libucrt:nlsdata.obj
 0002:000014a8       ??_C@_03NAGEINEP@Tue?$AA@  000000018000e4a8     libucrt:nlsdata.obj
 0002:000014ac       ??_C@_03MHOMLAJA@Wed?$AA@  000000018000e4ac     libucrt:nlsdata.obj
 0002:000014b0       ??_C@_03IOFIKPDN@Thu?$AA@  000000018000e4b0     libucrt:nlsdata.obj
 0002:000014b4       ??_C@_03IDIOELNC@Fri?$AA@  000000018000e4b4     libucrt:nlsdata.obj
 0002:000014b8       ??_C@_03FEFJNEK@Sat?$AA@   000000018000e4b8     libucrt:nlsdata.obj
 0002:000014bc       ??_C@_06OOPIFAJ@Sunday?$AA@ 000000018000e4bc     libucrt:nlsdata.obj
 0002:000014c4       ??_C@_06JLEDEDGH@Monday?$AA@ 000000018000e4c4     libucrt:nlsdata.obj
 0002:000014d0       ??_C@_07BAAGCFCM@Tuesday?$AA@ 000000018000e4d0     libucrt:nlsdata.obj
 0002:000014d8       ??_C@_09DLIGFAKA@Wednesday?$AA@ 000000018000e4d8     libucrt:nlsdata.obj
 0002:000014e8       ??_C@_08HACCIKIA@Thursday?$AA@ 000000018000e4e8     libucrt:nlsdata.obj
 0002:000014f4       ??_C@_06JECMNKMI@Friday?$AA@ 000000018000e4f4     libucrt:nlsdata.obj
 0002:00001500       ??_C@_08INBOOONO@Saturday?$AA@ 000000018000e500     libucrt:nlsdata.obj
 0002:0000150c       ??_C@_03JIHJHPIE@Jan?$AA@  000000018000e50c     libucrt:nlsdata.obj
 0002:00001510       ??_C@_03HJBDCHOM@Feb?$AA@  000000018000e510     libucrt:nlsdata.obj
 0002:00001514       ??_C@_03ODNJBKGA@Mar?$AA@  000000018000e514     libucrt:nlsdata.obj
 0002:00001518       ??_C@_03LEOLGMJP@Apr?$AA@  000000018000e518     libucrt:nlsdata.obj
 0002:0000151c       ??_C@_03CNMDKL@May?$AA@    000000018000e51c     libucrt:nlsdata.obj
 0002:00001520       ??_C@_03IDFGHECI@Jun?$AA@  000000018000e520     libucrt:nlsdata.obj
 0002:00001524       ??_C@_03LBGABGKK@Jul?$AA@  000000018000e524     libucrt:nlsdata.obj
 0002:00001528       ??_C@_03IFJFEIGA@Aug?$AA@  000000018000e528     libucrt:nlsdata.obj
 0002:0000152c       ??_C@_03GGCAPAJC@Sep?$AA@  000000018000e52c     libucrt:nlsdata.obj
 0002:00001530       ??_C@_03BMAOKBAD@Oct?$AA@  000000018000e530     libucrt:nlsdata.obj
 0002:00001534       ??_C@_03JPJOFNIA@Nov?$AA@  000000018000e534     libucrt:nlsdata.obj
 0002:00001538       ??_C@_03MKABNOCG@Dec?$AA@  000000018000e538     libucrt:nlsdata.obj
 0002:00001540       ??_C@_07CGJPFGJA@January?$AA@ 000000018000e540     libucrt:nlsdata.obj
 0002:00001548       ??_C@_08GNJGEPFN@February?$AA@ 000000018000e548     libucrt:nlsdata.obj
 0002:00001554       ??_C@_05HPCKOFNC@March?$AA@ 000000018000e554     libucrt:nlsdata.obj
 0002:0000155c       ??_C@_05DMJDNLEJ@April?$AA@ 000000018000e55c     libucrt:nlsdata.obj
 0002:00001564       ??_C@_04CNLMGBGM@June?$AA@ 000000018000e564     libucrt:nlsdata.obj
 0002:0000156c       ??_C@_04MIEPOIFP@July?$AA@ 000000018000e56c     libucrt:nlsdata.obj
 0002:00001574       ??_C@_06LBBHFDDG@August?$AA@ 000000018000e574     libucrt:nlsdata.obj
 0002:00001580       ??_C@_09BHHEALKD@September?$AA@ 000000018000e580     libucrt:nlsdata.obj
 0002:00001590       ??_C@_07JJNFCEND@October?$AA@ 000000018000e590     libucrt:nlsdata.obj
 0002:00001598       ??_C@_08HCHEGEOA@November?$AA@ 000000018000e598     libucrt:nlsdata.obj
 0002:000015a8       ??_C@_08EDHMEBNP@December?$AA@ 000000018000e5a8     libucrt:nlsdata.obj
 0002:000015b4       ??_C@_02DEDBPAFC@AM?$AA@   000000018000e5b4     libucrt:nlsdata.obj
 0002:000015b8       ??_C@_02CJNFDJBF@PM?$AA@   000000018000e5b8     libucrt:nlsdata.obj
 0002:000015c0       ??_C@_08BPBNCDIB@MM?1dd?1yy?$AA@ 000000018000e5c0     libucrt:nlsdata.obj
 0002:000015d0       ??_C@_0BE@CKGJFCPC@dddd?0?5MMMM?5dd?0?5yyyy?$AA@ 000000018000e5d0     libucrt:nlsdata.obj
 0002:000015e8       ??_C@_08JCCMCCIL@HH?3mm?3ss?$AA@ 000000018000e5e8     libucrt:nlsdata.obj
 0002:000015f8       ??_C@_17MBGCMIPB@?$AAS?$AAu?$AAn?$AA?$AA@ 000000018000e5f8     libucrt:nlsdata.obj
 0002:00001600       ??_C@_17KBOMKBF@?$AAM?$AAo?$AAn?$AA?$AA@ 000000018000e600     libucrt:nlsdata.obj
 0002:00001608       ??_C@_17BMKGEGOJ@?$AAT?$AAu?$AAe?$AA?$AA@ 000000018000e608     libucrt:nlsdata.obj
 0002:00001610       ??_C@_17CJEDCEPE@?$AAW?$AAe?$AAd?$AA?$AA@ 000000018000e610     libucrt:nlsdata.obj
 0002:00001618       ??_C@_17PDPHAADD@?$AAT?$AAh?$AAu?$AA?$AA@ 000000018000e618     libucrt:nlsdata.obj
 0002:00001620       ??_C@_17HFOLPPLP@?$AAF?$AAr?$AAi?$AA?$AA@ 000000018000e620     libucrt:nlsdata.obj
 0002:00001628       ??_C@_17GGIBDPIH@?$AAS?$AAa?$AAt?$AA?$AA@ 000000018000e628     libucrt:nlsdata.obj
 0002:00001630       ??_C@_1O@IHNHDHPB@?$AAS?$AAu?$AAn?$AAd?$AAa?$AAy?$AA?$AA@ 000000018000e630     libucrt:nlsdata.obj
 0002:00001640       ??_C@_1O@MMNBFLIA@?$AAM?$AAo?$AAn?$AAd?$AAa?$AAy?$AA?$AA@ 000000018000e640     libucrt:nlsdata.obj
 0002:00001650       ??_C@_1BA@ENFBFFEK@?$AAT?$AAu?$AAe?$AAs?$AAd?$AAa?$AAy?$AA?$AA@ 000000018000e650     libucrt:nlsdata.obj
 0002:00001660       ??_C@_1BE@EBOGMDOH@?$AAW?$AAe?$AAd?$AAn?$AAe?$AAs?$AAd?$AAa?$AAy?$AA?$AA@ 000000018000e660     libucrt:nlsdata.obj
 0002:00001678       ??_C@_1BC@HHMNLIHE@?$AAT?$AAh?$AAu?$AAr?$AAs?$AAd?$AAa?$AAy?$AA?$AA@ 000000018000e678     libucrt:nlsdata.obj
 0002:00001690       ??_C@_1O@PDICJHAG@?$AAF?$AAr?$AAi?$AAd?$AAa?$AAy?$AA?$AA@ 000000018000e690     libucrt:nlsdata.obj
 0002:000016a0       ??_C@_1BC@ENMNNPAJ@?$AAS?$AAa?$AAt?$AAu?$AAr?$AAd?$AAa?$AAy?$AA?$AA@ 000000018000e6a0     libucrt:nlsdata.obj
 0002:000016b8       ??_C@_17DKNBKCHM@?$AAJ?$AAa?$AAn?$AA?$AA@ 000000018000e6b8     libucrt:nlsdata.obj
 0002:000016c0       ??_C@_17LMDJEKJN@?$AAF?$AAe?$AAb?$AA?$AA@ 000000018000e6c0     libucrt:nlsdata.obj
 0002:000016c8       ??_C@_17CKNLEDEC@?$AAM?$AAa?$AAr?$AA?$AA@ 000000018000e6c8     libucrt:nlsdata.obj
 0002:000016d0       ??_C@_17LFPOIHDD@?$AAA?$AAp?$AAr?$AA?$AA@ 000000018000e6d0     libucrt:nlsdata.obj
 0002:000016d8       ??_C@_17PNNKMEED@?$AAM?$AAa?$AAy?$AA?$AA@ 000000018000e6d8     libucrt:nlsdata.obj
 0002:000016e0       ??_C@_17KCJGOCPB@?$AAJ?$AAu?$AAn?$AA?$AA@ 000000018000e6e0     libucrt:nlsdata.obj
 0002:000016e8       ??_C@_17IJPCKHK@?$AAJ?$AAu?$AAl?$AA?$AA@ 000000018000e6e8     libucrt:nlsdata.obj
 0002:000016f0       ??_C@_17ICPELBCN@?$AAA?$AAu?$AAg?$AA?$AA@ 000000018000e6f0     libucrt:nlsdata.obj
 0002:000016f8       ??_C@_17HCHCOKMG@?$AAS?$AAe?$AAp?$AA?$AA@ 000000018000e6f8     libucrt:nlsdata.obj
 0002:00001700       ??_C@_17FNLKOI@?$AAO?$AAc?$AAt?$AA?$AA@ 000000018000e700     libucrt:nlsdata.obj
 0002:00001708       ??_C@_17BBDMLCIG@?$AAN?$AAo?$AAv?$AA?$AA@ 000000018000e708     libucrt:nlsdata.obj
 0002:00001710       ??_C@_17EGKACKIF@?$AAD?$AAe?$AAc?$AA?$AA@ 000000018000e710     libucrt:nlsdata.obj
 0002:00001718       ??_C@_1BA@EFMEIEBA@?$AAJ?$AAa?$AAn?$AAu?$AAa?$AAr?$AAy?$AA?$AA@ 000000018000e718     libucrt:nlsdata.obj
 0002:00001728       ??_C@_1BC@JGDDFFAM@?$AAF?$AAe?$AAb?$AAr?$AAu?$AAa?$AAr?$AAy?$AA?$AA@ 000000018000e728     libucrt:nlsdata.obj
 0002:00001740       ??_C@_1M@IKEENEDF@?$AAM?$AAa?$AAr?$AAc?$AAh?$AA?$AA@ 000000018000e740     libucrt:nlsdata.obj
 0002:00001750       ??_C@_1M@GJNLMHFD@?$AAA?$AAp?$AAr?$AAi?$AAl?$AA?$AA@ 000000018000e750     libucrt:nlsdata.obj
 0002:00001760       ??_C@_19EPFLPGAP@?$AAJ?$AAu?$AAn?$AAe?$AA?$AA@ 000000018000e760     libucrt:nlsdata.obj
 0002:00001770       ??_C@_19BIFMLPCD@?$AAJ?$AAu?$AAl?$AAy?$AA?$AA@ 000000018000e770     libucrt:nlsdata.obj
 0002:00001780       ??_C@_1O@PAHLKOAC@?$AAA?$AAu?$AAg?$AAu?$AAs?$AAt?$AA?$AA@ 000000018000e780     libucrt:nlsdata.obj
 0002:00001790       ??_C@_1BE@DKAAMBJL@?$AAS?$AAe?$AAp?$AAt?$AAe?$AAm?$AAb?$AAe?$AAr?$AA?$AA@ 000000018000e790     libucrt:nlsdata.obj
 0002:000017a8       ??_C@_1BA@EPANDLNG@?$AAO?$AAc?$AAt?$AAo?$AAb?$AAe?$AAr?$AA?$AA@ 000000018000e7a8     libucrt:nlsdata.obj
 0002:000017b8       ??_C@_1BC@BGLIFPF@?$AAN?$AAo?$AAv?$AAe?$AAm?$AAb?$AAe?$AAr?$AA?$AA@ 000000018000e7b8     libucrt:nlsdata.obj
 0002:000017d0       ??_C@_1BC@FEMKIFH@?$AAD?$AAe?$AAc?$AAe?$AAm?$AAb?$AAe?$AAr?$AA?$AA@ 000000018000e7d0     libucrt:nlsdata.obj
 0002:000017e4       ??_C@_15ODEHAHHF@?$AAA?$AAM?$AA?$AA@ 000000018000e7e4     libucrt:nlsdata.obj
 0002:000017ec       ??_C@_15CLMNNGEL@?$AAP?$AAM?$AA?$AA@ 000000018000e7ec     libucrt:nlsdata.obj
 0002:000017f8       ??_C@_1BC@IEBCMHCM@?$AAM?$AAM?$AA?1?$AAd?$AAd?$AA?1?$AAy?$AAy?$AA?$AA@ 000000018000e7f8     libucrt:nlsdata.obj
 0002:00001810       ??_C@_1CI@KNAKOEBC@?$AAd?$AAd?$AAd?$AAd?$AA?0?$AA?5?$AAM?$AAM?$AAM?$AAM?$AA?5?$AAd?$AAd?$AA?0?$AA?5?$AAy?$AAy?$AAy?$AAy?$AA?$AA@ 000000018000e810     libucrt:nlsdata.obj
 0002:00001838       ??_C@_1BC@GDGBMEMK@?$AAH?$AAH?$AA?3?$AAm?$AAm?$AA?3?$AAs?$AAs?$AA?$AA@ 000000018000e838     libucrt:nlsdata.obj
 0002:00001850       ??_C@_1M@BMHNFIME@?$AAe?$AAn?$AA?9?$AAU?$AAS?$AA?$AA@ 000000018000e850     libucrt:nlsdata.obj
 0002:00001880       ??_C@_1M@HPNHIDJI@?$AAj?$AAa?$AA?9?$AAJ?$AAP?$AA?$AA@ 000000018000e880     libucrt:mbctype.obj
 0002:00001890       ??_C@_1M@BIBDDEMK@?$AAz?$AAh?$AA?9?$AAC?$AAN?$AA?$AA@ 000000018000e890     libucrt:mbctype.obj
 0002:000018a0       ??_C@_1M@JLOOOEGK@?$AAk?$AAo?$AA?9?$AAK?$AAR?$AA?$AA@ 000000018000e8a0     libucrt:mbctype.obj
 0002:000018b0       ??_C@_1M@CLNBBOPM@?$AAz?$AAh?$AA?9?$AAT?$AAW?$AA?$AA@ 000000018000e8b0     libucrt:mbctype.obj
 0002:00001960       ??_C@_1EA@JGEFHKEI@?$AAa?$AAp?$AAi?$AA?9?$AAm?$AAs?$AA?9?$AAw?$AAi?$AAn?$AA?9?$AAc?$AAo?$AAr?$AAe?$AA?9?$AAd?$AAa?$AAt?$AAe?$AAt?$AAi?$AAm?$AAe?$AA?9?$AAl?$AA1?$AA?9?$AA1?$AA?9?$AA1?$AA?$AA@ 000000018000e960     libucrt:winapi_thunks.obj
 0002:000019a0       ??_C@_1DM@KHCHBNEB@?$AAa?$AAp?$AAi?$AA?9?$AAm?$AAs?$AA?9?$AAw?$AAi?$AAn?$AA?9?$AAc?$AAo?$AAr?$AAe?$AA?9?$AAf?$AAi?$AAb?$AAe?$AAr?$AAs?$AA?9?$AAl?$AA1?$AA?9?$AA1?$AA?9?$AA1?$AA?$AA@ 000000018000e9a0     libucrt:winapi_thunks.obj
 0002:000019e0       ??_C@_1DI@IJCEHOCB@?$AAa?$AAp?$AAi?$AA?9?$AAm?$AAs?$AA?9?$AAw?$AAi?$AAn?$AA?9?$AAc?$AAo?$AAr?$AAe?$AA?9?$AAf?$AAi?$AAl?$AAe?$AA?9?$AAl?$AA1?$AA?9?$AA2?$AA?9?$AA2?$AA?$AA@ 000000018000e9e0     libucrt:winapi_thunks.obj
 0002:00001a20       ??_C@_1EI@MPIAOHOC@?$AAa?$AAp?$AAi?$AA?9?$AAm?$AAs?$AA?9?$AAw?$AAi?$AAn?$AA?9?$AAc?$AAo?$AAr?$AAe?$AA?9?$AAl?$AAo?$AAc?$AAa?$AAl?$AAi?$AAz?$AAa?$AAt?$AAi?$AAo?$AAn?$AA?9?$AAl?$AA1?$AA?9@ 000000018000ea20     libucrt:winapi_thunks.obj
 0002:00001a70       ??_C@_1FK@FPHCKFIE@?$AAa?$AAp?$AAi?$AA?9?$AAm?$AAs?$AA?9?$AAw?$AAi?$AAn?$AA?9?$AAc?$AAo?$AAr?$AAe?$AA?9?$AAl?$AAo?$AAc?$AAa?$AAl?$AAi?$AAz?$AAa?$AAt?$AAi?$AAo?$AAn?$AA?9?$AAo?$AAb?$AAs@ 000000018000ea70     libucrt:winapi_thunks.obj
 0002:00001ad0       ??_C@_1EM@DILCGIIO@?$AAa?$AAp?$AAi?$AA?9?$AAm?$AAs?$AA?9?$AAw?$AAi?$AAn?$AA?9?$AAc?$AAo?$AAr?$AAe?$AA?9?$AAp?$AAr?$AAo?$AAc?$AAe?$AAs?$AAs?$AAt?$AAh?$AAr?$AAe?$AAa?$AAd?$AAs?$AA?9?$AAl@ 000000018000ead0     libucrt:winapi_thunks.obj
 0002:00001b20       ??_C@_1DM@LNCGDDPN@?$AAa?$AAp?$AAi?$AA?9?$AAm?$AAs?$AA?9?$AAw?$AAi?$AAn?$AA?9?$AAc?$AAo?$AAr?$AAe?$AA?9?$AAs?$AAt?$AAr?$AAi?$AAn?$AAg?$AA?9?$AAl?$AA1?$AA?9?$AA1?$AA?9?$AA0?$AA?$AA@ 000000018000eb20     libucrt:winapi_thunks.obj
 0002:00001b60       ??_C@_1DK@LPPGFMPP@?$AAa?$AAp?$AAi?$AA?9?$AAm?$AAs?$AA?9?$AAw?$AAi?$AAn?$AA?9?$AAc?$AAo?$AAr?$AAe?$AA?9?$AAs?$AAy?$AAn?$AAc?$AAh?$AA?9?$AAl?$AA1?$AA?9?$AA2?$AA?9?$AA0?$AA?$AA@ 000000018000eb60     libucrt:winapi_thunks.obj
 0002:00001ba0       ??_C@_1DO@FPAPJEMD@?$AAa?$AAp?$AAi?$AA?9?$AAm?$AAs?$AA?9?$AAw?$AAi?$AAn?$AA?9?$AAc?$AAo?$AAr?$AAe?$AA?9?$AAs?$AAy?$AAs?$AAi?$AAn?$AAf?$AAo?$AA?9?$AAl?$AA1?$AA?9?$AA2?$AA?9?$AA1?$AA?$AA@ 000000018000eba0     libucrt:winapi_thunks.obj
 0002:00001be0       ??_C@_1DK@NDHNAHIO@?$AAa?$AAp?$AAi?$AA?9?$AAm?$AAs?$AA?9?$AAw?$AAi?$AAn?$AA?9?$AAc?$AAo?$AAr?$AAe?$AA?9?$AAw?$AAi?$AAn?$AAr?$AAt?$AA?9?$AAl?$AA1?$AA?9?$AA1?$AA?9?$AA0?$AA?$AA@ 000000018000ebe0     libucrt:winapi_thunks.obj
 0002:00001c20       ??_C@_1DM@KGHDGBCM@?$AAa?$AAp?$AAi?$AA?9?$AAm?$AAs?$AA?9?$AAw?$AAi?$AAn?$AA?9?$AAc?$AAo?$AAr?$AAe?$AA?9?$AAx?$AAs?$AAt?$AAa?$AAt?$AAe?$AA?9?$AAl?$AA2?$AA?9?$AA1?$AA?9?$AA0?$AA?$AA@ 000000018000ec20     libucrt:winapi_thunks.obj
 0002:00001c60       ??_C@_1EO@IJIOEFOH@?$AAa?$AAp?$AAi?$AA?9?$AAm?$AAs?$AA?9?$AAw?$AAi?$AAn?$AA?9?$AAr?$AAt?$AAc?$AAo?$AAr?$AAe?$AA?9?$AAn?$AAt?$AAu?$AAs?$AAe?$AAr?$AA?9?$AAw?$AAi?$AAn?$AAd?$AAo?$AAw?$AA?9@ 000000018000ec60     libucrt:winapi_thunks.obj
 0002:00001cb0       ??_C@_1FG@HHGEKANL@?$AAa?$AAp?$AAi?$AA?9?$AAm?$AAs?$AA?9?$AAw?$AAi?$AAn?$AA?9?$AAs?$AAe?$AAc?$AAu?$AAr?$AAi?$AAt?$AAy?$AA?9?$AAs?$AAy?$AAs?$AAt?$AAe?$AAm?$AAf?$AAu?$AAn?$AAc?$AAt?$AAi@ 000000018000ecb0     libucrt:winapi_thunks.obj
 0002:00001d10       ??_C@_1EG@DBIOJECG@?$AAe?$AAx?$AAt?$AA?9?$AAm?$AAs?$AA?9?$AAw?$AAi?$AAn?$AA?9?$AAn?$AAt?$AAu?$AAs?$AAe?$AAr?$AA?9?$AAd?$AAi?$AAa?$AAl?$AAo?$AAg?$AAb?$AAo?$AAx?$AA?9?$AAl?$AA1?$AA?9?$AA1@ 000000018000ed10     libucrt:winapi_thunks.obj
 0002:00001d60       ??_C@_1EO@FIHMJCLF@?$AAe?$AAx?$AAt?$AA?9?$AAm?$AAs?$AA?9?$AAw?$AAi?$AAn?$AA?9?$AAn?$AAt?$AAu?$AAs?$AAe?$AAr?$AA?9?$AAw?$AAi?$AAn?$AAd?$AAo?$AAw?$AAs?$AAt?$AAa?$AAt?$AAi?$AAo?$AAn?$AA?9@ 000000018000ed60     libucrt:winapi_thunks.obj
 0002:00001db0       ??_C@_1BC@DNHGCMLG@?$AAa?$AAd?$AAv?$AAa?$AAp?$AAi?$AA3?$AA2?$AA?$AA@ 000000018000edb0     libucrt:winapi_thunks.obj
 0002:00001dc8       ??_C@_1BC@GDMECMAK@?$AAk?$AAe?$AAr?$AAn?$AAe?$AAl?$AA3?$AA2?$AA?$AA@ 000000018000edc8     libucrt:winapi_thunks.obj
 0002:00001de0       ??_C@_1M@OAIMIKLP@?$AAn?$AAt?$AAd?$AAl?$AAl?$AA?$AA@ 000000018000ede0     libucrt:winapi_thunks.obj
 0002:00001df0       ??_C@_1EG@DPGNFKGC@?$AAa?$AAp?$AAi?$AA?9?$AAm?$AAs?$AA?9?$AAw?$AAi?$AAn?$AA?9?$AAa?$AAp?$AAp?$AAm?$AAo?$AAd?$AAe?$AAl?$AA?9?$AAr?$AAu?$AAn?$AAt?$AAi?$AAm?$AAe?$AA?9?$AAl?$AA1?$AA?9?$AA1@ 000000018000edf0     libucrt:winapi_thunks.obj
 0002:00001e38       ??_C@_1O@BCCLBEOE@?$AAu?$AAs?$AAe?$AAr?$AA3?$AA2?$AA?$AA@ 000000018000ee38     libucrt:winapi_thunks.obj
 0002:00001e48       ??_C@_1BA@PFFKHIOG@?$AAa?$AAp?$AAi?$AA?9?$AAm?$AAs?$AA?9?$AA?$AA@ 000000018000ee48     libucrt:winapi_thunks.obj
 0002:00001e58       ??_C@_1BA@IAIFMGEF@?$AAe?$AAx?$AAt?$AA?9?$AAm?$AAs?$AA?9?$AA?$AA@ 000000018000ee58     libucrt:winapi_thunks.obj
 0002:00001e70       ??_C@_0BA@FHFNEAED@AreFileApisANSI?$AA@ 000000018000ee70     libucrt:winapi_thunks.obj
 0002:00001e88       ??_C@_08KNHFBNJ@FlsAlloc?$AA@ 000000018000ee88     libucrt:winapi_thunks.obj
 0002:00001ea0       ??_C@_07PEJMOBNF@FlsFree?$AA@ 000000018000eea0     libucrt:winapi_thunks.obj
 0002:00001eb0       ??_C@_0M@GDNOONDI@FlsGetValue?$AA@ 000000018000eeb0     libucrt:winapi_thunks.obj
 0002:00001ec8       ??_C@_0M@JCPCPOEF@FlsSetValue?$AA@ 000000018000eec8     libucrt:winapi_thunks.obj
 0002:00001ee0       ??_C@_0BM@HCFOFFN@InitializeCriticalSectionEx?$AA@ 000000018000eee0     libucrt:winapi_thunks.obj
 0002:00001f08       ??_C@_0O@KKBNKAPF@LCMapStringEx?$AA@ 000000018000ef08     libucrt:winapi_thunks.obj
 0002:00001f20       ??_C@_0BB@HBDEELFH@LocaleNameToLCID?$AA@ 000000018000ef20     libucrt:winapi_thunks.obj
 0002:00001f38       ??_C@_0CF@OJOFEIGO@AppPolicyGetProcessTerminationMe@ 000000018000ef38     libucrt:winapi_thunks.obj
 0002:00001f60       __newctype                 000000018000ef60     libucrt:ctype.obj
 0002:00002260       __newclmap                 000000018000f260     libucrt:ctype.obj
 0002:000023e0       __newcumap                 000000018000f3e0     libucrt:ctype.obj
 0002:00002560       ??_C@_15PJPFLCCM@?$AAu?$AAk?$AA?$AA@ 000000018000f560     libucrt:get_qualified_locale.obj
 0002:000033b0       ??_C@_15EMKDOKLE@?$AAa?$AAr?$AA?$AA@ 00000001800103b0     libucrt:lcidtoname_downlevel.obj
 0002:000033b8       ??_C@_15KNPADPLH@?$AAb?$AAg?$AA?$AA@ 00000001800103b8     libucrt:lcidtoname_downlevel.obj
 0002:000033c0       ??_C@_15EDMHLDMO@?$AAc?$AAa?$AA?$AA@ 00000001800103c0     libucrt:lcidtoname_downlevel.obj
 0002:000033c8       ??_C@_1O@BPEAJADD@?$AAz?$AAh?$AA?9?$AAC?$AAH?$AAS?$AA?$AA@ 00000001800103c8     libucrt:lcidtoname_downlevel.obj
 0002:000033d8       ??_C@_15LJNHCMNK@?$AAc?$AAs?$AA?$AA@ 00000001800103d8     libucrt:lcidtoname_downlevel.obj
 0002:000033e0       ??_C@_15FOMCIDHG@?$AAd?$AAa?$AA?$AA@ 00000001800103e0     libucrt:lcidtoname_downlevel.obj
 0002:000033e8       ??_C@_15NBKABECB@?$AAd?$AAe?$AA?$AA@ 00000001800103e8     libucrt:lcidtoname_downlevel.obj
 0002:000033f0       ??_C@_15GHPEIIAO@?$AAe?$AAl?$AA?$AA@ 00000001800103f0     libucrt:lcidtoname_downlevel.obj
 0002:000033f8       ??_C@_15MNPNEAIF@?$AAe?$AAn?$AA?$AA@ 00000001800103f8     libucrt:lcidtoname_downlevel.obj
 0002:00003400       ??_C@_15GPIOMPMH@?$AAe?$AAs?$AA?$AA@ 0000000180010400     libucrt:lcidtoname_downlevel.obj
 0002:00003408       ??_C@_15NGLOAKJC@?$AAf?$AAi?$AA?$AA@ 0000000180010408     libucrt:lcidtoname_downlevel.obj
 0002:00003410       ??_C@_15FBKGNKAM@?$AAf?$AAr?$AA?$AA@ 0000000180010410     libucrt:lcidtoname_downlevel.obj
 0002:00003418       ??_C@_15KGGCNEFK@?$AAh?$AAe?$AA?$AA@ 0000000180010418     libucrt:lcidtoname_downlevel.obj
 0002:00003420       ??_C@_15PGHLIDMF@?$AAh?$AAu?$AA?$AA@ 0000000180010420     libucrt:lcidtoname_downlevel.obj
 0002:00003428       ??_C@_15BIEMAPLM@?$AAi?$AAs?$AA?$AA@ 0000000180010428     libucrt:lcidtoname_downlevel.obj
 0002:00003430       ??_C@_15IFJLDHAF@?$AAi?$AAt?$AA?$AA@ 0000000180010430     libucrt:lcidtoname_downlevel.obj
 0002:00003438       ??_C@_15GEMIOCAG@?$AAj?$AAa?$AA?$AA@ 0000000180010438     libucrt:lcidtoname_downlevel.obj
 0002:00003440       ??_C@_15EPELEGJA@?$AAk?$AAo?$AA?$AA@ 0000000180010440     libucrt:lcidtoname_downlevel.obj
 0002:00003448       ??_C@_15NDDHIMN@?$AAn?$AAl?$AA?$AA@ 0000000180010448     libucrt:lcidtoname_downlevel.obj
 0002:00003450       ??_C@_15BPIGNHCD@?$AAn?$AAo?$AA?$AA@ 0000000180010450     libucrt:lcidtoname_downlevel.obj
 0002:00003458       ??_C@_15DEOPBLCG@?$AAp?$AAl?$AA?$AA@ 0000000180010458     libucrt:lcidtoname_downlevel.obj
 0002:00003460       ??_C@_15KBECGEFG@?$AAp?$AAt?$AA?$AA@ 0000000180010460     libucrt:lcidtoname_downlevel.obj
 0002:00003468       ??_C@_15GLJCBFMD@?$AAr?$AAo?$AA?$AA@ 0000000180010468     libucrt:lcidtoname_downlevel.obj
 0002:00003470       ??_C@_15FEDGKCDI@?$AAr?$AAu?$AA?$AA@ 0000000180010470     libucrt:lcidtoname_downlevel.obj
 0002:00003478       ??_C@_15GLKMLLHM@?$AAh?$AAr?$AA?$AA@ 0000000180010478     libucrt:lcidtoname_downlevel.obj
 0002:00003480       ??_C@_15CPKMFBDB@?$AAs?$AAk?$AA?$AA@ 0000000180010480     libucrt:lcidtoname_downlevel.obj
 0002:00003488       ??_C@_15BAAIOGMK@?$AAs?$AAq?$AA?$AA@ 0000000180010488     libucrt:lcidtoname_downlevel.obj
 0002:00003490       ??_C@_15INNPNOHD@?$AAs?$AAv?$AA?$AA@ 0000000180010490     libucrt:lcidtoname_downlevel.obj
 0002:00003498       ??_C@_15CABMMOGH@?$AAt?$AAh?$AA?$AA@ 0000000180010498     libucrt:lcidtoname_downlevel.obj
 0002:000034a0       ??_C@_15BPLIHJJM@?$AAt?$AAr?$AA?$AA@ 00000001800104a0     libucrt:lcidtoname_downlevel.obj
 0002:000034a8       ??_C@_15NEOEKKDJ@?$AAu?$AAr?$AA?$AA@ 00000001800104a8     libucrt:lcidtoname_downlevel.obj
 0002:000034b0       ??_C@_15NFICGAJK@?$AAi?$AAd?$AA?$AA@ 00000001800104b0     libucrt:lcidtoname_downlevel.obj
 0002:000034b8       ??_C@_15HPJPHDM@?$AAb?$AAe?$AA?$AA@ 00000001800104b8     libucrt:lcidtoname_downlevel.obj
 0002:000034c0       ??_C@_15LCHLGJII@?$AAs?$AAl?$AA?$AA@ 00000001800104c0     libucrt:lcidtoname_downlevel.obj
 0002:000034c8       ??_C@_15PCFJPHHO@?$AAe?$AAt?$AA?$AA@ 00000001800104c8     libucrt:lcidtoname_downlevel.obj
 0002:000034d0       ??_C@_15HPFPGODN@?$AAl?$AAv?$AA?$AA@ 00000001800104d0     libucrt:lcidtoname_downlevel.obj
 0002:000034d8       ??_C@_15NFFGKGLG@?$AAl?$AAt?$AA?$AA@ 00000001800104d8     libucrt:lcidtoname_downlevel.obj
 0002:000034e0       ??_C@_15BDAKCCHN@?$AAf?$AAa?$AA?$AA@ 00000001800104e0     libucrt:lcidtoname_downlevel.obj
 0002:000034e8       ??_C@_15NFGIAIAJ@?$AAv?$AAi?$AA?$AA@ 00000001800104e8     libucrt:lcidtoname_downlevel.obj
 0002:000034f0       ??_C@_15LMKNDMHN@?$AAh?$AAy?$AA?$AA@ 00000001800104f0     libucrt:lcidtoname_downlevel.obj
 0002:000034f8       ??_C@_15IJBHMCFL@?$AAa?$AAz?$AA?$AA@ 00000001800104f8     libucrt:lcidtoname_downlevel.obj
 0002:00003500       ??_C@_15EKOFJABL@?$AAe?$AAu?$AA?$AA@ 0000000180010500     libucrt:lcidtoname_downlevel.obj
 0002:00003508       ??_C@_15BGHADCNK@?$AAm?$AAk?$AA?$AA@ 0000000180010508     libucrt:lcidtoname_downlevel.obj
 0002:00003510       ??_C@_15JDNICKHM@?$AAa?$AAf?$AA?$AA@ 0000000180010510     libucrt:lcidtoname_downlevel.obj
 0002:00003518       ??_C@_15KPJEDBKD@?$AAk?$AAa?$AA?$AA@ 0000000180010518     libucrt:lcidtoname_downlevel.obj
 0002:00003520       ??_C@_15PDNFFFEO@?$AAf?$AAo?$AA?$AA@ 0000000180010520     libucrt:lcidtoname_downlevel.obj
 0002:00003528       ??_C@_15OMLEGLOC@?$AAh?$AAi?$AA?$AA@ 0000000180010528     libucrt:lcidtoname_downlevel.obj
 0002:00003530       ??_C@_15IDNNENKK@?$AAm?$AAs?$AA?$AA@ 0000000180010530     libucrt:lcidtoname_downlevel.obj
 0002:00003538       ??_C@_15MACJNBMH@?$AAk?$AAk?$AA?$AA@ 0000000180010538     libucrt:lcidtoname_downlevel.obj
 0002:00003540       ??_C@_15DKDJEOND@?$AAk?$AAy?$AA?$AA@ 0000000180010540     libucrt:lcidtoname_downlevel.obj
 0002:00003548       ??_C@_15DFGDLJBG@?$AAs?$AAw?$AA?$AA@ 0000000180010548     libucrt:lcidtoname_downlevel.obj
 0002:00003550       ??_C@_15BBFAICNG@?$AAu?$AAz?$AA?$AA@ 0000000180010550     libucrt:lcidtoname_downlevel.obj
 0002:00003558       ??_C@_15DKNDCGEA@?$AAt?$AAt?$AA?$AA@ 0000000180010558     libucrt:lcidtoname_downlevel.obj
 0002:00003560       ??_C@_15MGIFMDPL@?$AAp?$AAa?$AA?$AA@ 0000000180010560     libucrt:lcidtoname_downlevel.obj
 0002:00003568       ??_C@_15HCNDBBA@?$AAg?$AAu?$AA?$AA@ 0000000180010568     libucrt:lcidtoname_downlevel.obj
 0002:00003570       ??_C@_15FNBEIBON@?$AAt?$AAa?$AA?$AA@ 0000000180010570     libucrt:lcidtoname_downlevel.obj
 0002:00003578       ??_C@_15NCHGBGLK@?$AAt?$AAe?$AA?$AA@ 0000000180010578     libucrt:lcidtoname_downlevel.obj
 0002:00003580       ??_C@_15PHPHCBPF@?$AAk?$AAn?$AA?$AA@ 0000000180010580     libucrt:lcidtoname_downlevel.obj
 0002:00003588       ??_C@_15DLGBCKMP@?$AAm?$AAr?$AA?$AA@ 0000000180010588     libucrt:lcidtoname_downlevel.obj
 0002:00003590       ??_C@_15EABBLBFF@?$AAs?$AAa?$AA?$AA@ 0000000180010590     libucrt:lcidtoname_downlevel.obj
 0002:00003598       ??_C@_15CBKOMCOI@?$AAm?$AAn?$AA?$AA@ 0000000180010598     libucrt:lcidtoname_downlevel.obj
 0002:000035a0       ??_C@_15CKDMCJAF@?$AAg?$AAl?$AA?$AA@ 00000001800105a0     libucrt:lcidtoname_downlevel.obj
 0002:000035a8       ??_C@_17CNJFBPG@?$AAk?$AAo?$AAk?$AA?$AA@ 00000001800105a8     libucrt:lcidtoname_downlevel.obj
 0002:000035b0       ??_C@_17FFBJICPL@?$AAs?$AAy?$AAr?$AA?$AA@ 00000001800105b0     libucrt:lcidtoname_downlevel.obj
 0002:000035b8       ??_C@_17KPNDCPAF@?$AAd?$AAi?$AAv?$AA?$AA@ 00000001800105b8     libucrt:lcidtoname_downlevel.obj
 0002:000035c0       ??_C@_11LOCGONAA@?$AA?$AA@ 00000001800105c0     libucrt:lcidtoname_downlevel.obj
 0002:000035c8       ??_C@_1M@OKAHONE@?$AAa?$AAr?$AA?9?$AAS?$AAA?$AA?$AA@ 00000001800105c8     libucrt:lcidtoname_downlevel.obj
 0002:000035d8       ??_C@_1M@FFFIGIGK@?$AAb?$AAg?$AA?9?$AAB?$AAG?$AA?$AA@ 00000001800105d8     libucrt:lcidtoname_downlevel.obj
 0002:000035e8       ??_C@_1M@BJNKEDC@?$AAc?$AAa?$AA?9?$AAE?$AAS?$AA?$AA@ 00000001800105e8     libucrt:lcidtoname_downlevel.obj
 0002:000035f8       ??_C@_1M@IJJHFJHA@?$AAc?$AAs?$AA?9?$AAC?$AAZ?$AA?$AA@ 00000001800105f8     libucrt:lcidtoname_downlevel.obj
 0002:00003608       ??_C@_1M@CLPEOBGI@?$AAd?$AAa?$AA?9?$AAD?$AAK?$AA?$AA@ 0000000180010608     libucrt:lcidtoname_downlevel.obj
 0002:00003618       ??_C@_1M@MCMADGCB@?$AAd?$AAe?$AA?9?$AAD?$AAE?$AA?$AA@ 0000000180010618     libucrt:lcidtoname_downlevel.obj
 0002:00003628       ??_C@_1M@OOCKEMAM@?$AAe?$AAl?$AA?9?$AAG?$AAR?$AA?$AA@ 0000000180010628     libucrt:lcidtoname_downlevel.obj
 0002:00003638       ??_C@_1M@DDNJFGID@?$AAf?$AAi?$AA?9?$AAF?$AAI?$AA?$AA@ 0000000180010638     libucrt:lcidtoname_downlevel.obj
 0002:00003648       ??_C@_1M@GLIPPMAC@?$AAf?$AAr?$AA?9?$AAF?$AAR?$AA?$AA@ 0000000180010648     libucrt:lcidtoname_downlevel.obj
 0002:00003658       ??_C@_1M@GFMCHPE@?$AAh?$AAe?$AA?9?$AAI?$AAL?$AA?$AA@ 0000000180010658     libucrt:lcidtoname_downlevel.obj
 0002:00003668       ??_C@_1M@MHLPGNKM@?$AAh?$AAu?$AA?9?$AAH?$AAU?$AA?$AA@ 0000000180010668     libucrt:lcidtoname_downlevel.obj
 0002:00003678       ??_C@_1M@LPDDNNPN@?$AAi?$AAs?$AA?9?$AAI?$AAS?$AA?$AA@ 0000000180010678     libucrt:lcidtoname_downlevel.obj
 0002:00003688       ??_C@_1M@MADIPODN@?$AAi?$AAt?$AA?9?$AAI?$AAT?$AA?$AA@ 0000000180010688     libucrt:lcidtoname_downlevel.obj
 0002:00003698       ??_C@_1M@IHBJJGG@?$AAn?$AAl?$AA?9?$AAN?$AAL?$AA?$AA@ 0000000180010698     libucrt:lcidtoname_downlevel.obj
 0002:000036a8       ??_C@_1M@EANAGDL@?$AAn?$AAb?$AA?9?$AAN?$AAO?$AA?$AA@ 00000001800106a8     libucrt:lcidtoname_downlevel.obj
 0002:000036b8       ??_C@_1M@NEIEMEGP@?$AAp?$AAl?$AA?9?$AAP?$AAL?$AA?$AA@ 00000001800106b8     libucrt:lcidtoname_downlevel.obj
 0002:000036c8       ??_C@_1M@BOCFIGEP@?$AAp?$AAt?$AA?9?$AAB?$AAR?$AA?$AA@ 00000001800106c8     libucrt:lcidtoname_downlevel.obj
 0002:000036d8       ??_C@_1M@IMPFOPBG@?$AAr?$AAo?$AA?9?$AAR?$AAO?$AA?$AA@ 00000001800106d8     libucrt:lcidtoname_downlevel.obj
 0002:000036e8       ??_C@_1M@IDNNEJMM@?$AAr?$AAu?$AA?9?$AAR?$AAU?$AA?$AA@ 00000001800106e8     libucrt:lcidtoname_downlevel.obj
 0002:000036f8       ??_C@_1M@LILEEOGM@?$AAh?$AAr?$AA?9?$AAH?$AAR?$AA?$AA@ 00000001800106f8     libucrt:lcidtoname_downlevel.obj
 0002:00003708       ??_C@_1M@FKIFEHPB@?$AAs?$AAk?$AA?9?$AAS?$AAK?$AA?$AA@ 0000000180010708     libucrt:lcidtoname_downlevel.obj
 0002:00003718       ??_C@_1M@LJMAMNPJ@?$AAs?$AAq?$AA?9?$AAA?$AAL?$AA?$AA@ 0000000180010718     libucrt:lcidtoname_downlevel.obj
 0002:00003728       ??_C@_1M@GIAKDKJK@?$AAs?$AAv?$AA?9?$AAS?$AAE?$AA?$AA@ 0000000180010728     libucrt:lcidtoname_downlevel.obj
 0002:00003738       ??_C@_1M@MKJKIKCL@?$AAt?$AAh?$AA?9?$AAT?$AAH?$AA?$AA@ 0000000180010738     libucrt:lcidtoname_downlevel.obj
 0002:00003748       ??_C@_1M@MFLCCMPB@?$AAt?$AAr?$AA?9?$AAT?$AAR?$AA?$AA@ 0000000180010748     libucrt:lcidtoname_downlevel.obj
 0002:00003758       ??_C@_1M@OIJHDKJN@?$AAu?$AAr?$AA?9?$AAP?$AAK?$AA?$AA@ 0000000180010758     libucrt:lcidtoname_downlevel.obj
 0002:00003768       ??_C@_1M@LHIPCIEK@?$AAi?$AAd?$AA?9?$AAI?$AAD?$AA?$AA@ 0000000180010768     libucrt:lcidtoname_downlevel.obj
 0002:00003778       ??_C@_1M@MFMOBGI@?$AAu?$AAk?$AA?9?$AAU?$AAA?$AA?$AA@ 0000000180010778     libucrt:lcidtoname_downlevel.obj
 0002:00003788       ??_C@_1M@OBGLJIPL@?$AAb?$AAe?$AA?9?$AAB?$AAY?$AA?$AA@ 0000000180010788     libucrt:lcidtoname_downlevel.obj
 0002:00003798       ??_C@_1M@BCFAJEAD@?$AAs?$AAl?$AA?9?$AAS?$AAI?$AA?$AA@ 0000000180010798     libucrt:lcidtoname_downlevel.obj
 0002:000037a8       ??_C@_1M@FKFFEDDN@?$AAe?$AAt?$AA?9?$AAE?$AAE?$AA?$AA@ 00000001800107a8     libucrt:lcidtoname_downlevel.obj
 0002:000037b8       ??_C@_1M@KGKKAACI@?$AAl?$AAv?$AA?9?$AAL?$AAV?$AA?$AA@ 00000001800107b8     libucrt:lcidtoname_downlevel.obj
 0002:000037c8       ??_C@_1M@IFGBIJO@?$AAl?$AAt?$AA?9?$AAL?$AAT?$AA?$AA@ 00000001800107c8     libucrt:lcidtoname_downlevel.obj
 0002:000037d8       ??_C@_1M@FGEAHEDM@?$AAf?$AAa?$AA?9?$AAI?$AAR?$AA?$AA@ 00000001800107d8     libucrt:lcidtoname_downlevel.obj
 0002:000037e8       ??_C@_1M@KBMAIBFN@?$AAv?$AAi?$AA?9?$AAV?$AAN?$AA?$AA@ 00000001800107e8     libucrt:lcidtoname_downlevel.obj
 0002:000037f8       ??_C@_1M@GPCBKDJK@?$AAh?$AAy?$AA?9?$AAA?$AAM?$AA?$AA@ 00000001800107f8     libucrt:lcidtoname_downlevel.obj
 0002:00003808       ??_C@_1BG@BECMDDJB@?$AAa?$AAz?$AA?9?$AAA?$AAZ?$AA?9?$AAL?$AAa?$AAt?$AAn?$AA?$AA@ 0000000180010808     libucrt:lcidtoname_downlevel.obj
 0002:00003820       ??_C@_1M@MAOFCAEA@?$AAe?$AAu?$AA?9?$AAE?$AAS?$AA?$AA@ 0000000180010820     libucrt:lcidtoname_downlevel.obj
 0002:00003830       ??_C@_1M@IGHABKPI@?$AAm?$AAk?$AA?9?$AAM?$AAK?$AA?$AA@ 0000000180010830     libucrt:lcidtoname_downlevel.obj
 0002:00003840       ??_C@_1M@IAIGNEJG@?$AAt?$AAn?$AA?9?$AAZ?$AAA?$AA?$AA@ 0000000180010840     libucrt:lcidtoname_downlevel.obj
 0002:00003850       ??_C@_1M@IIJCOJFA@?$AAx?$AAh?$AA?9?$AAZ?$AAA?$AA?$AA@ 0000000180010850     libucrt:lcidtoname_downlevel.obj
 0002:00003860       ??_C@_1M@LGPJHNJH@?$AAz?$AAu?$AA?9?$AAZ?$AAA?$AA?$AA@ 0000000180010860     libucrt:lcidtoname_downlevel.obj
[...]
 0004:000006f0       $pdata$__acrt_initialize_command_line 00000001800196f0     libucrt:argv_data.obj
 0004:000006fc       $pdata$__acrt_WideCharToMultiByte 00000001800196fc     libucrt:widechartomultibyte.obj
 0004:00000708       $pdata$__dcrt_get_narrow_environment_from_os 0000000180019708     libucrt:get_environment_from_os.obj
 0004:00000714       $pdata$_recalloc_base      0000000180019714     libucrt:recalloc.obj
 0004:00000720       $pdata$?try_get_function@@YAPEAXW4function_id@?A0x391cf84c@@QEBDQEBW4module_id@2@2@Z 0000000180019720     libucrt:winapi_thunks.obj
 0004:0000072c       $pdata$__acrt_AppPolicyGetProcessTerminationMethodInternal 000000018001972c     libucrt:winapi_thunks.obj
 0004:00000738       $pdata$__acrt_AreFileApisANSI 0000000180019738     libucrt:winapi_thunks.obj
 0004:00000744       $pdata$__acrt_FlsAlloc     0000000180019744     libucrt:winapi_thunks.obj
 0004:00000750       $pdata$__acrt_FlsFree      0000000180019750     libucrt:winapi_thunks.obj
 0004:0000075c       $pdata$__acrt_FlsGetValue  000000018001975c     libucrt:winapi_thunks.obj
 0004:00000768       $pdata$__acrt_FlsSetValue  0000000180019768     libucrt:winapi_thunks.obj
 0004:00000774       $pdata$__acrt_InitializeCriticalSectionEx 0000000180019774     libucrt:winapi_thunks.obj
 0004:00000780       $pdata$__acrt_LCMapStringEx 0000000180019780     libucrt:winapi_thunks.obj
 0004:0000078c       $pdata$__acrt_LocaleNameToLCID 000000018001978c     libucrt:winapi_thunks.obj
 0004:00000798       $pdata$__acrt_initialize_winapi_thunks 0000000180019798     libucrt:winapi_thunks.obj
 0004:000007a4       $pdata$__acrt_uninitialize_winapi_thunks 00000001800197a4     libucrt:winapi_thunks.obj
 0004:000007b0       $pdata$__acrt_initialize_heap 00000001800197b0     libucrt:heap_handle.obj
 0004:000007bc       $pdata$?initialize_inherited_file_handles_nolock@@YAXXZ 00000001800197bc     libucrt:ioinit.obj
 0004:000007c8       $pdata$?initialize_stdio_handles_nolock@@YAXXZ 00000001800197c8     libucrt:ioinit.obj
 0004:000007d4       $pdata$__acrt_initialize_lowio 00000001800197d4     libucrt:ioinit.obj
 0004:000007e0       $pdata$__acrt_uninitialize_lowio 00000001800197e0     libucrt:ioinit.obj
 0004:000007ec       $pdata$__acrt_execute_initializers 00000001800197ec     libucrt:shared_initialization.obj
 0004:000007f8       $pdata$__acrt_execute_uninitializers 00000001800197f8     libucrt:shared_initialization.obj
 0004:00000804       $pdata$_callnewh           0000000180019804     libucrt:new_handler.obj
 0004:00000810       $pdata$_query_new_handler  0000000180019810     libucrt:new_handler.obj
 0004:0000081c       $pdata$??$?RV<lambda_450d765d439847d4c735a33c368b5fc0>@@AEAV<lambda_44731a7d0e6d81c3e6aa82d741081786>@@V<lambda_601a2a7da3b7a96e9554ac7215c4b07c>@@@?$__crt_seh_guarded_call@P6AXH@Z@@QEAAP6AXH@Z$$QEAV<lambda_450d765d439847d4c735a33c368b5fc0>@@AEAV<lambda_44731a7d0e6d81c3e6aa82d741081786>@@$$QEAV<lambda_601a2a7da3b7a96e9554ac7215c4b07c>@@@Z 000000018001981c     libucrt:signal.obj
 0004:00000828       $pdata$__acrt_get_sigabrt_handler 0000000180019828     libucrt:signal.obj
 0004:00000834       $pdata$raise               0000000180019834     libucrt:signal.obj
 0004:00000840       $pdata$??$?RV<lambda_842d9ff0dc9ef11c61343bbaebe7f885>@@AEAV<lambda_c5860995281e5c4ce005b3de8f5874ee>@@V<lambda_d90129c13df834fdcbf8d2b88dafcf2d>@@@?$__crt_seh_guarded_call@X@@QEAAX$$QEAV<lambda_842d9ff0dc9ef11c61343bbaebe7f885>@@AEAV<lambda_c5860995281e5c4ce005b3de8f5874ee>@@$$QEAV<lambda_d90129c13df834fdcbf8d2b88dafcf2d>@@@Z 0000000180019840     libucrt:fflush.obj
 0004:0000084c       $pdata$??$?RV<lambda_886d6c58226a84441f68b9f2b8217b83>@@AEAV<lambda_ab61a845afdef5b7c387490eaf3616ee>@@V<lambda_f7f22ab5edc0698d5f6905b0d3f44752>@@@?$__crt_seh_guarded_call@X@@QEAAX$$QEAV<lambda_886d6c58226a84441f68b9f2b8217b83>@@AEAV<lambda_ab61a845afdef5b7c387490eaf3616ee>@@$$QEAV<lambda_f7f22ab5edc0698d5f6905b0d3f44752>@@@Z 000000018001984c     libucrt:fflush.obj
 0004:00000858       $pdata$?common_flush_all@@YAH_N@Z 0000000180019858     libucrt:fflush.obj
 0004:00000864       $pdata$__acrt_stdio_flush_nolock 0000000180019864     libucrt:fflush.obj
 0004:00000870       $pdata$_fflush_nolock      0000000180019870     libucrt:fflush.obj
 0004:0000087c       $pdata$__acrt_initialize_stdio 000000018001987c     libucrt:_file.obj
 0004:00000888       $pdata$__acrt_uninitialize_stdio 0000000180019888     libucrt:_file.obj
 0004:00000894       $pdata$_malloc_base        0000000180019894     libucrt:malloc_base.obj
 0004:000008a0       $pdata$_mbtowc_l           00000001800198a0     libucrt:mbtowc.obj
 0004:000008ac       $pdata$_fileno             00000001800198ac     libucrt:fileno.obj
 0004:000008b8       $pdata$__pctype_func       00000001800198b8     libucrt:ctype.obj
 0004:000008c4       $pdata$_isleadbyte_l       00000001800198c4     libucrt:_wctype.obj
 0004:000008d0       $pdata$?__acrt_LCMapStringA_stat@@YAHPEAU__crt_locale_pointers@@PEB_WKPEBDHPEADHHH@Z 00000001800198d0     libucrt:lcmapstringa.obj
 0004:000008dc       $pdata$__acrt_LCMapStringA 00000001800198dc     libucrt:lcmapstringa.obj
 0004:000008e8       $pdata$__acrt_free_locale  00000001800198e8     libucrt:locale_refcounting.obj
 0004:000008f4       $pdata$__acrt_locale_free_lc_time_if_unreferenced 00000001800198f4     libucrt:locale_refcounting.obj
 0004:00000900       $pdata$__acrt_release_locale_ref 0000000180019900     libucrt:locale_refcounting.obj
 0004:0000090c       $pdata$__acrt_update_thread_locale_data 000000018001990c     libucrt:locale_refcounting.obj
 0004:00000918       $pdata$_updatetlocinfoEx_nolock 0000000180019918     libucrt:locale_refcounting.obj
 0004:00000924       $pdata$__acrt_locale_free_monetary 0000000180019924     libucrt:initmon.obj
 0004:00000930       $pdata$__acrt_locale_free_numeric 0000000180019930     libucrt:initnum.obj
 0004:0000093c       $pdata$?free_crt_array_internal@@YAXQEAPEBX_K@Z 000000018001993c     libucrt:inittime.obj
 0004:00000948       $pdata$__acrt_locale_free_time 0000000180019948     libucrt:inittime.obj
 0004:00000954       $pdata$__acrt_GetStringTypeA 0000000180019954     libucrt:getstringtypea.obj
 0004:00000960       $pdata$qsort               0000000180019960     libucrt:qsort.obj
 0004:0000096c       $pdata$4$qsort             000000018001996c     libucrt:qsort.obj
 0004:00000978       $pdata$5$qsort             0000000180019978     libucrt:qsort.obj
 0004:00000984       $pdata$strncpy_s           0000000180019984     libucrt:strncpy_s.obj
 0004:00000990       $pdata$fallbackMethod      0000000180019990     libucrt:strpbrk.obj
 0004:0000099c       $pdata$strpbrk             000000018001999c     libucrt:strpbrk.obj
 0004:000009a8       $pdata$_mbsdec_l           00000001800199a8     libucrt:mbsdec.obj
 0004:000009b4       $pdata$?initialize_multibyte@@YAHXZ 00000001800199b4     libucrt:multibyte_initializer.obj
 0004:000009c0       $pdata$_msize_base         00000001800199c0     libucrt:msize.obj
 0004:000009cc       $pdata$_realloc_base       00000001800199cc     libucrt:realloc_base.obj
 0004:000009d8       $pdata$?GetTableIndexFromLocaleName@@YAHPEB_W@Z 00000001800199d8     libucrt:lcidtoname_downlevel.obj
 0004:000009e4       $pdata$__acrt_DownlevelLocaleNameToLCID 00000001800199e4     libucrt:lcidtoname_downlevel.obj
 0004:000009f0       $pdata$__acrt_lowio_create_handle_array 00000001800199f0     libucrt:osfinfo.obj
 0004:000009fc       $pdata$__acrt_lowio_destroy_handle_array 00000001800199fc     libucrt:osfinfo.obj
 0004:00000a08       $pdata$__acrt_lowio_ensure_fh_exists 0000000180019a08     libucrt:osfinfo.obj
 0004:00000a14       $pdata$_free_osfhnd        0000000180019a14     libucrt:osfinfo.obj
 0004:00000a20       $pdata$_get_osfhandle      0000000180019a20     libucrt:osfinfo.obj
 0004:00000a2c       $pdata$??$?RV<lambda_a37b2b86f63e897a80ea819b0eb08c01>@@AEAV<lambda_38ce7e780aa69e748d6df282ebc68efe>@@V<lambda_99fb1378e971ab6e7edea83e3a7a83a2>@@@?$__crt_seh_guarded_call@H@@QEAAH$$QEAV<lambda_a37b2b86f63e897a80ea819b0eb08c01>@@AEAV<lambda_38ce7e780aa69e748d6df282ebc68efe>@@$$QEAV<lambda_99fb1378e971ab6e7edea83e3a7a83a2>@@@Z 0000000180019a2c     libucrt:commit.obj
 0004:00000a38       $pdata$_commit             0000000180019a38     libucrt:commit.obj
 0004:00000a44       $pdata$?write_double_translated_ansi_nolock@@YA?AUwrite_result@?A0x17268360@@HQEBDI@Z 0000000180019a44     libucrt:write.obj
 0004:00000a50       $pdata$?write_text_ansi_nolock@@YA?AUwrite_result@?A0x17268360@@HQEBDI@Z 0000000180019a50     libucrt:write.obj
 0004:00000a5c       $pdata$?write_text_utf16le_nolock@@YA?AUwrite_result@?A0x17268360@@HQEBDI@Z 0000000180019a5c     libucrt:write.obj
 0004:00000a68       $pdata$?write_text_utf8_nolock@@YA?AUwrite_result@?A0x17268360@@HQEBDI@Z 0000000180019a68     libucrt:write.obj
 0004:00000a74       $pdata$_write              0000000180019a74     libucrt:write.obj
 0004:00000a80       $pdata$_write_nolock       0000000180019a80     libucrt:write.obj
 0004:00000a8c       $pdata$_fcloseall          0000000180019a8c     libucrt:closeall.obj
 0004:00000a98       $pdata$__acrt_stdio_free_buffer_nolock 0000000180019a98     libucrt:_freebuf.obj
 0004:00000aa4       $pdata$_isatty             0000000180019aa4     libucrt:isatty.obj
 0004:00000ab0       $pdata$?__mbrtowc_utf8@__crt_mbstring@@YA_KPEA_WPEBD_KPEAU_Mbstatet@@@Z 0000000180019ab0     libucrt:mbrtowc.obj
 0004:00000abc       $pdata$?__mbsrtowcs_utf8@__crt_mbstring@@YA_KPEA_WPEAPEBD_KPEAU_Mbstatet@@@Z 0000000180019abc     libucrt:mbrtowc.obj
 0004:00000ac8       $pdata$??$common_lseek_nolock@_J@@YA_JH_JH@Z 0000000180019ac8     libucrt:lseek.obj
 0004:00000ad4       $pdata$_putwch_nolock      0000000180019ad4     libucrt:putwch.obj
 0004:00000ae0       $pdata$_fclose_nolock      0000000180019ae0     libucrt:fclose.obj
 0004:00000aec       $pdata$fclose              0000000180019aec     libucrt:fclose.obj
 0004:00000af8       $pdata$?__mbrtoc32_utf8@__crt_mbstring@@YA_KPEA_UPEBD_KPEAU_Mbstatet@@@Z 0000000180019af8     libucrt:mbrtoc32.obj
 0004:00000b10       $pdata$__dcrt_lowio_ensure_console_output_initialized 0000000180019b10     libucrt:initcon.obj
 0004:00000b1c       $pdata$__dcrt_terminate_console_output 0000000180019b1c     libucrt:initcon.obj
 0004:00000b28       $pdata$__dcrt_write_console 0000000180019b28     libucrt:initcon.obj
 0004:00000b34       $pdata$??$?RV<lambda_751a882b2c74d4b022dec766aa51a29a>@@AEAV<lambda_628dfdc04ba53c8bfc02c9951375f3f5>@@V<lambda_f6c7be5f7998530c34de24c7437d6b54>@@@?$__crt_seh_guarded_call@H@@QEAAH$$QEAV<lambda_751a882b2c74d4b022dec766aa51a29a>@@AEAV<lambda_628dfdc04ba53c8bfc02c9951375f3f5>@@$$QEAV<lambda_f6c7be5f7998530c34de24c7437d6b54>@@@Z 0000000180019b34     libucrt:close.obj
 0004:00000b40       $pdata$_close              0000000180019b40     libucrt:close.obj
 0004:00000b4c       $pdata$_close_nolock       0000000180019b4c     libucrt:close.obj
 0004:00000b58       $pdata$_call_matherr       0000000180019b58     libucrt:libm_error.obj
 0004:00000b64       $pdata$_exception_enabled  0000000180019b64     libucrt:libm_error.obj
 0004:00000b70       $pdata$_handle_error       0000000180019b70     libucrt:libm_error.obj
 0004:00000b7c       $pdata$__acrt_initialize_fma3 0000000180019b7c     libucrt:fma3_available.obj
 0004:00000b88       $pdata$_log10_special      0000000180019b88     libucrt:log_special.obj
 0004:00000b94       $pdata$_log_special_common 0000000180019b94     libucrt:log_special.obj
 0004:00000bac       $pdata$_raise_exc          0000000180019bac     libucrt:fpexcept.obj
 0004:00000bb8       $pdata$_raise_exc_ex       0000000180019bb8     libucrt:fpexcept.obj
 0004:00000bc4       $pdata$_set_errno_from_matherr 0000000180019bc4     libucrt:fpexcept.obj
 0004:00000bd0       $pdata$_clrfp              0000000180019bd0     libucrt:fpctrl.obj
 0004:00000bdc       $pdata$_ctrlfp             0000000180019bdc     libucrt:fpctrl.obj
 0004:00000be8       $pdata$_set_statfp         0000000180019be8     libucrt:fpctrl.obj
 0004:00000bf4       $pdata$_statfp             0000000180019bf4     libucrt:fpctrl.obj
 0004:00000c00       $pdata$_IsNonwritableInCurrentImage 0000000180019c00     LIBCMT:pesect.obj
 0004:00000c0c       $pdata$__GSHandlerCheck    0000000180019c0c     LIBCMT:gshandler.obj
 0004:00000c18       $pdata$__GSHandlerCheckCommon 0000000180019c18     LIBCMT:gshandler.obj
 0004:00000c48       $pdata$?fin$0@?0??dllmain_crt_process_attach@@YAHQEAUHINSTANCE__@@QEAX@Z@4HA 0000000180019c48     LIBCMT:dll_dllmain.obj
 0004:00000c54       $pdata$?fin$0@?0??dllmain_crt_process_detach@@YAH_N@Z@4HA 0000000180019c54     LIBCMT:dll_dllmain.obj
 0004:00000c60       $pdata$?filt$0@?0??dllmain_dispatch@@YAHQEAUHINSTANCE__@@KQEAX@Z@4HA 0000000180019c60     LIBCMT:dll_dllmain.obj
 0004:00000c6c       $pdata$__scrt_is_nonwritable_in_current_image$filt$0 0000000180019c6c     LIBCMT:utility.obj
 0004:00000c78       $pdata$__DestructExceptionObject$filt$0 0000000180019c78     libvcruntime:ehhelpers.obj
 0004:00000c84       $pdata$?fin$0@?0???$?RV<lambda_efdfa57d1f175319df784efa44bb7b81>@@AEAV<lambda_5f0a4c1567f8adc6734073e5d1e1b35c>@@V<lambda_2e8a7d3640ea6ccb4c2413664c2db6fd>@@@?$__crt_seh_guarded_call@X@@QEAAX$$QEAV<lambda_efdfa57d1f175319df784efa44bb7b81>@@AEAV<lambda_5f0a4c1567f8adc6734073e5d1e1b35c>@@$$QEAV<lambda_2e8a7d3640ea6ccb4c2413664c2db6fd>@@@Z@4HA 0000000180019c84     libucrt:mbctype.obj
 0004:00000c84       $pdata$?fin$0@?0???$?RV<lambda_7777bce6b2f8c936911f934f8298dc43>@@AEAV<lambda_f03950bc5685219e0bcd2087efbe011e>@@V<lambda_3883c3dff614d5e0c5f61bb1ac94921c>@@@?$__crt_seh_guarded_call@H@@QEAAH$$QEAV<lambda_7777bce6b2f8c936911f934f8298dc43>@@AEAV<lambda_f03950bc5685219e0bcd2087efbe011e>@@$$QEAV<lambda_3883c3dff614d5e0c5f61bb1ac94921c>@@@Z@4HA 0000000180019c84     libucrt:onexit.obj
 0004:00000c84       $pdata$?fin$0@?0???$?RV<lambda_0ae27a3a962d80f24befdcbee591983d>@@AEAV<lambda_8d0ee55de4b1038c4002e0adecdf1839>@@V<lambda_dc504788e8f1664fe9b84e20bfb512f2>@@@?$__crt_seh_guarded_call@X@@QEAAX$$QEAV<lambda_0ae27a3a962d80f24befdcbee591983d>@@AEAV<lambda_8d0ee55de4b1038c4002e0adecdf1839>@@$$QEAV<lambda_dc504788e8f1664fe9b84e20bfb512f2>@@@Z@4HA 0000000180019c84     libucrt:per_thread_data.obj
 0004:00000c84       $pdata$?fin$0@?0???$?RV<lambda_aa87e3671a710a21b5dc78c0bdf72e11>@@AEAV<lambda_92619d2358a28f41a33ba319515a20b9>@@V<lambda_6992ecaafeb10aed2b74cb1fae11a551>@@@?$__crt_seh_guarded_call@X@@QEAAX$$QEAV<lambda_aa87e3671a710a21b5dc78c0bdf72e11>@@AEAV<lambda_92619d2358a28f41a33ba319515a20b9>@@$$QEAV<lambda_6992ecaafeb10aed2b74cb1fae11a551>@@@Z@4HA 0000000180019c84     libucrt:per_thread_data.obj
 0004:00000c84       $pdata$?fin$0@?0???$?RV<lambda_f2e299630e499de9f9a165e60fcd3db5>@@AEAV<lambda_2ae9d31cdba2644fcbeaf08da7c24588>@@V<lambda_40d01ff24d0e7b3814fdbdcee8eab3c7>@@@?$__crt_seh_guarded_call@X@@QEAAX$$QEAV<lambda_f2e299630e499de9f9a165e60fcd3db5>@@AEAV<lambda_2ae9d31cdba2644fcbeaf08da7c24588>@@$$QEAV<lambda_40d01ff24d0e7b3814fdbdcee8eab3c7>@@@Z@4HA 0000000180019c84     libucrt:per_thread_data.obj
 0004:00000c84       $pdata$?fin$0@?0???$?RV<lambda_2d41944a1d46af3157314b8a01080d33>@@AEAV<lambda_8f455de75cd7d7f24b4096f044d8b9e6>@@V<lambda_aa500f224e6afead328df44964fe2772>@@@?$__crt_seh_guarded_call@X@@QEAAX$$QEAV<lambda_2d41944a1d46af3157314b8a01080d33>@@AEAV<lambda_8f455de75cd7d7f24b4096f044d8b9e6>@@$$QEAV<lambda_aa500f224e6afead328df44964fe2772>@@@Z@4HA 0000000180019c84     libucrt:per_thread_data.obj
 0004:00000c84       $pdata$?fin$0@?0???$?RV<lambda_d80eeec6fff315bfe5c115232f3240e3>@@AEAV<lambda_6e4b09c48022b2350581041d5f6b0c4c>@@V<lambda_2358e3775559c9db80273638284d5e45>@@@?$__crt_seh_guarded_call@X@@QEAAX$$QEAV<lambda_d80eeec6fff315bfe5c115232f3240e3>@@AEAV<lambda_6e4b09c48022b2350581041d5f6b0c4c>@@$$QEAV<lambda_2358e3775559c9db80273638284d5e45>@@@Z@4HA 0000000180019c84     libucrt:exit.obj
 0004:00000c84       $pdata$?fin$0@?0???$?RV<lambda_450d765d439847d4c735a33c368b5fc0>@@AEAV<lambda_44731a7d0e6d81c3e6aa82d741081786>@@V<lambda_601a2a7da3b7a96e9554ac7215c4b07c>@@@?$__crt_seh_guarded_call@P6AXH@Z@@QEAAP6AXH@Z$$QEAV<lambda_450d765d439847d4c735a33c368b5fc0>@@AEAV<lambda_44731a7d0e6d81c3e6aa82d741081786>@@$$QEAV<lambda_601a2a7da3b7a96e9554ac7215c4b07c>@@@Z@4HA 0000000180019c84     libucrt:signal.obj
 0004:00000c90       $pdata$?filt$0@?0???R<lambda_6e4b09c48022b2350581041d5f6b0c4c>@@QEBA@XZ@4HA 0000000180019c90     libucrt:exit.obj
 0004:00000c9c       $pdata$?fin$0@?0???$?RV<lambda_410d79af7f07d98d83a3f525b3859a53>@@AEAV<lambda_3e16ef9562a7dcce91392c22ab16ea36>@@V<lambda_38119f0e861e05405d8a144b9b982f0a>@@@?$__crt_seh_guarded_call@X@@QEAAX$$QEAV<lambda_410d79af7f07d98d83a3f525b3859a53>@@AEAV<lambda_3e16ef9562a7dcce91392c22ab16ea36>@@$$QEAV<lambda_38119f0e861e05405d8a144b9b982f0a>@@@Z@4HA 0000000180019c9c     libucrt:wsetlocale.obj
 0004:00000ca8       $pdata$?fin$0@?0??update_thread_multibyte_data_internal@@YAPEAU__crt_multibyte_data@@QEAU__acrt_ptd@@QEAPEAU1@@Z@4HA 0000000180019ca8     libucrt:mbctype.obj
 0004:00000cb4       $pdata$__acrt_initialize_lowio$fin$0 0000000180019cb4     libucrt:ioinit.obj
 0004:00000cb4       $pdata$__acrt_lowio_ensure_fh_exists$fin$0 0000000180019cb4     libucrt:osfinfo.obj
 0004:00000cc0       $pdata$_query_new_handler$fin$0 0000000180019cc0     libucrt:new_handler.obj
 0004:00000ccc       $pdata$raise$fin$0         0000000180019ccc     libucrt:signal.obj
 0004:00000cd8       $pdata$?fin$0@?0???$?RV<lambda_842d9ff0dc9ef11c61343bbaebe7f885>@@AEAV<lambda_c5860995281e5c4ce005b3de8f5874ee>@@V<lambda_d90129c13df834fdcbf8d2b88dafcf2d>@@@?$__crt_seh_guarded_call@X@@QEAAX$$QEAV<lambda_842d9ff0dc9ef11c61343bbaebe7f885>@@AEAV<lambda_c5860995281e5c4ce005b3de8f5874ee>@@$$QEAV<lambda_d90129c13df834fdcbf8d2b88dafcf2d>@@@Z@4HA 0000000180019cd8     libucrt:fflush.obj
 0004:00000ce4       $pdata$?fin$0@?0???$?RV<lambda_886d6c58226a84441f68b9f2b8217b83>@@AEAV<lambda_ab61a845afdef5b7c387490eaf3616ee>@@V<lambda_f7f22ab5edc0698d5f6905b0d3f44752>@@@?$__crt_seh_guarded_call@X@@QEAAX$$QEAV<lambda_886d6c58226a84441f68b9f2b8217b83>@@AEAV<lambda_ab61a845afdef5b7c387490eaf3616ee>@@$$QEAV<lambda_f7f22ab5edc0698d5f6905b0d3f44752>@@@Z@4HA 0000000180019ce4     libucrt:fflush.obj
 0004:00000cf0       $pdata$__acrt_update_thread_locale_data$fin$0 0000000180019cf0     libucrt:locale_refcounting.obj
 0004:00000cfc       $pdata$?fin$0@?0???$?RV<lambda_a37b2b86f63e897a80ea819b0eb08c01>@@AEAV<lambda_38ce7e780aa69e748d6df282ebc68efe>@@V<lambda_99fb1378e971ab6e7edea83e3a7a83a2>@@@?$__crt_seh_guarded_call@H@@QEAAH$$QEAV<lambda_a37b2b86f63e897a80ea819b0eb08c01>@@AEAV<lambda_38ce7e780aa69e748d6df282ebc68efe>@@$$QEAV<lambda_99fb1378e971ab6e7edea83e3a7a83a2>@@@Z@4HA 0000000180019cfc     libucrt:commit.obj
 0004:00000cfc       $pdata$?fin$0@?0???$?RV<lambda_751a882b2c74d4b022dec766aa51a29a>@@AEAV<lambda_628dfdc04ba53c8bfc02c9951375f3f5>@@V<lambda_f6c7be5f7998530c34de24c7437d6b54>@@@?$__crt_seh_guarded_call@H@@QEAAH$$QEAV<lambda_751a882b2c74d4b022dec766aa51a29a>@@AEAV<lambda_628dfdc04ba53c8bfc02c9951375f3f5>@@$$QEAV<lambda_f6c7be5f7998530c34de24c7437d6b54>@@@Z@4HA 0000000180019cfc     libucrt:close.obj
 0004:00000d08       $pdata$_write$fin$0        0000000180019d08     libucrt:write.obj
 0004:00000d14       $pdata$_fcloseall$fin$0    0000000180019d14     libucrt:closeall.obj
 0004:00000d20       $pdata$fclose$fin$0        0000000180019d20     libucrt:fclose.obj
 0004:00000d2c       $pdata$_ctrlfp$filt$0      0000000180019d2c     libucrt:fpctrl.obj
 0004:00000d38       $pdata$_IsNonwritableInCurrentImage$filt$0 0000000180019d38     LIBCMT:pesect.obj
 0005:00000060       $R000000                   000000018001a060     * linker generated manifest res *

 Exports

  ordinal    name

        1    _register_win32ipc_
